C:\Redes\frdmk64f_flexcan_loopback_HOST\CMSIS/core_cm4.h:1679:22:__NVIC_EnableIRQ	16	static
C:\Redes\frdmk64f_flexcan_loopback_HOST\drivers/fsl_common_arm.h:499:24:EnableIRQ	24	static
C:\Redes\frdmk64f_flexcan_loopback_HOST\drivers/fsl_flexcan.h:1482:24:FLEXCAN_GetMbStatusFlags	16	static
C:\Redes\frdmk64f_flexcan_loopback_HOST\drivers/fsl_flexcan.h:1504:20:FLEXCAN_ClearMbStatusFlags	16	static
C:\Redes\frdmk64f_flexcan_loopback_HOST\drivers/fsl_flexcan.h:1674:20:FLEXCAN_EnableMbInterrupts	16	static
../source/flexcan_loopback.c:67:6:CAN0_ORed_Message_buffer_IRQHandler	32	static
../source/flexcan_loopback.c:106:6:HardwareInit	32	static
../source/flexcan_loopback.c:155:6:CAN_Task	8	static
../source/flexcan_loopback.c:188:13:vTimerCallback	16	static
../source/flexcan_loopback.c:255:5:main	24	static
