D:\MPO\ITESO\9_semestre\Redes\programas\frdmk64f_flexcan_loopback_CLIENT.zip_expanded\frdmk64f_flexcan_loopback_CLIENT\CMSIS/core_cm4.h:1679:22:__NVIC_EnableIRQ	16	static
D:\MPO\ITESO\9_semestre\Redes\programas\frdmk64f_flexcan_loopback_CLIENT.zip_expanded\frdmk64f_flexcan_loopback_CLIENT\drivers/fsl_common_arm.h:499:24:EnableIRQ	24	static
D:\MPO\ITESO\9_semestre\Redes\programas\frdmk64f_flexcan_loopback_CLIENT.zip_expanded\frdmk64f_flexcan_loopback_CLIENT\drivers/fsl_flexcan.h:1482:24:FLEXCAN_GetMbStatusFlags	16	static
D:\MPO\ITESO\9_semestre\Redes\programas\frdmk64f_flexcan_loopback_CLIENT.zip_expanded\frdmk64f_flexcan_loopback_CLIENT\drivers/fsl_flexcan.h:1504:20:FLEXCAN_ClearMbStatusFlags	16	static
D:\MPO\ITESO\9_semestre\Redes\programas\frdmk64f_flexcan_loopback_CLIENT.zip_expanded\frdmk64f_flexcan_loopback_CLIENT\drivers/fsl_flexcan.h:1674:20:FLEXCAN_EnableMbInterrupts	16	static
../source/flexcan_loopback_client.c:53:6:CAN0_ORed_Message_buffer_IRQHandler	16	static
../source/flexcan_loopback_client.c:89:6:HardwareInit	32	static
../source/flexcan_loopback_client.c:149:6:CAN_Task	8	static
../source/flexcan_loopback_client.c:182:5:main	16	static
