19:36:27 **** Incremental Build of configuration Debug for project frdmk64f_lwip_tcpecho_freertos ****
make -r -j8 all 
make[1]: Nothing to be done for 'main-build'.
Performing post-build steps
arm-none-eabi-size "frdmk64f_lwip_tcpecho_freertos.axf"; # arm-none-eabi-objcopy -v -O binary "frdmk64f_lwip_tcpecho_freertos.axf" "frdmk64f_lwip_tcpecho_freertos.bin" ; # checksum -p MK64FN1M0xxx12 -d "frdmk64f_lwip_tcpecho_freertos.bin";
   text	   data	    bss	    dec	    hex	filename
 113136	     64	  95088	 208288	  32da0	frdmk64f_lwip_tcpecho_freertos.axf
 

19:36:28 Build Finished. 0 errors, 0 warnings. (took 802ms)

