21:03:10 **** Incremental Build of configuration Debug for project frdmk64f_lwip_tcpecho_freertos ****
make -r -j8 all 
make[1]: Nothing to be done for 'main-build'.
Performing post-build steps
arm-none-eabi-size "frdmk64f_lwip_tcpecho_freertos.axf"; # arm-none-eabi-objcopy -v -O binary "frdmk64f_lwip_tcpecho_freertos.axf" "frdmk64f_lwip_tcpecho_freertos.bin" ; # checksum -p MK64FN1M0xxx12 -d "frdmk64f_lwip_tcpecho_freertos.bin";
   text	   data	    bss	    dec	    hex	filename
 113016	     64	  95088	 208168	  32d28	frdmk64f_lwip_tcpecho_freertos.axf
 

21:03:11 Build Finished. 0 errors, 0 warnings. (took 736ms)

