Archive member included to satisfy reference by file (symbol)

c:/nxp/mcuxpressoide_11.6.0_8187/ide/plugins/com.nxp.mcuxpresso.tools.win32_11.6.0.202112161359/tools/bin/../lib/gcc/arm-none-eabi/10.3.1/../../../../arm-none-eabi/lib/thumb/v7e-m+fp/hard\libcr_nohost_nf.a(_cr__main.o)
                              ./startup/startup_mk64f12.o (__main)
c:/nxp/mcuxpressoide_11.6.0_8187/ide/plugins/com.nxp.mcuxpresso.tools.win32_11.6.0.202112161359/tools/bin/../lib/gcc/arm-none-eabi/10.3.1/../../../../arm-none-eabi/lib/thumb/v7e-m+fp/hard\libcr_c.a(memcpy.o)
                              ./utilities/fsl_debug_console.o (memcpy)
c:/nxp/mcuxpressoide_11.6.0_8187/ide/plugins/com.nxp.mcuxpresso.tools.win32_11.6.0.202112161359/tools/bin/../lib/gcc/arm-none-eabi/10.3.1/../../../../arm-none-eabi/lib/thumb/v7e-m+fp/hard\libcr_c.a(memset.o)
                              ./source/flexcan_loopback.o (memset)
c:/nxp/mcuxpressoide_11.6.0_8187/ide/plugins/com.nxp.mcuxpresso.tools.win32_11.6.0.202112161359/tools/bin/../lib/gcc/arm-none-eabi/10.3.1/../../../../arm-none-eabi/lib/thumb/v7e-m+fp/hard\libcr_c.a(alloc.o)
                              ./drivers/fsl_common.o (malloc)
c:/nxp/mcuxpressoide_11.6.0_8187/ide/plugins/com.nxp.mcuxpresso.tools.win32_11.6.0.202112161359/tools/bin/../lib/gcc/arm-none-eabi/10.3.1/../../../../arm-none-eabi/lib/thumb/v7e-m+fp/hard\libcr_c.a(initio.o)
                              c:/nxp/mcuxpressoide_11.6.0_8187/ide/plugins/com.nxp.mcuxpresso.tools.win32_11.6.0.202112161359/tools/bin/../lib/gcc/arm-none-eabi/10.3.1/../../../../arm-none-eabi/lib/thumb/v7e-m+fp/hard\libcr_nohost_nf.a(_cr__main.o) (_initio)
c:/nxp/mcuxpressoide_11.6.0_8187/ide/plugins/com.nxp.mcuxpresso.tools.win32_11.6.0.202112161359/tools/bin/../lib/gcc/arm-none-eabi/10.3.1/../../../../arm-none-eabi/lib/thumb/v7e-m+fp/hard\libcr_c.a(setvbuf.o)
                              c:/nxp/mcuxpressoide_11.6.0_8187/ide/plugins/com.nxp.mcuxpresso.tools.win32_11.6.0.202112161359/tools/bin/../lib/gcc/arm-none-eabi/10.3.1/../../../../arm-none-eabi/lib/thumb/v7e-m+fp/hard\libcr_c.a(initio.o) (setvbuf)
c:/nxp/mcuxpressoide_11.6.0_8187/ide/plugins/com.nxp.mcuxpresso.tools.win32_11.6.0.202112161359/tools/bin/../lib/gcc/arm-none-eabi/10.3.1/../../../../arm-none-eabi/lib/thumb/v7e-m+fp/hard\libcr_c.a(strlen.o)
                              ./utilities/fsl_debug_console.o (strlen)
c:/nxp/mcuxpressoide_11.6.0_8187/ide/plugins/com.nxp.mcuxpresso.tools.win32_11.6.0.202112161359/tools/bin/../lib/gcc/arm-none-eabi/10.3.1/../../../../arm-none-eabi/lib/thumb/v7e-m+fp/hard\libcr_c.a(__init_alloc.o)
                              c:/nxp/mcuxpressoide_11.6.0_8187/ide/plugins/com.nxp.mcuxpresso.tools.win32_11.6.0.202112161359/tools/bin/../lib/gcc/arm-none-eabi/10.3.1/../../../../arm-none-eabi/lib/thumb/v7e-m+fp/hard\libcr_c.a(alloc.o) (__heaps)
c:/nxp/mcuxpressoide_11.6.0_8187/ide/plugins/com.nxp.mcuxpresso.tools.win32_11.6.0.202112161359/tools/bin/../lib/gcc/arm-none-eabi/10.3.1/../../../../arm-none-eabi/lib/thumb/v7e-m+fp/hard\libcr_c.a(_cr_sbrk.o)
                              c:/nxp/mcuxpressoide_11.6.0_8187/ide/plugins/com.nxp.mcuxpresso.tools.win32_11.6.0.202112161359/tools/bin/../lib/gcc/arm-none-eabi/10.3.1/../../../../arm-none-eabi/lib/thumb/v7e-m+fp/hard\libcr_c.a(alloc.o) (_sbrk)
c:/nxp/mcuxpressoide_11.6.0_8187/ide/plugins/com.nxp.mcuxpresso.tools.win32_11.6.0.202112161359/tools/bin/../lib/gcc/arm-none-eabi/10.3.1/../../../../arm-none-eabi/lib/thumb/v7e-m+fp/hard\libcr_c.a(_fdopen.o)
                              c:/nxp/mcuxpressoide_11.6.0_8187/ide/plugins/com.nxp.mcuxpresso.tools.win32_11.6.0.202112161359/tools/bin/../lib/gcc/arm-none-eabi/10.3.1/../../../../arm-none-eabi/lib/thumb/v7e-m+fp/hard\libcr_c.a(initio.o) (_fdopen)
c:/nxp/mcuxpressoide_11.6.0_8187/ide/plugins/com.nxp.mcuxpresso.tools.win32_11.6.0.202112161359/tools/bin/../lib/gcc/arm-none-eabi/10.3.1/../../../../arm-none-eabi/lib/thumb/v7e-m+fp/hard\libcr_c.a(errno.o)
                              c:/nxp/mcuxpressoide_11.6.0_8187/ide/plugins/com.nxp.mcuxpresso.tools.win32_11.6.0.202112161359/tools/bin/../lib/gcc/arm-none-eabi/10.3.1/../../../../arm-none-eabi/lib/thumb/v7e-m+fp/hard\libcr_c.a(_cr_sbrk.o) (errno)
c:/nxp/mcuxpressoide_11.6.0_8187/ide/plugins/com.nxp.mcuxpresso.tools.win32_11.6.0.202112161359/tools/bin/../lib/gcc/arm-none-eabi/10.3.1/../../../../arm-none-eabi/lib/thumb/v7e-m+fp/hard\libcr_c.a(fclose.o)
                              c:/nxp/mcuxpressoide_11.6.0_8187/ide/plugins/com.nxp.mcuxpresso.tools.win32_11.6.0.202112161359/tools/bin/../lib/gcc/arm-none-eabi/10.3.1/../../../../arm-none-eabi/lib/thumb/v7e-m+fp/hard\libcr_c.a(initio.o) (fclose)
c:/nxp/mcuxpressoide_11.6.0_8187/ide/plugins/com.nxp.mcuxpresso.tools.win32_11.6.0.202112161359/tools/bin/../lib/gcc/arm-none-eabi/10.3.1/../../../../arm-none-eabi/lib/thumb/v7e-m+fp/hard\libcr_c.a(fflush.o)
[...]
Memory Configuration

Name             Origin             Length             Attributes
PROGRAM_FLASH    0x00000000         0x00100000         xr
SRAM_UPPER       0x20000000         0x00030000         xrw
SRAM_LOWER       0x1fff0000         0x00010000         xrw
FLEX_RAM         0x14000000         0x00001000         xrw
*default*        0x00000000         0xffffffff

Linker script and memory map

LOAD ./utilities/fsl_assert.o
LOAD ./utilities/fsl_debug_console.o
LOAD ./startup/startup_mk64f12.o
LOAD ./source/flexcan_loopback.o
LOAD ./source/semihost_hardfault.o
LOAD ./drivers/fsl_clock.o
LOAD ./drivers/fsl_common.o
LOAD ./drivers/fsl_common_arm.o
LOAD ./drivers/fsl_flexcan.o
LOAD ./drivers/fsl_ftfx_cache.o
LOAD ./drivers/fsl_ftfx_controller.o
LOAD ./drivers/fsl_ftfx_flash.o
LOAD ./drivers/fsl_ftfx_flexnvm.o
LOAD ./drivers/fsl_gpio.o
LOAD ./drivers/fsl_smc.o
LOAD ./drivers/fsl_uart.o
LOAD ./device/system_MK64F12.o
LOAD ./component/uart/fsl_adapter_uart.o
LOAD ./component/lists/fsl_component_generic_list.o
LOAD ./board/board.o
LOAD ./board/clock_config.o
LOAD ./board/pin_mux.o
START GROUP
LOAD c:/nxp/mcuxpressoide_11.6.0_8187/ide/plugins/com.nxp.mcuxpresso.tools.win32_11.6.0.202112161359/tools/bin/../lib/gcc/arm-none-eabi/10.3.1/../../../../arm-none-eabi/lib/thumb/v7e-m+fp/hard\libcr_nohost_nf.a
LOAD c:/nxp/mcuxpressoide_11.6.0_8187/ide/plugins/com.nxp.mcuxpresso.tools.win32_11.6.0.202112161359/tools/bin/../lib/gcc/arm-none-eabi/10.3.1/../../../../arm-none-eabi/lib/thumb/v7e-m+fp/hard\libcr_c.a
LOAD c:/nxp/mcuxpressoide_11.6.0_8187/ide/plugins/com.nxp.mcuxpresso.tools.win32_11.6.0.202112161359/tools/bin/../lib/gcc/arm-none-eabi/10.3.1/thumb/v7e-m+fp/hard\libcr_eabihelpers.a
LOAD c:/nxp/mcuxpressoide_11.6.0_8187/ide/plugins/com.nxp.mcuxpresso.tools.win32_11.6.0.202112161359/tools/bin/../lib/gcc/arm-none-eabi/10.3.1/thumb/v7e-m+fp/hard\libgcc.a
END GROUP
                0x00000000                __base_PROGRAM_FLASH = 0x0
                0x00000000                __base_Flash = 0x0
                0x00100000                __top_PROGRAM_FLASH = 0x100000
                0x00100000                __top_Flash = 0x100000
                0x20000000                __base_SRAM_UPPER = 0x20000000
                0x20000000                __base_RAM = 0x20000000
                0x20030000                __top_SRAM_UPPER = 0x20030000
                0x20030000                __top_RAM = 0x20030000
                0x1fff0000                __base_SRAM_LOWER = 0x1fff0000
                0x1fff0000                __base_RAM2 = 0x1fff0000
                0x20000000                __top_SRAM_LOWER = 0x20000000
                0x20000000                __top_RAM2 = 0x20000000
                0x14000000                __base_FLEX_RAM = 0x14000000
                0x14000000                __base_RAM3 = 0x14000000
                0x14001000                __top_FLEX_RAM = 0x14001000
                0x14001000                __top_RAM3 = 0x14001000

.text           0x00000000     0x43f8
 FILL mask 0xff
                0x00000000                __vectors_start__ = ABSOLUTE (.)
 *(SORT_BY_ALIGNMENT(.isr_vector))
 .isr_vector    0x00000000      0x198 ./startup/startup_mk64f12.o
                0x00000000                g_pfnVectors
                0x00000000                __Vectors
                0x00000198                . = ALIGN (0x4)
                0x00000198                __section_table_start = .
                0x00000198                __data_section_table = .
                0x00000198        0x4 LONG 0x43f8 LOADADDR (.data)
                0x0000019c        0x4 LONG 0x20000000 ADDR (.data)
                0x000001a0        0x4 LONG 0x10 SIZEOF (.data)
                0x000001a4        0x4 LONG 0x43f8 LOADADDR (.data_RAM2)
                0x000001a8        0x4 LONG 0x1fff0000 ADDR (.data_RAM2)
                0x000001ac        0x4 LONG 0x0 SIZEOF (.data_RAM2)
                0x000001b0        0x4 LONG 0x43f8 LOADADDR (.data_RAM3)
                0x000001b4        0x4 LONG 0x14000000 ADDR (.data_RAM3)
                0x000001b8        0x4 LONG 0x0 SIZEOF (.data_RAM3)
                0x000001bc                __data_section_table_end = .
                0x000001bc                __bss_section_table = .
                0x000001bc        0x4 LONG 0x20000010 ADDR (.bss)
                0x000001c0        0x4 LONG 0x120 SIZEOF (.bss)
                0x000001c4        0x4 LONG 0x1fff0000 ADDR (.bss_RAM2)
                0x000001c8        0x4 LONG 0x0 SIZEOF (.bss_RAM2)
                0x000001cc        0x4 LONG 0x14000000 ADDR (.bss_RAM3)
                0x000001d0        0x4 LONG 0x0 SIZEOF (.bss_RAM3)
                0x000001d4                __bss_section_table_end = .
                0x000001d4                __section_table_end = .
 *(SORT_BY_ALIGNMENT(.after_vectors*))
 .after_vectors.reset
                0x000001d4       0x4c ./startup/startup_mk64f12.o
                0x000001d4                ResetISR
 .after_vectors.init_data
                0x00000220       0x1e ./startup/startup_mk64f12.o
                0x00000220                data_init
 .after_vectors.init_bss
                0x0000023e       0x12 ./startup/startup_mk64f12.o
                0x0000023e                bss_init
 .after_vectors
                0x00000250       0x14 ./startup/startup_mk64f12.o
                0x00000250                NMI_Handler
                0x00000254                MemManage_Handler
                0x00000256                BusFault_Handler
                0x00000258                UsageFault_Handler
                0x0000025a                SVC_Handler
                0x0000025c                DebugMon_Handler
                0x0000025e                PendSV_Handler
                0x00000260                SysTick_Handler
                0x00000262                DMA_Error_DriverIRQHandler
                0x00000262                LPTMR0_DriverIRQHandler
                0x00000262                FTM1_DriverIRQHandler
                0x00000262                FTM2_DriverIRQHandler
                0x00000262                PIT2_DriverIRQHandler
                0x00000262                SDHC_DriverIRQHandler
                0x00000262                I2S0_Tx_DriverIRQHandler
                0x00000262                RTC_Seconds_DriverIRQHandler
                0x00000262                DMA6_DriverIRQHandler
                0x00000262                LLWU_DriverIRQHandler
                0x00000262                MCM_DriverIRQHandler
                0x00000262                MCG_DriverIRQHandler
                0x00000262                ENET_1588_Timer_DriverIRQHandler
                0x00000262                I2C2_DriverIRQHandler
                0x00000262                DAC1_DriverIRQHandler
                0x00000262                SPI1_DriverIRQHandler
                0x00000262                CMP1_DriverIRQHandler
                0x00000262                FTM0_DriverIRQHandler
                0x00000262                IntDefaultHandler
                0x00000262                USB0_DriverIRQHandler
                0x00000262                UART5_ERR_DriverIRQHandler
                0x00000262                PORTC_DriverIRQHandler
                0x00000262                DMA11_DriverIRQHandler
                0x00000262                DAC0_DriverIRQHandler
                0x00000262                DMA10_DriverIRQHandler
                0x00000262                CMP2_DriverIRQHandler
                0x00000262                UART2_ERR_DriverIRQHandler
                0x00000262                SPI2_DriverIRQHandler
                0x00000262                LVD_LVW_DriverIRQHandler
                0x00000262                DMA12_DriverIRQHandler
                0x00000262                RNG_DriverIRQHandler
                0x00000262                DMA5_DriverIRQHandler
                0x00000262                DMA4_DriverIRQHandler
                0x00000262                USBDCD_DriverIRQHandler
                0x00000262                UART3_ERR_DriverIRQHandler
                0x00000262                DMA3_DriverIRQHandler
                0x00000262                DMA8_DriverIRQHandler
                0x00000262                DMA9_DriverIRQHandler
                0x00000262                UART0_ERR_DriverIRQHandler
                0x00000262                CMT_DriverIRQHandler
                0x00000262                Reserved71_DriverIRQHandler
                0x00000262                ADC1_DriverIRQHandler
                0x00000262                PORTA_DriverIRQHandler
                0x00000262                DMA14_DriverIRQHandler
                0x00000262                PIT3_DriverIRQHandler
                0x00000262                PIT1_DriverIRQHandler
                0x00000262                WDOG_EWM_DriverIRQHandler
                0x00000262                PDB0_DriverIRQHandler
                0x00000262                RTC_DriverIRQHandler
                0x00000262                I2S0_Rx_DriverIRQHandler
                0x00000262                Read_Collision_DriverIRQHandler
                0x00000262                SWI_DriverIRQHandler
                0x00000262                UART4_ERR_DriverIRQHandler
                0x00000262                PORTB_DriverIRQHandler
                0x00000262                UART0_LON_DriverIRQHandler
                0x00000262                DMA0_DriverIRQHandler
                0x00000262                DMA1_DriverIRQHandler
                0x00000262                I2C1_DriverIRQHandler
                0x00000262                ENET_Receive_DriverIRQHandler
                0x00000262                DMA13_DriverIRQHandler
                0x00000262                ENET_Error_DriverIRQHandler
                0x00000262                DMA15_DriverIRQHandler
                0x00000262                SPI0_DriverIRQHandler
                0x00000262                ADC0_DriverIRQHandler
                0x00000262                CMP0_DriverIRQHandler
                0x00000262                FTM3_DriverIRQHandler
                0x00000262                PIT0_DriverIRQHandler
                0x00000262                UART1_ERR_DriverIRQHandler
                0x00000262                DMA2_DriverIRQHandler
                0x00000262                ENET_Transmit_DriverIRQHandler
                0x00000262                PORTD_DriverIRQHandler
                0x00000262                PORTE_DriverIRQHandler
                0x00000262                FTFE_DriverIRQHandler
                0x00000262                I2C0_DriverIRQHandler
                0x00000262                DMA7_DriverIRQHandler
                0x00000400                . = 0x400
 *fill*         0x00000264      0x19c ff
                0x00000400                PROVIDE (__FLASH_CONFIG_START__ = .)
 *(SORT_BY_ALIGNMENT(.FlashConfig))
 .FlashConfig   0x00000400       0x10 ./startup/startup_mk64f12.o
                0x00000400                Flash_Config
                0x00000410                PROVIDE (__FLASH_CONFIG_END__ = .)
                0x00000001                ASSERT (! ((__FLASH_CONFIG_START__ == __FLASH_CONFIG_END__)), Linker Flash Config Support Enabled, but no .FlashConfig section provided within application)
 *(SORT_BY_ALIGNMENT(.text*))
 .text.__assertion_failed
                0x00000410       0x18 ./utilities/fsl_assert.o
                0x00000410                __assertion_failed
 .text.DbgConsole_Init
                0x00000428       0x74 ./utilities/fsl_debug_console.o
                0x00000428                DbgConsole_Init
 .text.DbgConsole_Vprintf
                0x0000049c       0x3c ./utilities/fsl_debug_console.o
                0x0000049c                DbgConsole_Vprintf
 .text.DbgConsole_Putchar
                0x000004d8       0x30 ./utilities/fsl_debug_console.o
                0x000004d8                DbgConsole_Putchar
 .text.DbgConsole_PrintfFormattedData
                0x00000508      0x3e0 ./utilities/fsl_debug_console.o
 .text.__NVIC_EnableIRQ
                0x000008e8       0x3c ./source/flexcan_loopback.o
 .text.CAN0_ORed_Message_buffer_IRQHandler
                0x00000924       0x54 ./source/flexcan_loopback.o
                0x00000924                CAN0_ORed_Message_buffer_IRQHandler
 .text.main     0x00000978      0x1a0 ./source/flexcan_loopback.o
                0x00000978                main
 .text.CLOCK_SetEr32kClock
                0x00000b18       0x30 ./drivers/fsl_clock.o
 .text.CLOCK_SetPllFllSelClock
                0x00000b48       0x38 ./drivers/fsl_clock.o
 .text.CLOCK_GetMcgExtClkFreq
                0x00000b80       0x7c ./drivers/fsl_clock.o
 .text.CLOCK_GetFllExtRefClkFreq
                0x00000bfc       0xb0 ./drivers/fsl_clock.o
 .text.CLOCK_GetInternalRefClkSelectFreq
                0x00000cac       0x4c ./drivers/fsl_clock.o
 .text.CLOCK_GetFllRefClkFreq
                0x00000cf8       0x34 ./drivers/fsl_clock.o
 .text.CLOCK_GetOscRangeFromFreq
                0x00000d2c       0x3c ./drivers/fsl_clock.o
 .text.CLOCK_GetOsc0ErClkFreq
                0x00000d68       0x44 ./drivers/fsl_clock.o
                0x00000d68                CLOCK_GetOsc0ErClkFreq
 .text.CLOCK_GetEr32kClkFreq
                0x00000dac       0x74 ./drivers/fsl_clock.o
                0x00000dac                CLOCK_GetEr32kClkFreq
 .text.CLOCK_GetPllFllSelClkFreq
                0x00000e20       0x54 ./drivers/fsl_clock.o
                0x00000e20                CLOCK_GetPllFllSelClkFreq
 .text.CLOCK_GetCoreSysClkFreq
                0x00000e74       0x28 ./drivers/fsl_clock.o
                0x00000e74                CLOCK_GetCoreSysClkFreq
 .text.CLOCK_GetFreq
                0x00000e9c      0x140 ./drivers/fsl_clock.o
                0x00000e9c                CLOCK_GetFreq
 .text.CLOCK_SetSimConfig
                0x00000fdc       0x34 ./drivers/fsl_clock.o
                0x00000fdc                CLOCK_SetSimConfig
 .text.CLOCK_GetOutClkFreq
                0x00001010       0x64 ./drivers/fsl_clock.o
                0x00001010                CLOCK_GetOutClkFreq
 .text.CLOCK_GetFllFreq
                0x00001074       0x84 ./drivers/fsl_clock.o
                0x00001074                CLOCK_GetFllFreq
 .text.CLOCK_GetInternalRefClkFreq
                0x000010f8       0x30 ./drivers/fsl_clock.o
                0x000010f8                CLOCK_GetInternalRefClkFreq
 .text.CLOCK_GetPll0Freq
                0x00001128       0x78 ./drivers/fsl_clock.o
                0x00001128                CLOCK_GetPll0Freq
 .text.CLOCK_SetExternalRefClkConfig
                0x000011a0       0x6c ./drivers/fsl_clock.o
                0x000011a0                CLOCK_SetExternalRefClkConfig
 .text.CLOCK_SetInternalRefClkConfig
                0x0000120c      0x104 ./drivers/fsl_clock.o
                0x0000120c                CLOCK_SetInternalRefClkConfig
 .text.CLOCK_EnablePll0
                0x00001310       0x88 ./drivers/fsl_clock.o
                0x00001310                CLOCK_EnablePll0
 .text.CLOCK_InitOsc0
                0x00001398       0x8c ./drivers/fsl_clock.o
                0x00001398                CLOCK_InitOsc0
 .text.CLOCK_SetPbeMode
                0x00001424       0xa8 ./drivers/fsl_clock.o
                0x00001424                CLOCK_SetPbeMode
 .text.CLOCK_BootToPeeMode
                0x000014cc       0x64 ./drivers/fsl_clock.o
                0x000014cc                CLOCK_BootToPeeMode
 .text.FLEXCAN_GetInstance
                0x00001530       0x44 ./drivers/fsl_flexcan.o
                0x00001530                FLEXCAN_GetInstance
 .text.FLEXCAN_Reset
                0x00001574       0xbc ./drivers/fsl_flexcan.o
 .text.FLEXCAN_SetBitRate
                0x00001630       0xb0 ./drivers/fsl_flexcan.o
 .text.FLEXCAN_Init
                0x000016e0      0x1a0 ./drivers/fsl_flexcan.o
                0x000016e0                FLEXCAN_Init
 .text.FLEXCAN_GetDefaultConfig
                0x00001880       0x88 ./drivers/fsl_flexcan.o
                0x00001880                FLEXCAN_GetDefaultConfig
 .text.FLEXCAN_SetTimingConfig
                0x00001908       0x7c ./drivers/fsl_flexcan.o
                0x00001908                FLEXCAN_SetTimingConfig
 .text.FLEXCAN_SetTxMbConfig
                0x00001984       0xa4 ./drivers/fsl_flexcan.o
                0x00001984                FLEXCAN_SetTxMbConfig
 .text.FLEXCAN_GetSegments
                0x00001a28      0x19c ./drivers/fsl_flexcan.o
 .text.FLEXCAN_CalculateImprovedTimingValues
                0x00001bc4      0x10c ./drivers/fsl_flexcan.o
                0x00001bc4                FLEXCAN_CalculateImprovedTimingValues
 .text.FLEXCAN_SetRxMbConfig
                0x00001cd0       0xf8 ./drivers/fsl_flexcan.o
                0x00001cd0                FLEXCAN_SetRxMbConfig
 .text.FLEXCAN_WriteTxMb
                0x00001dc8      0x148 ./drivers/fsl_flexcan.o
                0x00001dc8                FLEXCAN_WriteTxMb
 .text.FLEXCAN_ReadRxMb
                0x00001f10      0x124 ./drivers/fsl_flexcan.o
                0x00001f10                FLEXCAN_ReadRxMb
 .text.CAN0_DriverIRQHandler
                0x00002034       0x3c ./drivers/fsl_flexcan.o
                0x00002034                CAN0_DriverIRQHandler
 .text.UART_GetInstance
                0x00002070       0x54 ./drivers/fsl_uart.o
                0x00002070                UART_GetInstance
 .text.UART_Init
                0x000020c4      0x2f4 ./drivers/fsl_uart.o
                0x000020c4                UART_Init
 .text.UART_GetDefaultConfig
                0x000023b8       0x68 ./drivers/fsl_uart.o
                0x000023b8                UART_GetDefaultConfig
 .text.UART_ReadBlocking
                0x00002420       0xfc ./drivers/fsl_uart.o
                0x00002420                UART_ReadBlocking
 .text.UART0_DriverIRQHandler
                0x0000251c       0x28 ./drivers/fsl_uart.o
                0x0000251c                UART0_DriverIRQHandler
 .text.UART1_DriverIRQHandler
                0x00002544       0x28 ./drivers/fsl_uart.o
                0x00002544                UART1_DriverIRQHandler
 .text.UART2_DriverIRQHandler
                0x0000256c       0x28 ./drivers/fsl_uart.o
                0x0000256c                UART2_DriverIRQHandler
 .text.UART3_DriverIRQHandler
                0x00002594       0x28 ./drivers/fsl_uart.o
                0x00002594                UART3_DriverIRQHandler
 .text.UART4_DriverIRQHandler
                0x000025bc       0x28 ./drivers/fsl_uart.o
                0x000025bc                UART4_DriverIRQHandler
 .text.UART5_DriverIRQHandler
                0x000025e4       0x28 ./drivers/fsl_uart.o
                0x000025e4                UART5_DriverIRQHandler
 .text.SystemInit
                0x0000260c       0x3c ./device/system_MK64F12.o
                0x0000260c                SystemInit
 .text.HAL_UartInit
                0x00002648      0x128 ./component/uart/fsl_adapter_uart.o
                0x00002648                HAL_UartInit
 .text.HAL_UartReceiveBlocking
                0x00002770       0x6c ./component/uart/fsl_adapter_uart.o
                0x00002770                HAL_UartReceiveBlocking
 .text.HAL_UartSendBlocking
                0x000027dc       0x64 ./component/uart/fsl_adapter_uart.o
                0x000027dc                HAL_UartSendBlocking
 .text.CLOCK_SetSimSafeDivs
                0x00002840       0x20 ./board/clock_config.o
 .text.CLOCK_SetXtal0Freq
                0x00002860       0x20 ./board/clock_config.o
 .text.CLOCK_CONFIG_SetFllExtRefDiv
                0x00002880       0x3c ./board/clock_config.o
 .text.BOARD_BootClockRUN
                0x000028bc       0x60 ./board/clock_config.o
                0x000028bc                BOARD_BootClockRUN
 .text.BOARD_InitPins
                0x0000291c       0x44 ./board/pin_mux.o
                0x0000291c                BOARD_InitPins
 .text._initio  0x00002960       0x78 c:/nxp/mcuxpressoide_11.6.0_8187/ide/plugins/com.nxp.mcuxpresso.tools.win32_11.6.0.202112161359/tools/bin/../lib/gcc/arm-none-eabi/10.3.1/../../../../arm-none-eabi/lib/thumb/v7e-m+fp/hard\libcr_c.a(initio.o)
                0x00002960                _initio
 .text.fflush   0x000029d8       0x3c c:/nxp/mcuxpressoide_11.6.0_8187/ide/plugins/com.nxp.mcuxpresso.tools.win32_11.6.0.202112161359/tools/bin/../lib/gcc/arm-none-eabi/10.3.1/../../../../arm-none-eabi/lib/thumb/v7e-m+fp/hard\libcr_c.a(fflush.o)
                0x000029d8                fflush
 .text.fseek    0x00002a14       0xfc c:/nxp/mcuxpressoide_11.6.0_8187/ide/plugins/com.nxp.mcuxpresso.tools.win32_11.6.0.202112161359/tools/bin/../lib/gcc/arm-none-eabi/10.3.1/../../../../arm-none-eabi/lib/thumb/v7e-m+fp/hard\libcr_c.a(fseek.o)
                0x00002a14                fseek
 .text.ftell    0x00002b10       0x44 c:/nxp/mcuxpressoide_11.6.0_8187/ide/plugins/com.nxp.mcuxpresso.tools.win32_11.6.0.202112161359/tools/bin/../lib/gcc/arm-none-eabi/10.3.1/../../../../arm-none-eabi/lib/thumb/v7e-m+fp/hard\libcr_c.a(ftell.o)
                0x00002b10                ftell
 .text._Cwritebuf
                0x00002b54       0x6c c:/nxp/mcuxpressoide_11.6.0_8187/ide/plugins/com.nxp.mcuxpresso.tools.win32_11.6.0.202112161359/tools/bin/../lib/gcc/arm-none-eabi/10.3.1/../../../../arm-none-eabi/lib/thumb/v7e-m+fp/hard\libcr_c.a(_writebuf.o)
                0x00002b54                _Cwritebuf
 .text.DbgConsole_Printf
                0x00002bc0       0x2c ./utilities/fsl_debug_console.o
                0x00002bc0                DbgConsole_Printf
 .text.DbgConsole_PrintfPaddingCharacter
                0x00002bec       0x40 ./utilities/fsl_debug_console.o
 .text.DbgConsole_ConvertRadixNumToString
                0x00002c2c       0xc2 ./utilities/fsl_debug_console.o
 .text.DMA0_IRQHandler
                0x00002cee        0x8 ./startup/startup_mk64f12.o
                0x00002cee                DMA0_IRQHandler
 .text.DMA1_IRQHandler
                0x00002cf6        0x8 ./startup/startup_mk64f12.o
                0x00002cf6                DMA1_IRQHandler
 .text.DMA2_IRQHandler
                0x00002cfe        0x8 ./startup/startup_mk64f12.o
                0x00002cfe                DMA2_IRQHandler
 .text.DMA3_IRQHandler
                0x00002d06        0x8 ./startup/startup_mk64f12.o
                0x00002d06                DMA3_IRQHandler
 .text.DMA4_IRQHandler
                0x00002d0e        0x8 ./startup/startup_mk64f12.o
                0x00002d0e                DMA4_IRQHandler
 .text.DMA5_IRQHandler
                0x00002d16        0x8 ./startup/startup_mk64f12.o
                0x00002d16                DMA5_IRQHandler
 .text.DMA6_IRQHandler
                0x00002d1e        0x8 ./startup/startup_mk64f12.o
                0x00002d1e                DMA6_IRQHandler
 .text.DMA7_IRQHandler
                0x00002d26        0x8 ./startup/startup_mk64f12.o
                0x00002d26                DMA7_IRQHandler
 .text.DMA8_IRQHandler
                0x00002d2e        0x8 ./startup/startup_mk64f12.o
                0x00002d2e                DMA8_IRQHandler
 .text.DMA9_IRQHandler
                0x00002d36        0x8 ./startup/startup_mk64f12.o
                0x00002d36                DMA9_IRQHandler
 .text.DMA10_IRQHandler
                0x00002d3e        0x8 ./startup/startup_mk64f12.o
                0x00002d3e                DMA10_IRQHandler
 .text.DMA11_IRQHandler
                0x00002d46        0x8 ./startup/startup_mk64f12.o
                0x00002d46                DMA11_IRQHandler
 .text.DMA12_IRQHandler
                0x00002d4e        0x8 ./startup/startup_mk64f12.o
                0x00002d4e                DMA12_IRQHandler
 .text.DMA13_IRQHandler
                0x00002d56        0x8 ./startup/startup_mk64f12.o
                0x00002d56                DMA13_IRQHandler
 .text.DMA14_IRQHandler
                0x00002d5e        0x8 ./startup/startup_mk64f12.o
                0x00002d5e                DMA14_IRQHandler
 .text.DMA15_IRQHandler
                0x00002d66        0x8 ./startup/startup_mk64f12.o
                0x00002d66                DMA15_IRQHandler
 .text.DMA_Error_IRQHandler
                0x00002d6e        0x8 ./startup/startup_mk64f12.o
                0x00002d6e                DMA_Error_IRQHandler
 .text.MCM_IRQHandler
                0x00002d76        0x8 ./startup/startup_mk64f12.o
                0x00002d76                MCM_IRQHandler
 .text.FTFE_IRQHandler
                0x00002d7e        0x8 ./startup/startup_mk64f12.o
                0x00002d7e                FTFE_IRQHandler
 .text.Read_Collision_IRQHandler
                0x00002d86        0x8 ./startup/startup_mk64f12.o
                0x00002d86                Read_Collision_IRQHandler
 .text.LVD_LVW_IRQHandler
                0x00002d8e        0x8 ./startup/startup_mk64f12.o
                0x00002d8e                LVD_LVW_IRQHandler
 .text.LLWU_IRQHandler
                0x00002d96        0x8 ./startup/startup_mk64f12.o
                0x00002d96                LLWU_IRQHandler
 .text.WDOG_EWM_IRQHandler
                0x00002d9e        0x8 ./startup/startup_mk64f12.o
                0x00002d9e                WDOG_EWM_IRQHandler
 .text.RNG_IRQHandler
                0x00002da6        0x8 ./startup/startup_mk64f12.o
                0x00002da6                RNG_IRQHandler
 .text.I2C0_IRQHandler
                0x00002dae        0x8 ./startup/startup_mk64f12.o
                0x00002dae                I2C0_IRQHandler
 .text.I2C1_IRQHandler
                0x00002db6        0x8 ./startup/startup_mk64f12.o
                0x00002db6                I2C1_IRQHandler
 .text.SPI0_IRQHandler
                0x00002dbe        0x8 ./startup/startup_mk64f12.o
                0x00002dbe                SPI0_IRQHandler
 .text.SPI1_IRQHandler
                0x00002dc6        0x8 ./startup/startup_mk64f12.o
                0x00002dc6                SPI1_IRQHandler
 .text.I2S0_Tx_IRQHandler
                0x00002dce        0x8 ./startup/startup_mk64f12.o
                0x00002dce                I2S0_Tx_IRQHandler
 .text.I2S0_Rx_IRQHandler
                0x00002dd6        0x8 ./startup/startup_mk64f12.o
                0x00002dd6                I2S0_Rx_IRQHandler
 .text.UART0_LON_IRQHandler
                0x00002dde        0x8 ./startup/startup_mk64f12.o
                0x00002dde                UART0_LON_IRQHandler
 .text.UART0_RX_TX_IRQHandler
                0x00002de6        0x8 ./startup/startup_mk64f12.o
                0x00002de6                UART0_RX_TX_IRQHandler
 .text.UART0_ERR_IRQHandler
                0x00002dee        0x8 ./startup/startup_mk64f12.o
                0x00002dee                UART0_ERR_IRQHandler
 .text.UART1_RX_TX_IRQHandler
                0x00002df6        0x8 ./startup/startup_mk64f12.o
                0x00002df6                UART1_RX_TX_IRQHandler
 .text.UART1_ERR_IRQHandler
                0x00002dfe        0x8 ./startup/startup_mk64f12.o
                0x00002dfe                UART1_ERR_IRQHandler
 .text.UART2_RX_TX_IRQHandler
                0x00002e06        0x8 ./startup/startup_mk64f12.o
                0x00002e06                UART2_RX_TX_IRQHandler
 .text.UART2_ERR_IRQHandler
                0x00002e0e        0x8 ./startup/startup_mk64f12.o
                0x00002e0e                UART2_ERR_IRQHandler
 .text.UART3_RX_TX_IRQHandler
                0x00002e16        0x8 ./startup/startup_mk64f12.o
                0x00002e16                UART3_RX_TX_IRQHandler
 .text.UART3_ERR_IRQHandler
                0x00002e1e        0x8 ./startup/startup_mk64f12.o
                0x00002e1e                UART3_ERR_IRQHandler
 .text.ADC0_IRQHandler
                0x00002e26        0x8 ./startup/startup_mk64f12.o
                0x00002e26                ADC0_IRQHandler
 .text.CMP0_IRQHandler
                0x00002e2e        0x8 ./startup/startup_mk64f12.o
                0x00002e2e                CMP0_IRQHandler
 .text.CMP1_IRQHandler
                0x00002e36        0x8 ./startup/startup_mk64f12.o
                0x00002e36                CMP1_IRQHandler
 .text.FTM0_IRQHandler
                0x00002e3e        0x8 ./startup/startup_mk64f12.o
                0x00002e3e                FTM0_IRQHandler
 .text.FTM1_IRQHandler
                0x00002e46        0x8 ./startup/startup_mk64f12.o
                0x00002e46                FTM1_IRQHandler
 .text.FTM2_IRQHandler
                0x00002e4e        0x8 ./startup/startup_mk64f12.o
                0x00002e4e                FTM2_IRQHandler
 .text.CMT_IRQHandler
                0x00002e56        0x8 ./startup/startup_mk64f12.o
                0x00002e56                CMT_IRQHandler
 .text.RTC_IRQHandler
                0x00002e5e        0x8 ./startup/startup_mk64f12.o
                0x00002e5e                RTC_IRQHandler
 .text.RTC_Seconds_IRQHandler
                0x00002e66        0x8 ./startup/startup_mk64f12.o
                0x00002e66                RTC_Seconds_IRQHandler
 .text.PIT0_IRQHandler
                0x00002e6e        0x8 ./startup/startup_mk64f12.o
                0x00002e6e                PIT0_IRQHandler
 .text.PIT1_IRQHandler
                0x00002e76        0x8 ./startup/startup_mk64f12.o
                0x00002e76                PIT1_IRQHandler
 .text.PIT2_IRQHandler
                0x00002e7e        0x8 ./startup/startup_mk64f12.o
                0x00002e7e                PIT2_IRQHandler
 .text.PIT3_IRQHandler
                0x00002e86        0x8 ./startup/startup_mk64f12.o
                0x00002e86                PIT3_IRQHandler
 .text.PDB0_IRQHandler
                0x00002e8e        0x8 ./startup/startup_mk64f12.o
                0x00002e8e                PDB0_IRQHandler
 .text.USB0_IRQHandler
                0x00002e96        0x8 ./startup/startup_mk64f12.o
                0x00002e96                USB0_IRQHandler
 .text.USBDCD_IRQHandler
                0x00002e9e        0x8 ./startup/startup_mk64f12.o
                0x00002e9e                USBDCD_IRQHandler
 .text.Reserved71_IRQHandler
                0x00002ea6        0x8 ./startup/startup_mk64f12.o
                0x00002ea6                Reserved71_IRQHandler
 .text.DAC0_IRQHandler
                0x00002eae        0x8 ./startup/startup_mk64f12.o
                0x00002eae                DAC0_IRQHandler
 .text.MCG_IRQHandler
                0x00002eb6        0x8 ./startup/startup_mk64f12.o
                0x00002eb6                MCG_IRQHandler
 .text.LPTMR0_IRQHandler
                0x00002ebe        0x8 ./startup/startup_mk64f12.o
                0x00002ebe                LPTMR0_IRQHandler
 .text.PORTA_IRQHandler
                0x00002ec6        0x8 ./startup/startup_mk64f12.o
                0x00002ec6                PORTA_IRQHandler
 .text.PORTB_IRQHandler
                0x00002ece        0x8 ./startup/startup_mk64f12.o
                0x00002ece                PORTB_IRQHandler
 .text.PORTC_IRQHandler
                0x00002ed6        0x8 ./startup/startup_mk64f12.o
                0x00002ed6                PORTC_IRQHandler
 .text.PORTD_IRQHandler
                0x00002ede        0x8 ./startup/startup_mk64f12.o
                0x00002ede                PORTD_IRQHandler
 .text.PORTE_IRQHandler
                0x00002ee6        0x8 ./startup/startup_mk64f12.o
                0x00002ee6                PORTE_IRQHandler
 .text.SWI_IRQHandler
                0x00002eee        0x8 ./startup/startup_mk64f12.o
                0x00002eee                SWI_IRQHandler
 .text.SPI2_IRQHandler
                0x00002ef6        0x8 ./startup/startup_mk64f12.o
                0x00002ef6                SPI2_IRQHandler
 .text.UART4_RX_TX_IRQHandler
                0x00002efe        0x8 ./startup/startup_mk64f12.o
                0x00002efe                UART4_RX_TX_IRQHandler
 .text.UART4_ERR_IRQHandler
                0x00002f06        0x8 ./startup/startup_mk64f12.o
                0x00002f06                UART4_ERR_IRQHandler
 .text.UART5_RX_TX_IRQHandler
                0x00002f0e        0x8 ./startup/startup_mk64f12.o
                0x00002f0e                UART5_RX_TX_IRQHandler
 .text.UART5_ERR_IRQHandler
                0x00002f16        0x8 ./startup/startup_mk64f12.o
                0x00002f16                UART5_ERR_IRQHandler
 .text.CMP2_IRQHandler
                0x00002f1e        0x8 ./startup/startup_mk64f12.o
                0x00002f1e                CMP2_IRQHandler
 .text.FTM3_IRQHandler
                0x00002f26        0x8 ./startup/startup_mk64f12.o
                0x00002f26                FTM3_IRQHandler
 .text.DAC1_IRQHandler
                0x00002f2e        0x8 ./startup/startup_mk64f12.o
                0x00002f2e                DAC1_IRQHandler
 .text.ADC1_IRQHandler
                0x00002f36        0x8 ./startup/startup_mk64f12.o
                0x00002f36                ADC1_IRQHandler
 .text.I2C2_IRQHandler
                0x00002f3e        0x8 ./startup/startup_mk64f12.o
                0x00002f3e                I2C2_IRQHandler
 .text.CAN0_Bus_Off_IRQHandler
                0x00002f46        0x8 ./startup/startup_mk64f12.o
                0x00002f46                CAN0_Bus_Off_IRQHandler
 .text.CAN0_Error_IRQHandler
                0x00002f4e        0x8 ./startup/startup_mk64f12.o
                0x00002f4e                CAN0_Error_IRQHandler
 .text.CAN0_Tx_Warning_IRQHandler
                0x00002f56        0x8 ./startup/startup_mk64f12.o
                0x00002f56                CAN0_Tx_Warning_IRQHandler
 .text.CAN0_Rx_Warning_IRQHandler
                0x00002f5e        0x8 ./startup/startup_mk64f12.o
                0x00002f5e                CAN0_Rx_Warning_IRQHandler
 .text.CAN0_Wake_Up_IRQHandler
                0x00002f66        0x8 ./startup/startup_mk64f12.o
                0x00002f66                CAN0_Wake_Up_IRQHandler
 .text.SDHC_IRQHandler
                0x00002f6e        0x8 ./startup/startup_mk64f12.o
                0x00002f6e                SDHC_IRQHandler
 .text.ENET_1588_Timer_IRQHandler
                0x00002f76        0x8 ./startup/startup_mk64f12.o
                0x00002f76                ENET_1588_Timer_IRQHandler
 .text.ENET_Transmit_IRQHandler
                0x00002f7e        0x8 ./startup/startup_mk64f12.o
                0x00002f7e                ENET_Transmit_IRQHandler
 .text.ENET_Receive_IRQHandler
                0x00002f86        0x8 ./startup/startup_mk64f12.o
                0x00002f86                ENET_Receive_IRQHandler
 .text.ENET_Error_IRQHandler
                0x00002f8e        0x8 ./startup/startup_mk64f12.o
                0x00002f8e                ENET_Error_IRQHandler
 .text.EnableIRQ
                0x00002f96       0x32 ./source/flexcan_loopback.o
 .text.FLEXCAN_GetMbStatusFlags
                0x00002fc8       0x1e ./source/flexcan_loopback.o
 .text.FLEXCAN_ClearMbStatusFlags
                0x00002fe6       0x1c ./source/flexcan_loopback.o
 .text.FLEXCAN_EnableMbInterrupts
                0x00003002       0x22 ./source/flexcan_loopback.o
 .text.FLEXCAN_DisableMbInterrupts
                0x00003024       0x24 ./source/flexcan_loopback.o
 .text.HardFault_Handler
                0x00003048       0x2c ./source/semihost_hardfault.o
                0x00003048                HardFault_Handler
 .text.OSC_SetExtRefClkConfig
                0x00003074       0x34 ./drivers/fsl_clock.o
 .text.OSC_SetCapLoad
                0x000030a8       0x34 ./drivers/fsl_clock.o
 .text.CLOCK_GetPll0RefFreq
                0x000030dc        0xe ./drivers/fsl_clock.o
 .text.CLOCK_GetFixedFreqClkFreq
                0x000030ea       0x34 ./drivers/fsl_clock.o
                0x000030ea                CLOCK_GetFixedFreqClkFreq
 .text.CLOCK_EnableClock
                0x0000311e       0x34 ./drivers/fsl_flexcan.o
 .text.FLEXCAN_GetMbStatusFlags
                0x00003152       0x1e ./drivers/fsl_flexcan.o
 .text.FLEXCAN_ClearMbStatusFlags
                0x00003170       0x1c ./drivers/fsl_flexcan.o
 .text.FLEXCAN_Enable
                0x0000318c       0x54 ./drivers/fsl_flexcan.o
 .text.FLEXCAN_EnterFreezeMode
                0x000031e0       0x3c ./drivers/fsl_flexcan.o
                0x000031e0                FLEXCAN_EnterFreezeMode
 .text.FLEXCAN_ExitFreezeMode
                0x0000321c       0x3c ./drivers/fsl_flexcan.o
                0x0000321c                FLEXCAN_ExitFreezeMode
 .text.FLEXCAN_IsMbOccupied
                0x00003258       0x56 ./drivers/fsl_flexcan.o
 .text.FLEXCAN_TransferSendBlocking
                0x000032ae       0x72 ./drivers/fsl_flexcan.o
                0x000032ae                FLEXCAN_TransferSendBlocking
 .text.CLOCK_EnableClock
                0x00003320       0x34 ./drivers/fsl_uart.o
 .text.UART_GetStatusFlags
                0x00003354       0x48 ./drivers/fsl_uart.o
                0x00003354                UART_GetStatusFlags
 .text.UART_ClearStatusFlags
                0x0000339c       0x80 ./drivers/fsl_uart.o
                0x0000339c                UART_ClearStatusFlags
 .text.UART_WriteBlocking
                0x0000341c       0x50 ./drivers/fsl_uart.o
                0x0000341c                UART_WriteBlocking
 .text.UART0_RX_TX_DriverIRQHandler
                0x0000346c       0x12 ./drivers/fsl_uart.o
                0x0000346c                UART0_RX_TX_DriverIRQHandler
 .text.UART1_RX_TX_DriverIRQHandler
                0x0000347e       0x12 ./drivers/fsl_uart.o
                0x0000347e                UART1_RX_TX_DriverIRQHandler
 .text.UART2_RX_TX_DriverIRQHandler
                0x00003490       0x12 ./drivers/fsl_uart.o
                0x00003490                UART2_RX_TX_DriverIRQHandler
 .text.UART3_RX_TX_DriverIRQHandler
                0x000034a2       0x12 ./drivers/fsl_uart.o
                0x000034a2                UART3_RX_TX_DriverIRQHandler
 .text.UART4_RX_TX_DriverIRQHandler
                0x000034b4       0x12 ./drivers/fsl_uart.o
                0x000034b4                UART4_RX_TX_DriverIRQHandler
 .text.UART5_RX_TX_DriverIRQHandler
                0x000034c6       0x12 ./drivers/fsl_uart.o
                0x000034c6                UART5_RX_TX_DriverIRQHandler
 .text.SystemInitHook
                0x000034d8        0xe ./device/system_MK64F12.o
                0x000034d8                SystemInitHook
 .text.HAL_UartGetStatus
                0x000034e6       0x22 ./component/uart/fsl_adapter_uart.o
 .text.BOARD_InitDebugConsole
                0x00003508       0x22 ./board/board.o
                0x00003508                BOARD_InitDebugConsole
 .text.BOARD_InitBootClocks
                0x0000352a        0xc ./board/clock_config.o
                0x0000352a                BOARD_InitBootClocks
 .text.CLOCK_EnableClock
                0x00003536       0x34 ./board/pin_mux.o
 .text.PORT_SetPinMux
                0x0000356a       0x3a ./board/pin_mux.o
 .text.BOARD_InitBootPins
                0x000035a4        0xc ./board/pin_mux.o
                0x000035a4                BOARD_InitBootPins
 .text.__main   0x000035b0        0xe c:/nxp/mcuxpressoide_11.6.0_8187/ide/plugins/com.nxp.mcuxpresso.tools.win32_11.6.0.202112161359/tools/bin/../lib/gcc/arm-none-eabi/10.3.1/../../../../arm-none-eabi/lib/thumb/v7e-m+fp/hard\libcr_nohost_nf.a(_cr__main.o)
                0x000035b0                __main
 .text.memcpy   0x000035be        0x4 c:/nxp/mcuxpressoide_11.6.0_8187/ide/plugins/com.nxp.mcuxpresso.tools.win32_11.6.0.202112161359/tools/bin/../lib/gcc/arm-none-eabi/10.3.1/../../../../arm-none-eabi/lib/thumb/v7e-m+fp/hard\libcr_c.a(memcpy.o)
                0x000035be                memcpy
 .text.memset   0x000035c2        0x4 c:/nxp/mcuxpressoide_11.6.0_8187/ide/plugins/com.nxp.mcuxpresso.tools.win32_11.6.0.202112161359/tools/bin/../lib/gcc/arm-none-eabi/10.3.1/../../../../arm-none-eabi/lib/thumb/v7e-m+fp/hard\libcr_c.a(memset.o)
                0x000035c2                memset
 .text.free     0x000035c6       0x30 c:/nxp/mcuxpressoide_11.6.0_8187/ide/plugins/com.nxp.mcuxpresso.tools.win32_11.6.0.202112161359/tools/bin/../lib/gcc/arm-none-eabi/10.3.1/../../../../arm-none-eabi/lib/thumb/v7e-m+fp/hard\libcr_c.a(alloc.o)
                0x000035c6                free
 .text.setvbuf  0x000035f6       0x3e c:/nxp/mcuxpressoide_11.6.0_8187/ide/plugins/com.nxp.mcuxpresso.tools.win32_11.6.0.202112161359/tools/bin/../lib/gcc/arm-none-eabi/10.3.1/../../../../arm-none-eabi/lib/thumb/v7e-m+fp/hard\libcr_c.a(setvbuf.o)
                0x000035f6                setvbuf
 .text.strlen   0x00003634       0x48 c:/nxp/mcuxpressoide_11.6.0_8187/ide/plugins/com.nxp.mcuxpresso.tools.win32_11.6.0.202112161359/tools/bin/../lib/gcc/arm-none-eabi/10.3.1/../../../../arm-none-eabi/lib/thumb/v7e-m+fp/hard\libcr_c.a(strlen.o)
                0x00003634                strlen
 .text._fdopen  0x0000367c       0x68 c:/nxp/mcuxpressoide_11.6.0_8187/ide/plugins/com.nxp.mcuxpresso.tools.win32_11.6.0.202112161359/tools/bin/../lib/gcc/arm-none-eabi/10.3.1/../../../../arm-none-eabi/lib/thumb/v7e-m+fp/hard\libcr_c.a(_fdopen.o)
                0x0000367c                _fdopen
 .text.fclose   0x000036e4       0x58 c:/nxp/mcuxpressoide_11.6.0_8187/ide/plugins/com.nxp.mcuxpresso.tools.win32_11.6.0.202112161359/tools/bin/../lib/gcc/arm-none-eabi/10.3.1/../../../../arm-none-eabi/lib/thumb/v7e-m+fp/hard\libcr_c.a(fclose.o)
                0x000036e4                fclose
 .text.remove   0x0000373c       0x14 c:/nxp/mcuxpressoide_11.6.0_8187/ide/plugins/com.nxp.mcuxpresso.tools.win32_11.6.0.202112161359/tools/bin/../lib/gcc/arm-none-eabi/10.3.1/../../../../arm-none-eabi/lib/thumb/v7e-m+fp/hard\libcr_c.a(remove.o)
                0x0000373c                remove
 .text._do_fflush
                0x00003750       0x40 c:/nxp/mcuxpressoide_11.6.0_8187/ide/plugins/com.nxp.mcuxpresso.tools.win32_11.6.0.202112161359/tools/bin/../lib/gcc/arm-none-eabi/10.3.1/../../../../arm-none-eabi/lib/thumb/v7e-m+fp/hard\libcr_c.a(_do_fflush.o)
                0x00003750                _do_fflush
 .text._fflush  0x00003790       0x52 c:/nxp/mcuxpressoide_11.6.0_8187/ide/plugins/com.nxp.mcuxpresso.tools.win32_11.6.0.202112161359/tools/bin/../lib/gcc/arm-none-eabi/10.3.1/../../../../arm-none-eabi/lib/thumb/v7e-m+fp/hard\libcr_c.a(_fflush.o)
                0x00003790                _fflush
 .text._deferredlazyseek
                0x000037e2       0x40 c:/nxp/mcuxpressoide_11.6.0_8187/ide/plugins/com.nxp.mcuxpresso.tools.win32_11.6.0.202112161359/tools/bin/../lib/gcc/arm-none-eabi/10.3.1/../../../../arm-none-eabi/lib/thumb/v7e-m+fp/hard\libcr_c.a(_deferredlazyseek.o)
                0x000037e2                _deferredlazyseek
 .text.__aeabi_memcpy
                0x00003822       0x34 c:/nxp/mcuxpressoide_11.6.0_8187/ide/plugins/com.nxp.mcuxpresso.tools.win32_11.6.0.202112161359/tools/bin/../lib/gcc/arm-none-eabi/10.3.1/thumb/v7e-m+fp/hard\libcr_eabihelpers.a(memcpy.o)
                0x00003822                __aeabi_memcpy
                0x0000382c                __aeabi_memcpy8
                0x0000382c                __aeabi_memcpy4
 .text.__aeabi_memset_lowlevel
                0x00003856       0x32 c:/nxp/mcuxpressoide_11.6.0_8187/ide/plugins/com.nxp.mcuxpresso.tools.win32_11.6.0.202112161359/tools/bin/../lib/gcc/arm-none-eabi/10.3.1/thumb/v7e-m+fp/hard\libcr_eabihelpers.a(memcpy.o)
                0x00003856                __aeabi_lowlevel_memset
 .text.__sys_close
                0x00003888        0x6 c:/nxp/mcuxpressoide_11.6.0_8187/ide/plugins/com.nxp.mcuxpresso.tools.win32_11.6.0.202112161359/tools/bin/../lib/gcc/arm-none-eabi/10.3.1/../../../../arm-none-eabi/lib/thumb/v7e-m+fp/hard\libcr_nohost_nf.a(__sys_close.o)
                0x00003888                __sys_close
 .text.__sys_flen
                0x0000388e        0x6 c:/nxp/mcuxpressoide_11.6.0_8187/ide/plugins/com.nxp.mcuxpresso.tools.win32_11.6.0.202112161359/tools/bin/../lib/gcc/arm-none-eabi/10.3.1/../../../../arm-none-eabi/lib/thumb/v7e-m+fp/hard\libcr_nohost_nf.a(__sys_flen.o)
                0x0000388e                __sys_flen
 .text.__sys_istty
                0x00003894        0x6 c:/nxp/mcuxpressoide_11.6.0_8187/ide/plugins/com.nxp.mcuxpresso.tools.win32_11.6.0.202112161359/tools/bin/../lib/gcc/arm-none-eabi/10.3.1/../../../../arm-none-eabi/lib/thumb/v7e-m+fp/hard\libcr_nohost_nf.a(__sys_istty.o)
                0x00003894                __sys_istty
 .text.__sys_remove
                0x0000389a        0x6 c:/nxp/mcuxpressoide_11.6.0_8187/ide/plugins/com.nxp.mcuxpresso.tools.win32_11.6.0.202112161359/tools/bin/../lib/gcc/arm-none-eabi/10.3.1/../../../../arm-none-eabi/lib/thumb/v7e-m+fp/hard\libcr_nohost_nf.a(__sys_remove.o)
                0x0000389a                __sys_remove
 .text.__sys_seek
                0x000038a0        0x6 c:/nxp/mcuxpressoide_11.6.0_8187/ide/plugins/com.nxp.mcuxpresso.tools.win32_11.6.0.202112161359/tools/bin/../lib/gcc/arm-none-eabi/10.3.1/../../../../arm-none-eabi/lib/thumb/v7e-m+fp/hard\libcr_nohost_nf.a(__sys_seek.o)
                0x000038a0                __sys_seek
 .text.__sys_tmpnam
                0x000038a6        0x6 c:/nxp/mcuxpressoide_11.6.0_8187/ide/plugins/com.nxp.mcuxpresso.tools.win32_11.6.0.202112161359/tools/bin/../lib/gcc/arm-none-eabi/10.3.1/../../../../arm-none-eabi/lib/thumb/v7e-m+fp/hard\libcr_nohost_nf.a(__sys_tmpnam.o)
                0x000038a6                __sys_tmpnam
 .text.__sys_write
                0x000038ac        0x4 c:/nxp/mcuxpressoide_11.6.0_8187/ide/plugins/com.nxp.mcuxpresso.tools.win32_11.6.0.202112161359/tools/bin/../lib/gcc/arm-none-eabi/10.3.1/../../../../arm-none-eabi/lib/thumb/v7e-m+fp/hard\libcr_nohost_nf.a(__sys_write.o)
                0x000038ac                __sys_write
 *(SORT_BY_ALIGNMENT(.rodata) SORT_BY_ALIGNMENT(.rodata.*) SORT_BY_ALIGNMENT(.constdata) SORT_BY_ALIGNMENT(.constdata.*))
 .rodata.__assertion_failed.str1.4
                0x000038b0       0x14 ./utilities/fsl_assert.o
 .rodata.main.str1.4
                0x000038c4      0x14f ./source/flexcan_loopback.o
 *fill*         0x00003a13        0x1 ff
 .rodata.CLOCK_GetMcgExtClkFreq.str1.4
                0x00003a14       0x49 ./drivers/fsl_clock.o
 *fill*         0x00003a5d        0x3 ff
 .rodata.CLOCK_GetOsc0ErClkFreq.str1.4
                0x00003a60       0x1e ./drivers/fsl_clock.o
 *fill*         0x00003a7e        0x2 ff
 .rodata.CLOCK_GetEr32kClkFreq.str1.4
                0x00003a80       0x1f ./drivers/fsl_clock.o
 *fill*         0x00003a9f        0x1 ff
 .rodata.CLOCK_GetPll0Freq.str1.4
                0x00003aa0       0x1d ./drivers/fsl_clock.o
 *fill*         0x00003abd        0x3 ff
 .rodata.CLOCK_EnablePll0.str1.4
                0x00003ac0       0x1a ./drivers/fsl_clock.o
 *fill*         0x00003ada        0x2 ff
 .rodata.CLOCK_SetPbeMode.str1.4
                0x00003adc       0x1a ./drivers/fsl_clock.o
 *fill*         0x00003af6        0x2 ff
 .rodata.CLOCK_BootToPeeMode.str1.4
                0x00003af8       0x1a ./drivers/fsl_clock.o
 *fill*         0x00003b12        0x2 ff
 .rodata.fllFactorTable.1
                0x00003b14       0x10 ./drivers/fsl_clock.o
 .rodata.FLEXCAN_GetInstance.str1.4
                0x00003b24       0x3a ./drivers/fsl_flexcan.o
 *fill*         0x00003b5e        0x2 ff
 .rodata.FLEXCAN_Reset.str1.4
                0x00003b60       0x3a ./drivers/fsl_flexcan.o
 *fill*         0x00003b9a        0x2 ff
 .rodata.FLEXCAN_SetBitRate.str1.4
                0x00003b9c       0xb8 ./drivers/fsl_flexcan.o
 .rodata.FLEXCAN_Init.str1.4
                0x00003c54       0xda ./drivers/fsl_flexcan.o
 *fill*         0x00003d2e        0x2 ff
 .rodata.FLEXCAN_GetDefaultConfig.str1.4
                0x00003d30       0x25 ./drivers/fsl_flexcan.o
 *fill*         0x00003d55        0x3 ff
 .rodata.FLEXCAN_SetTimingConfig.str1.4
                0x00003d58       0x25 ./drivers/fsl_flexcan.o
 *fill*         0x00003d7d        0x3 ff
 .rodata.FLEXCAN_SetTxMbConfig.str1.4
                0x00003d80       0x78 ./drivers/fsl_flexcan.o
 .rodata.FLEXCAN_CalculateImprovedTimingValues.str1.4
                0x00003df8       0x30 ./drivers/fsl_flexcan.o
 .rodata.FLEXCAN_SetRxMbConfig.str1.4
                0x00003e28       0xbc ./drivers/fsl_flexcan.o
 .rodata.FLEXCAN_WriteTxMb.str1.4
                0x00003ee4       0xcc ./drivers/fsl_flexcan.o
 .rodata.FLEXCAN_ReadRxMb.str1.4
                0x00003fb0       0xa0 ./drivers/fsl_flexcan.o
 .rodata.CAN0_DriverIRQHandler.str1.4
                0x00004050       0x30 ./drivers/fsl_flexcan.o
 .rodata.s_uartBases
                0x00004080       0x18 ./drivers/fsl_uart.o
 .rodata.s_uartClock
                0x00004098       0x18 ./drivers/fsl_uart.o
 .rodata.UART_GetInstance.str1.4
                0x000040b0       0x2b ./drivers/fsl_uart.o
 *fill*         0x000040db        0x1 ff
 .rodata.UART_Init.str1.4
                0x000040dc       0xfb ./drivers/fsl_uart.o
 *fill*         0x000041d7        0x1 ff
 .rodata.UART_GetDefaultConfig.str1.4
                0x000041d8       0x20 ./drivers/fsl_uart.o
 .rodata.UART_ReadBlocking.str1.4
                0x000041f8       0x1e ./drivers/fsl_uart.o
 *fill*         0x00004216        0x2 ff
 .rodata.s_UartAdapterBase
                0x00004218       0x18 ./component/uart/fsl_adapter_uart.o
 .rodata.HAL_UartInit.str1.4
                0x00004230       0xdd ./component/uart/fsl_adapter_uart.o
 *fill*         0x0000430d        0x3 ff
 .rodata.HAL_UartReceiveBlocking.str1.4
                0x00004310       0x60 ./component/uart/fsl_adapter_uart.o
 .rodata.HAL_UartSendBlocking.str1.4
                0x00004370       0x60 ./component/uart/fsl_adapter_uart.o
 .rodata.mcgConfig_BOARD_BootClockRUN
                0x000043d0        0xb ./board/clock_config.o
                0x000043d0                mcgConfig_BOARD_BootClockRUN
 *fill*         0x000043db        0x1 ff
 .rodata.simConfig_BOARD_BootClockRUN
                0x000043dc        0x8 ./board/clock_config.o
                0x000043dc                simConfig_BOARD_BootClockRUN
 .rodata.oscConfig_BOARD_BootClockRUN
                0x000043e4        0x8 ./board/clock_config.o
                0x000043e4                oscConfig_BOARD_BootClockRUN
 .rodata.__num_Ciob_streams
                0x000043ec        0x4 c:/nxp/mcuxpressoide_11.6.0_8187/ide/plugins/com.nxp.mcuxpresso.tools.win32_11.6.0.202112161359/tools/bin/../lib/gcc/arm-none-eabi/10.3.1/../../../../arm-none-eabi/lib/thumb/v7e-m+fp/hard\libcr_nohost_nf.a(__ciob.o)
                0x000043ec                __num_Ciob_streams
 .rodata._initio.str1.1
                0x000043f0        0x4 c:/nxp/mcuxpressoide_11.6.0_8187/ide/plugins/com.nxp.mcuxpresso.tools.win32_11.6.0.202112161359/tools/bin/../lib/gcc/arm-none-eabi/10.3.1/../../../../arm-none-eabi/lib/thumb/v7e-m+fp/hard\libcr_c.a(initio.o)
                0x000043f8                . = ALIGN (0x8)
 *fill*         0x000043f4        0x4 ff
                0x000043f8                _etext = .

.glue_7         0x000043f8        0x0
 .glue_7        0x000043f8        0x0 linker stubs

.glue_7t        0x000043f8        0x0
 .glue_7t       0x000043f8        0x0 linker stubs

.vfp11_veneer   0x000043f8        0x0
 .vfp11_veneer  0x000043f8        0x0 linker stubs

.v4_bx          0x000043f8        0x0
 .v4_bx         0x000043f8        0x0 linker stubs

.iplt           0x000043f8        0x0
 .iplt          0x000043f8        0x0 ./utilities/fsl_assert.o

.rel.dyn        0x000043f8        0x0
 .rel.iplt      0x000043f8        0x0 ./utilities/fsl_assert.o

.m_usb_data
 *(SORT_BY_ALIGNMENT(m_usb_bdt))

.data_RAM2      0x1fff0000        0x0 load address 0x000043f8
 FILL mask 0xff
                [!provide]                PROVIDE (__start_data_RAM2 = .)
                [!provide]                PROVIDE (__start_data_SRAM_LOWER = .)
 *(SORT_BY_ALIGNMENT(.ramfunc.$RAM2))
 *(SORT_BY_ALIGNMENT(.ramfunc.$SRAM_LOWER))
 *(SORT_BY_ALIGNMENT(.data.$RAM2))
 *(SORT_BY_ALIGNMENT(.data.$SRAM_LOWER))
 *(SORT_BY_ALIGNMENT(.data.$RAM2.*))
 *(SORT_BY_ALIGNMENT(.data.$SRAM_LOWER.*))
                0x1fff0000                . = ALIGN (0x8)
                [!provide]                PROVIDE (__end_data_RAM2 = .)
                [!provide]                PROVIDE (__end_data_SRAM_LOWER = .)

.data_RAM3      0x14000000        0x0 load address 0x000043f8
 FILL mask 0xff
                [!provide]                PROVIDE (__start_data_RAM3 = .)
                [!provide]                PROVIDE (__start_data_FLEX_RAM = .)
 *(SORT_BY_ALIGNMENT(.ramfunc.$RAM3))
 *(SORT_BY_ALIGNMENT(.ramfunc.$FLEX_RAM))
 *(SORT_BY_ALIGNMENT(.data.$RAM3))
 *(SORT_BY_ALIGNMENT(.data.$FLEX_RAM))
 *(SORT_BY_ALIGNMENT(.data.$RAM3.*))
 *(SORT_BY_ALIGNMENT(.data.$FLEX_RAM.*))
                0x14000000                . = ALIGN (0x8)
                [!provide]                PROVIDE (__end_data_RAM3 = .)
                [!provide]                PROVIDE (__end_data_FLEX_RAM = .)

.uninit_RESERVED
                0x20000000        0x0
                0x20000000                _start_uninit_RESERVED = .
 *(SORT_BY_ALIGNMENT(.bss.$RESERVED*))
                0x20000000                . = ALIGN (0x8)
                0x20000000                _end_uninit_RESERVED = .

.data           0x20000000       0x10 load address 0x000043f8
 FILL mask 0xff
                0x20000000                _data = .
                [!provide]                PROVIDE (__start_data_RAM = .)
                [!provide]                PROVIDE (__start_data_SRAM_UPPER = .)
 *(SORT_BY_ALIGNMENT(vtable))
 *(SORT_BY_ALIGNMENT(.ramfunc*))
 *(SORT_BY_ALIGNMENT(CodeQuickAccess))
 *(SORT_BY_ALIGNMENT(DataQuickAccess))
 *(SORT_BY_ALIGNMENT(RamFunction))
 *(SORT_BY_ALIGNMENT(.data*))
 .data.s_slowIrcFreq
                0x20000000        0x4 ./drivers/fsl_clock.o
 .data.s_fastIrcFreq
                0x20000004        0x4 ./drivers/fsl_clock.o
 .data.SystemCoreClock
                0x20000008        0x4 ./device/system_MK64F12.o
                0x20000008                SystemCoreClock
                0x20000010                . = ALIGN (0x8)
 *fill*         0x2000000c        0x4 ff
                0x20000010                _edata = .
                [!provide]                PROVIDE (__end_data_RAM = .)
                [!provide]                PROVIDE (__end_data_SRAM_UPPER = .)

.igot.plt       0x20000010        0x0 load address 0x00004408
 .igot.plt      0x20000010        0x0 ./utilities/fsl_assert.o

.bss_RAM2       0x1fff0000        0x0
                [!provide]                PROVIDE (__start_bss_RAM2 = .)
                [!provide]                PROVIDE (__start_bss_SRAM_LOWER = .)
 *(SORT_BY_ALIGNMENT(.bss.$RAM2))
 *(SORT_BY_ALIGNMENT(.bss.$SRAM_LOWER))
 *(SORT_BY_ALIGNMENT(.bss.$RAM2.*))
 *(SORT_BY_ALIGNMENT(.bss.$SRAM_LOWER.*))
                0x1fff0000                . = ALIGN ((. != 0x0)?0x8:0x1)
                [!provide]                PROVIDE (__end_bss_RAM2 = .)
                [!provide]                PROVIDE (__end_bss_SRAM_LOWER = .)

.bss_RAM3       0x14000000        0x0
                [!provide]                PROVIDE (__start_bss_RAM3 = .)
                [!provide]                PROVIDE (__start_bss_FLEX_RAM = .)
 *(SORT_BY_ALIGNMENT(.bss.$RAM3))
 *(SORT_BY_ALIGNMENT(.bss.$FLEX_RAM))
 *(SORT_BY_ALIGNMENT(.bss.$RAM3.*))
 *(SORT_BY_ALIGNMENT(.bss.$FLEX_RAM.*))
                0x14000000                . = ALIGN ((. != 0x0)?0x8:0x1)
                [!provide]                PROVIDE (__end_bss_RAM3 = .)
                [!provide]                PROVIDE (__end_bss_FLEX_RAM = .)

.bss            0x20000010      0x120
                0x20000010                _bss = .
                [!provide]                PROVIDE (__start_bss_RAM = .)
                [!provide]                PROVIDE (__start_bss_SRAM_UPPER = .)
 *(SORT_BY_ALIGNMENT(.bss*))
 .bss.s_debugConsole
                0x20000010       0x14 ./utilities/fsl_debug_console.o
 .bss.txFrame   0x20000024       0x10 ./source/flexcan_loopback.o
                0x20000024                txFrame
 .bss.rxFrame   0x20000034       0x10 ./source/flexcan_loopback.o
                0x20000034                rxFrame
 .bss.g_xtal0Freq
                0x20000044        0x4 ./drivers/fsl_clock.o
                0x20000044                g_xtal0Freq
 .bss.g_xtal32Freq
                0x20000048        0x4 ./drivers/fsl_clock.o
                0x20000048                g_xtal32Freq
 .bss.s_flexcanHandle
                0x2000004c        0x4 ./drivers/fsl_flexcan.o
 .bss.s_flexcanIsr
                0x20000050        0x4 ./drivers/fsl_flexcan.o
 .bss.s_uartHandle
                0x20000054       0x18 ./drivers/fsl_uart.o
                0x20000054                s_uartHandle
 .bss.s_uartIsr
                0x2000006c        0x4 ./drivers/fsl_uart.o
                0x2000006c                s_uartIsr
 .bss.errno     0x20000070        0x4 c:/nxp/mcuxpressoide_11.6.0_8187/ide/plugins/com.nxp.mcuxpresso.tools.win32_11.6.0.202112161359/tools/bin/../lib/gcc/arm-none-eabi/10.3.1/../../../../arm-none-eabi/lib/thumb/v7e-m+fp/hard\libcr_c.a(errno.o)
                0x20000070                errno
 .bss.__Ciob    0x20000074       0xb4 c:/nxp/mcuxpressoide_11.6.0_8187/ide/plugins/com.nxp.mcuxpresso.tools.win32_11.6.0.202112161359/tools/bin/../lib/gcc/arm-none-eabi/10.3.1/../../../../arm-none-eabi/lib/thumb/v7e-m+fp/hard\libcr_nohost_nf.a(__ciob.o)
                0x20000074                __Ciob
 .bss.rxComplete
                0x20000128        0x1 ./source/flexcan_loopback.o
                0x20000128                rxComplete
 *(SORT_BY_ALIGNMENT(COMMON))
                0x20000130                . = ALIGN (0x8)
 *fill*         0x20000129        0x7 
                0x20000130                _ebss = .
                [!provide]                PROVIDE (__end_bss_RAM = .)
                [!provide]                PROVIDE (__end_bss_SRAM_UPPER = .)
                [!provide]                PROVIDE (end = .)

.noinit_RAM2    0x1fff0000        0x0
                [!provide]                PROVIDE (__start_noinit_RAM2 = .)
                [!provide]                PROVIDE (__start_noinit_SRAM_LOWER = .)
 *(SORT_BY_ALIGNMENT(.noinit.$RAM2))
 *(SORT_BY_ALIGNMENT(.noinit.$SRAM_LOWER))
 *(SORT_BY_ALIGNMENT(.noinit.$RAM2.*))
 *(SORT_BY_ALIGNMENT(.noinit.$SRAM_LOWER.*))
                0x1fff0000                . = ALIGN (0x8)
                [!provide]                PROVIDE (__end_noinit_RAM2 = .)
                [!provide]                PROVIDE (__end_noinit_SRAM_LOWER = .)

.noinit_RAM3    0x14000000        0x0
                [!provide]                PROVIDE (__start_noinit_RAM3 = .)
                [!provide]                PROVIDE (__start_noinit_FLEX_RAM = .)
 *(SORT_BY_ALIGNMENT(.noinit.$RAM3))
 *(SORT_BY_ALIGNMENT(.noinit.$FLEX_RAM))
 *(SORT_BY_ALIGNMENT(.noinit.$RAM3.*))
 *(SORT_BY_ALIGNMENT(.noinit.$FLEX_RAM.*))
                0x14000000                . = ALIGN (0x8)
                [!provide]                PROVIDE (__end_noinit_RAM3 = .)
                [!provide]                PROVIDE (__end_noinit_FLEX_RAM = .)

.noinit         0x20000130        0x0
                0x20000130                _noinit = .
                [!provide]                PROVIDE (__start_noinit_RAM = .)
                [!provide]                PROVIDE (__start_noinit_SRAM_UPPER = .)
 *(SORT_BY_ALIGNMENT(.noinit*))
                0x20000130                . = ALIGN (0x8)
                0x20000130                _end_noinit = .
                [!provide]                PROVIDE (__end_noinit_RAM = .)
                [!provide]                PROVIDE (__end_noinit_SRAM_UPPER = .)

.ARM.extab
 *(SORT_BY_ALIGNMENT(.ARM.extab*) SORT_BY_ALIGNMENT(.gnu.linkonce.armextab.*))

.ARM.exidx      0x00004408        0x0
                0x00004408                __exidx_start = .
 *(SORT_BY_ALIGNMENT(.ARM.exidx*) SORT_BY_ALIGNMENT(.gnu.linkonce.armexidx.*))
                0x00004408                __exidx_end = .
                0x00001000                _HeapSize = 0x1000

.heap           0x20000130     0x1000
                0x20000130                _pvHeapStart = .
                0x20001130                . = (. + _HeapSize)
 *fill*         0x20000130     0x1000 
                0x20001130                . = ALIGN (0x8)
                0x20001130                _pvHeapLimit = .
                0x00001000                _StackSize = 0x1000

.heap2stackfill
                0x20001130     0x1000
                0x20002130                . = (. + _StackSize)
 *fill*         0x20001130     0x1000 

.stack          0x2002f000        0x0
                0x2002f000                _vStackBase = .
                0x2002f000                . = ALIGN (0x8)
                0x20030000                _vStackTop = (. + _StackSize)
                0x00000000                _image_start = LOADADDR (.text)
                0x00004408                _image_end = (LOADADDR (.data) + SIZEOF (.data))
                0x00004408                _image_size = (_image_end - _image_start)
OUTPUT(frdmk64f_flexcan_loopback.axf elf32-littlearm)
LOAD linker stubs

.debug_info     0x00000000     0xb00b
 .debug_info    0x00000000       0xa3 ./utilities/fsl_assert.o
 .debug_info    0x000000a3      0xca3 ./utilities/fsl_debug_console.o
 .debug_info    0x00000d46      0x93a ./startup/startup_mk64f12.o
 .debug_info    0x00001680      0xfbf ./source/flexcan_loopback.o
 .debug_info    0x0000263f       0x3c ./source/semihost_hardfault.o
 .debug_info    0x0000267b     0x21c3 ./drivers/fsl_clock.o
 .debug_info    0x0000483e     0x24ba ./drivers/fsl_flexcan.o
 .debug_info    0x00006cf8     0x1f90 ./drivers/fsl_uart.o
 .debug_info    0x00008c88      0x649 ./device/system_MK64F12.o
 .debug_info    0x000092d1      0xa7e ./component/uart/fsl_adapter_uart.o
 .debug_info    0x00009d4f       0xbd ./board/board.o
 .debug_info    0x00009e0c      0xbd9 ./board/clock_config.o
 .debug_info    0x0000a9e5      0x626 ./board/pin_mux.o

.debug_abbrev   0x00000000     0x1892
 .debug_abbrev  0x00000000       0x66 ./utilities/fsl_assert.o
 .debug_abbrev  0x00000066      0x24b ./utilities/fsl_debug_console.o
 .debug_abbrev  0x000002b1      0x185 ./startup/startup_mk64f12.o
 .debug_abbrev  0x00000436      0x280 ./source/flexcan_loopback.o
 .debug_abbrev  0x000006b6       0x31 ./source/semihost_hardfault.o
 .debug_abbrev  0x000006e7      0x359 ./drivers/fsl_clock.o
 .debug_abbrev  0x00000a40      0x2f1 ./drivers/fsl_flexcan.o
 .debug_abbrev  0x00000d31      0x42e ./drivers/fsl_uart.o
 .debug_abbrev  0x0000115f      0x148 ./device/system_MK64F12.o
 .debug_abbrev  0x000012a7      0x1c9 ./component/uart/fsl_adapter_uart.o
 .debug_abbrev  0x00001470       0x85 ./board/board.o
 .debug_abbrev  0x000014f5      0x214 ./board/clock_config.o
 .debug_abbrev  0x00001709      0x189 ./board/pin_mux.o

.debug_aranges  0x00000000      0xac8
 .debug_aranges
                0x00000000       0x20 ./utilities/fsl_assert.o
 .debug_aranges
                0x00000020       0x78 ./utilities/fsl_debug_console.o
 .debug_aranges
                0x00000098      0x330 ./startup/startup_mk64f12.o
 .debug_aranges
                0x000003c8       0x58 ./source/flexcan_loopback.o
 .debug_aranges
                0x00000420       0x20 ./source/semihost_hardfault.o
 .debug_aranges
                0x00000440      0x1f8 ./drivers/fsl_clock.o
 .debug_aranges
                0x00000638      0x1a8 ./drivers/fsl_flexcan.o
 .debug_aranges
                0x000007e0      0x1b8 ./drivers/fsl_uart.o
 .debug_aranges
                0x00000998       0x30 ./device/system_MK64F12.o
 .debug_aranges
                0x000009c8       0x50 ./component/uart/fsl_adapter_uart.o
 .debug_aranges
                0x00000a18       0x20 ./board/board.o
 .debug_aranges
                0x00000a38       0x58 ./board/clock_config.o
 .debug_aranges
                0x00000a90       0x38 ./board/pin_mux.o

.debug_ranges   0x00000000      0xa10
 .debug_ranges  0x00000000       0x10 ./utilities/fsl_assert.o
 .debug_ranges  0x00000010       0x68 ./utilities/fsl_debug_console.o
 .debug_ranges  0x00000078      0x320 ./startup/startup_mk64f12.o
 .debug_ranges  0x00000398       0x48 ./source/flexcan_loopback.o
 .debug_ranges  0x000003e0       0x10 ./source/semihost_hardfault.o
 .debug_ranges  0x000003f0      0x1e8 ./drivers/fsl_clock.o
 .debug_ranges  0x000005d8      0x1b0 ./drivers/fsl_flexcan.o
 .debug_ranges  0x00000788      0x1a8 ./drivers/fsl_uart.o
 .debug_ranges  0x00000930       0x20 ./device/system_MK64F12.o
 .debug_ranges  0x00000950       0x40 ./component/uart/fsl_adapter_uart.o
 .debug_ranges  0x00000990       0x10 ./board/board.o
 .debug_ranges  0x000009a0       0x48 ./board/clock_config.o
 .debug_ranges  0x000009e8       0x28 ./board/pin_mux.o

.debug_macro    0x00000000    0x139be
 .debug_macro   0x00000000      0x123 ./utilities/fsl_assert.o
 .debug_macro   0x00000123      0xaba ./utilities/fsl_assert.o
 .debug_macro   0x00000bdd       0x10 ./utilities/fsl_assert.o
 .debug_macro   0x00000bed       0x1c ./utilities/fsl_assert.o
 .debug_macro   0x00000c09       0x22 ./utilities/fsl_assert.o
 .debug_macro   0x00000c2b      0x12e ./utilities/fsl_assert.o
 .debug_macro   0x00000d59      0x5b3 ./utilities/fsl_assert.o
 .debug_macro   0x0000130c       0x22 ./utilities/fsl_assert.o
 .debug_macro   0x0000132e       0x10 ./utilities/fsl_assert.o
 .debug_macro   0x0000133e       0x58 ./utilities/fsl_assert.o
 .debug_macro   0x00001396       0x1c ./utilities/fsl_assert.o
 .debug_macro   0x000013b2       0x22 ./utilities/fsl_assert.o
 .debug_macro   0x000013d4       0xfb ./utilities/fsl_assert.o
 .debug_macro   0x000014cf      0xeeb ./utilities/fsl_assert.o
 .debug_macro   0x000023ba       0x40 ./utilities/fsl_assert.o
 .debug_macro   0x000023fa     0xec5f ./utilities/fsl_assert.o
 .debug_macro   0x00011059     0x12e8 ./utilities/fsl_assert.o
 .debug_macro   0x00012341       0x7a ./utilities/fsl_assert.o
 .debug_macro   0x000123bb       0xa8 ./utilities/fsl_assert.o
 .debug_macro   0x00012463      0x174 ./utilities/fsl_assert.o
 .debug_macro   0x000125d7       0x1c ./utilities/fsl_assert.o
 .debug_macro   0x000125f3       0x1c ./utilities/fsl_assert.o
 .debug_macro   0x0001260f       0x2e ./utilities/fsl_assert.o
 .debug_macro   0x0001263d      0x149 ./utilities/fsl_debug_console.o
 .debug_macro   0x00012786       0x16 ./utilities/fsl_debug_console.o
 .debug_macro   0x0001279c       0x10 ./utilities/fsl_debug_console.o
 .debug_macro   0x000127ac       0x28 ./utilities/fsl_debug_console.o
 .debug_macro   0x000127d4       0xc4 ./utilities/fsl_debug_console.o
 .debug_macro   0x00012898       0x16 ./utilities/fsl_debug_console.o
 .debug_macro   0x000128ae       0x16 ./utilities/fsl_debug_console.o
 .debug_macro   0x000128c4       0x46 ./utilities/fsl_debug_console.o
 .debug_macro   0x0001290a       0x29 ./startup/startup_mk64f12.o
 .debug_macro   0x00012933      0x1a5 ./source/flexcan_loopback.o
 .debug_macro   0x00012ad8       0xee ./source/flexcan_loopback.o
 .debug_macro   0x00012bc6       0x10 ./source/flexcan_loopback.o
 .debug_macro   0x00012bd6       0x1c ./source/flexcan_loopback.o
 .debug_macro   0x00012bf2       0x16 ./source/flexcan_loopback.o
 .debug_macro   0x00012c08       0x16 ./source/flexcan_loopback.o
 .debug_macro   0x00012c1e      0x1ab ./source/flexcan_loopback.o
 .debug_macro   0x00012dc9       0x11 ./source/semihost_hardfault.o
 .debug_macro   0x00012dda      0x1d8 ./drivers/fsl_clock.o
 .debug_macro   0x00012fb2      0x247 ./drivers/fsl_flexcan.o
 .debug_macro   0x000131f9       0xe8 ./drivers/fsl_flexcan.o
 .debug_macro   0x000132e1      0x127 ./drivers/fsl_uart.o
 .debug_macro   0x00013408       0x10 ./drivers/fsl_uart.o
 .debug_macro   0x00013418       0x98 ./device/system_MK64F12.o
 .debug_macro   0x000134b0      0x11e ./component/uart/fsl_adapter_uart.o
 .debug_macro   0x000135ce       0x16 ./component/uart/fsl_adapter_uart.o
 .debug_macro   0x000135e4      0x153 ./board/board.o
 .debug_macro   0x00013737       0x16 ./board/board.o
 .debug_macro   0x0001374d      0x153 ./board/clock_config.o
 .debug_macro   0x000138a0      0x11e ./board/pin_mux.o

.debug_line     0x00000000     0x6e0e
 .debug_line    0x00000000      0x32b ./utilities/fsl_assert.o
 .debug_line    0x0000032b      0xbb1 ./utilities/fsl_debug_console.o
 .debug_line    0x00000edc      0x911 ./startup/startup_mk64f12.o
 .debug_line    0x000017ed      0x535 ./source/flexcan_loopback.o
 .debug_line    0x00001d22       0x59 ./source/semihost_hardfault.o
 .debug_line    0x00001d7b     0x1498 ./drivers/fsl_clock.o
 .debug_line    0x00003213     0x13e0 ./drivers/fsl_flexcan.o
 .debug_line    0x000045f3     0x1472 ./drivers/fsl_uart.o
 .debug_line    0x00005a65      0x3c7 ./device/system_MK64F12.o
 .debug_line    0x00005e2c      0x4c4 ./component/uart/fsl_adapter_uart.o
 .debug_line    0x000062f0      0x387 ./board/board.o
 .debug_line    0x00006677      0x409 ./board/clock_config.o
 .debug_line    0x00006a80      0x38e ./board/pin_mux.o

.debug_str      0x00000000    0x82e16
 .debug_str     0x00000000    0x79e21 ./utilities/fsl_assert.o
                              0x79eac (size before relaxing)
 .debug_str     0x00079e21     0x1631 ./utilities/fsl_debug_console.o
                              0x7b547 (size before relaxing)
 .debug_str     0x0007b452      0x7bc ./startup/startup_mk64f12.o
                               0x362e (size before relaxing)
 .debug_str     0x0007bc0e     0x2866 ./source/flexcan_loopback.o
                              0x7d19f (size before relaxing)
 .debug_str     0x0007e474       0x1f ./source/semihost_hardfault.o
                               0x2dd3 (size before relaxing)
 .debug_str     0x0007e493     0x1c91 ./drivers/fsl_clock.o
                              0x7c52a (size before relaxing)
 .debug_str     0x00080124     0x173e ./drivers/fsl_flexcan.o
                              0x7da12 (size before relaxing)
 .debug_str     0x00081862      0xe47 ./drivers/fsl_uart.o
                              0x7be64 (size before relaxing)
 .debug_str     0x000826a9      0x11f ./device/system_MK64F12.o
                              0x78413 (size before relaxing)
 .debug_str     0x000827c8       0xe9 ./component/uart/fsl_adapter_uart.o
                              0x7ade5 (size before relaxing)
 .debug_str     0x000828b1       0x37 ./board/board.o
                              0x7aba2 (size before relaxing)
 .debug_str     0x000828e8      0x3b7 ./board/clock_config.o
                              0x7ae82 (size before relaxing)
 .debug_str     0x00082c9f      0x177 ./board/pin_mux.o
                              0x7a267 (size before relaxing)

.comment        0x00000000       0x49
 .comment       0x00000000       0x49 ./utilities/fsl_assert.o
                                 0x4a (size before relaxing)
 .comment       0x00000049       0x4a ./utilities/fsl_debug_console.o
 .comment       0x00000049       0x4a ./startup/startup_mk64f12.o
 .comment       0x00000049       0x4a ./source/flexcan_loopback.o
 .comment       0x00000049       0x4a ./source/semihost_hardfault.o
 .comment       0x00000049       0x4a ./drivers/fsl_clock.o
 .comment       0x00000049       0x4a ./drivers/fsl_flexcan.o
 .comment       0x00000049       0x4a ./drivers/fsl_uart.o
 .comment       0x00000049       0x4a ./device/system_MK64F12.o
 .comment       0x00000049       0x4a ./component/uart/fsl_adapter_uart.o
 .comment       0x00000049       0x4a ./board/board.o
 .comment       0x00000049       0x4a ./board/clock_config.o
 .comment       0x00000049       0x4a ./board/pin_mux.o
 .comment       0x00000049       0x4a c:/nxp/mcuxpressoide_11.6.0_8187/ide/plugins/com.nxp.mcuxpresso.tools.win32_11.6.0.202112161359/tools/bin/../lib/gcc/arm-none-eabi/10.3.1/../../../../arm-none-eabi/lib/thumb/v7e-m+fp/hard\libcr_nohost_nf.a(_cr__main.o)
 .comment       0x00000049       0x4a c:/nxp/mcuxpressoide_11.6.0_8187/ide/plugins/com.nxp.mcuxpresso.tools.win32_11.6.0.202112161359/tools/bin/../lib/gcc/arm-none-eabi/10.3.1/../../../../arm-none-eabi/lib/thumb/v7e-m+fp/hard\libcr_c.a(memcpy.o)
 .comment       0x00000049       0x4a c:/nxp/mcuxpressoide_11.6.0_8187/ide/plugins/com.nxp.mcuxpresso.tools.win32_11.6.0.202112161359/tools/bin/../lib/gcc/arm-none-eabi/10.3.1/../../../../arm-none-eabi/lib/thumb/v7e-m+fp/hard\libcr_c.a(memset.o)
 .comment       0x00000049       0x4a c:/nxp/mcuxpressoide_11.6.0_8187/ide/plugins/com.nxp.mcuxpresso.tools.win32_11.6.0.202112161359/tools/bin/../lib/gcc/arm-none-eabi/10.3.1/../../../../arm-none-eabi/lib/thumb/v7e-m+fp/hard\libcr_c.a(alloc.o)
 .comment       0x00000049       0x4a c:/nxp/mcuxpressoide_11.6.0_8187/ide/plugins/com.nxp.mcuxpresso.tools.win32_11.6.0.202112161359/tools/bin/../lib/gcc/arm-none-eabi/10.3.1/../../../../arm-none-eabi/lib/thumb/v7e-m+fp/hard\libcr_c.a(initio.o)
 .comment       0x00000049       0x4a c:/nxp/mcuxpressoide_11.6.0_8187/ide/plugins/com.nxp.mcuxpresso.tools.win32_11.6.0.202112161359/tools/bin/../lib/gcc/arm-none-eabi/10.3.1/../../../../arm-none-eabi/lib/thumb/v7e-m+fp/hard\libcr_c.a(setvbuf.o)
 .comment       0x00000049       0x4a c:/nxp/mcuxpressoide_11.6.0_8187/ide/plugins/com.nxp.mcuxpresso.tools.win32_11.6.0.202112161359/tools/bin/../lib/gcc/arm-none-eabi/10.3.1/../../../../arm-none-eabi/lib/thumb/v7e-m+fp/hard\libcr_c.a(strlen.o)
 .comment       0x00000049       0x4a c:/nxp/mcuxpressoide_11.6.0_8187/ide/plugins/com.nxp.mcuxpresso.tools.win32_11.6.0.202112161359/tools/bin/../lib/gcc/arm-none-eabi/10.3.1/../../../../arm-none-eabi/lib/thumb/v7e-m+fp/hard\libcr_c.a(_fdopen.o)
 .comment       0x00000049       0x4a c:/nxp/mcuxpressoide_11.6.0_8187/ide/plugins/com.nxp.mcuxpresso.tools.win32_11.6.0.202112161359/tools/bin/../lib/gcc/arm-none-eabi/10.3.1/../../../../arm-none-eabi/lib/thumb/v7e-m+fp/hard\libcr_c.a(errno.o)
 .comment       0x00000049       0x4a c:/nxp/mcuxpressoide_11.6.0_8187/ide/plugins/com.nxp.mcuxpresso.tools.win32_11.6.0.202112161359/tools/bin/../lib/gcc/arm-none-eabi/10.3.1/../../../../arm-none-eabi/lib/thumb/v7e-m+fp/hard\libcr_c.a(fclose.o)
 .comment       0x00000049       0x4a c:/nxp/mcuxpressoide_11.6.0_8187/ide/plugins/com.nxp.mcuxpresso.tools.win32_11.6.0.202112161359/tools/bin/../lib/gcc/arm-none-eabi/10.3.1/../../../../arm-none-eabi/lib/thumb/v7e-m+fp/hard\libcr_c.a(fflush.o)
 .comment       0x00000049       0x4a c:/nxp/mcuxpressoide_11.6.0_8187/ide/plugins/com.nxp.mcuxpresso.tools.win32_11.6.0.202112161359/tools/bin/../lib/gcc/arm-none-eabi/10.3.1/../../../../arm-none-eabi/lib/thumb/v7e-m+fp/hard\libcr_c.a(fseek.o)
 .comment       0x00000049       0x4a c:/nxp/mcuxpressoide_11.6.0_8187/ide/plugins/com.nxp.mcuxpresso.tools.win32_11.6.0.202112161359/tools/bin/../lib/gcc/arm-none-eabi/10.3.1/../../../../arm-none-eabi/lib/thumb/v7e-m+fp/hard\libcr_c.a(ftell.o)
 .comment       0x00000049       0x4a c:/nxp/mcuxpressoide_11.6.0_8187/ide/plugins/com.nxp.mcuxpresso.tools.win32_11.6.0.202112161359/tools/bin/../lib/gcc/arm-none-eabi/10.3.1/../../../../arm-none-eabi/lib/thumb/v7e-m+fp/hard\libcr_c.a(remove.o)
 .comment       0x00000049       0x4a c:/nxp/mcuxpressoide_11.6.0_8187/ide/plugins/com.nxp.mcuxpresso.tools.win32_11.6.0.202112161359/tools/bin/../lib/gcc/arm-none-eabi/10.3.1/../../../../arm-none-eabi/lib/thumb/v7e-m+fp/hard\libcr_c.a(_do_fflush.o)
 .comment       0x00000049       0x4a c:/nxp/mcuxpressoide_11.6.0_8187/ide/plugins/com.nxp.mcuxpresso.tools.win32_11.6.0.202112161359/tools/bin/../lib/gcc/arm-none-eabi/10.3.1/../../../../arm-none-eabi/lib/thumb/v7e-m+fp/hard\libcr_c.a(_fflush.o)
 .comment       0x00000049       0x4a c:/nxp/mcuxpressoide_11.6.0_8187/ide/plugins/com.nxp.mcuxpresso.tools.win32_11.6.0.202112161359/tools/bin/../lib/gcc/arm-none-eabi/10.3.1/../../../../arm-none-eabi/lib/thumb/v7e-m+fp/hard\libcr_c.a(_writebuf.o)
 .comment       0x00000049       0x4a c:/nxp/mcuxpressoide_11.6.0_8187/ide/plugins/com.nxp.mcuxpresso.tools.win32_11.6.0.202112161359/tools/bin/../lib/gcc/arm-none-eabi/10.3.1/../../../../arm-none-eabi/lib/thumb/v7e-m+fp/hard\libcr_c.a(_deferredlazyseek.o)
 .comment       0x00000049       0x4a c:/nxp/mcuxpressoide_11.6.0_8187/ide/plugins/com.nxp.mcuxpresso.tools.win32_11.6.0.202112161359/tools/bin/../lib/gcc/arm-none-eabi/10.3.1/../../../../arm-none-eabi/lib/thumb/v7e-m+fp/hard\libcr_nohost_nf.a(__ciob.o)
 .comment       0x00000049       0x4a c:/nxp/mcuxpressoide_11.6.0_8187/ide/plugins/com.nxp.mcuxpresso.tools.win32_11.6.0.202112161359/tools/bin/../lib/gcc/arm-none-eabi/10.3.1/../../../../arm-none-eabi/lib/thumb/v7e-m+fp/hard\libcr_nohost_nf.a(__sys_close.o)
 .comment       0x00000049       0x4a c:/nxp/mcuxpressoide_11.6.0_8187/ide/plugins/com.nxp.mcuxpresso.tools.win32_11.6.0.202112161359/tools/bin/../lib/gcc/arm-none-eabi/10.3.1/../../../../arm-none-eabi/lib/thumb/v7e-m+fp/hard\libcr_nohost_nf.a(__sys_flen.o)
 .comment       0x00000049       0x4a c:/nxp/mcuxpressoide_11.6.0_8187/ide/plugins/com.nxp.mcuxpresso.tools.win32_11.6.0.202112161359/tools/bin/../lib/gcc/arm-none-eabi/10.3.1/../../../../arm-none-eabi/lib/thumb/v7e-m+fp/hard\libcr_nohost_nf.a(__sys_istty.o)
 .comment       0x00000049       0x4a c:/nxp/mcuxpressoide_11.6.0_8187/ide/plugins/com.nxp.mcuxpresso.tools.win32_11.6.0.202112161359/tools/bin/../lib/gcc/arm-none-eabi/10.3.1/../../../../arm-none-eabi/lib/thumb/v7e-m+fp/hard\libcr_nohost_nf.a(__sys_remove.o)
 .comment       0x00000049       0x4a c:/nxp/mcuxpressoide_11.6.0_8187/ide/plugins/com.nxp.mcuxpresso.tools.win32_11.6.0.202112161359/tools/bin/../lib/gcc/arm-none-eabi/10.3.1/../../../../arm-none-eabi/lib/thumb/v7e-m+fp/hard\libcr_nohost_nf.a(__sys_seek.o)
 .comment       0x00000049       0x4a c:/nxp/mcuxpressoide_11.6.0_8187/ide/plugins/com.nxp.mcuxpresso.tools.win32_11.6.0.202112161359/tools/bin/../lib/gcc/arm-none-eabi/10.3.1/../../../../arm-none-eabi/lib/thumb/v7e-m+fp/hard\libcr_nohost_nf.a(__sys_tmpnam.o)
 .comment       0x00000049       0x4a c:/nxp/mcuxpressoide_11.6.0_8187/ide/plugins/com.nxp.mcuxpresso.tools.win32_11.6.0.202112161359/tools/bin/../lib/gcc/arm-none-eabi/10.3.1/../../../../arm-none-eabi/lib/thumb/v7e-m+fp/hard\libcr_nohost_nf.a(__sys_write.o)

.ARM.attributes
                0x00000000       0x32
 .ARM.attributes
                0x00000000       0x34 ./utilities/fsl_assert.o
 .ARM.attributes
                0x00000034       0x34 ./utilities/fsl_debug_console.o
 .ARM.attributes
                0x00000068       0x34 ./startup/startup_mk64f12.o
 .ARM.attributes
                0x0000009c       0x34 ./source/flexcan_loopback.o
 .ARM.attributes
                0x000000d0       0x34 ./source/semihost_hardfault.o
 .ARM.attributes
                0x00000104       0x34 ./drivers/fsl_clock.o
 .ARM.attributes
                0x00000138       0x34 ./drivers/fsl_flexcan.o
 .ARM.attributes
                0x0000016c       0x34 ./drivers/fsl_uart.o
 .ARM.attributes
                0x000001a0       0x34 ./device/system_MK64F12.o
 .ARM.attributes
                0x000001d4       0x34 ./component/uart/fsl_adapter_uart.o
 .ARM.attributes
                0x00000208       0x34 ./board/board.o
 .ARM.attributes
                0x0000023c       0x34 ./board/clock_config.o
 .ARM.attributes
                0x00000270       0x34 ./board/pin_mux.o
 .ARM.attributes
                0x000002a4       0x34 c:/nxp/mcuxpressoide_11.6.0_8187/ide/plugins/com.nxp.mcuxpresso.tools.win32_11.6.0.202112161359/tools/bin/../lib/gcc/arm-none-eabi/10.3.1/../../../../arm-none-eabi/lib/thumb/v7e-m+fp/hard\libcr_nohost_nf.a(_cr__main.o)
 .ARM.attributes
                0x000002d8       0x34 c:/nxp/mcuxpressoide_11.6.0_8187/ide/plugins/com.nxp.mcuxpresso.tools.win32_11.6.0.202112161359/tools/bin/../lib/gcc/arm-none-eabi/10.3.1/../../../../arm-none-eabi/lib/thumb/v7e-m+fp/hard\libcr_c.a(memcpy.o)
 .ARM.attributes
                0x0000030c       0x34 c:/nxp/mcuxpressoide_11.6.0_8187/ide/plugins/com.nxp.mcuxpresso.tools.win32_11.6.0.202112161359/tools/bin/../lib/gcc/arm-none-eabi/10.3.1/../../../../arm-none-eabi/lib/thumb/v7e-m+fp/hard\libcr_c.a(memset.o)
 .ARM.attributes
                0x00000340       0x34 c:/nxp/mcuxpressoide_11.6.0_8187/ide/plugins/com.nxp.mcuxpresso.tools.win32_11.6.0.202112161359/tools/bin/../lib/gcc/arm-none-eabi/10.3.1/../../../../arm-none-eabi/lib/thumb/v7e-m+fp/hard\libcr_c.a(alloc.o)
 .ARM.attributes
                0x00000374       0x34 c:/nxp/mcuxpressoide_11.6.0_8187/ide/plugins/com.nxp.mcuxpresso.tools.win32_11.6.0.202112161359/tools/bin/../lib/gcc/arm-none-eabi/10.3.1/../../../../arm-none-eabi/lib/thumb/v7e-m+fp/hard\libcr_c.a(initio.o)
 .ARM.attributes
                0x000003a8       0x34 c:/nxp/mcuxpressoide_11.6.0_8187/ide/plugins/com.nxp.mcuxpresso.tools.win32_11.6.0.202112161359/tools/bin/../lib/gcc/arm-none-eabi/10.3.1/../../../../arm-none-eabi/lib/thumb/v7e-m+fp/hard\libcr_c.a(setvbuf.o)
 .ARM.attributes
                0x000003dc       0x34 c:/nxp/mcuxpressoide_11.6.0_8187/ide/plugins/com.nxp.mcuxpresso.tools.win32_11.6.0.202112161359/tools/bin/../lib/gcc/arm-none-eabi/10.3.1/../../../../arm-none-eabi/lib/thumb/v7e-m+fp/hard\libcr_c.a(strlen.o)
 .ARM.attributes
                0x00000410       0x34 c:/nxp/mcuxpressoide_11.6.0_8187/ide/plugins/com.nxp.mcuxpresso.tools.win32_11.6.0.202112161359/tools/bin/../lib/gcc/arm-none-eabi/10.3.1/../../../../arm-none-eabi/lib/thumb/v7e-m+fp/hard\libcr_c.a(_fdopen.o)
 .ARM.attributes
                0x00000444       0x34 c:/nxp/mcuxpressoide_11.6.0_8187/ide/plugins/com.nxp.mcuxpresso.tools.win32_11.6.0.202112161359/tools/bin/../lib/gcc/arm-none-eabi/10.3.1/../../../../arm-none-eabi/lib/thumb/v7e-m+fp/hard\libcr_c.a(errno.o)
 .ARM.attributes
                0x00000478       0x34 c:/nxp/mcuxpressoide_11.6.0_8187/ide/plugins/com.nxp.mcuxpresso.tools.win32_11.6.0.202112161359/tools/bin/../lib/gcc/arm-none-eabi/10.3.1/../../../../arm-none-eabi/lib/thumb/v7e-m+fp/hard\libcr_c.a(fclose.o)
 .ARM.attributes
                0x000004ac       0x34 c:/nxp/mcuxpressoide_11.6.0_8187/ide/plugins/com.nxp.mcuxpresso.tools.win32_11.6.0.202112161359/tools/bin/../lib/gcc/arm-none-eabi/10.3.1/../../../../arm-none-eabi/lib/thumb/v7e-m+fp/hard\libcr_c.a(fflush.o)
 .ARM.attributes
                0x000004e0       0x34 c:/nxp/mcuxpressoide_11.6.0_8187/ide/plugins/com.nxp.mcuxpresso.tools.win32_11.6.0.202112161359/tools/bin/../lib/gcc/arm-none-eabi/10.3.1/../../../../arm-none-eabi/lib/thumb/v7e-m+fp/hard\libcr_c.a(fseek.o)
 .ARM.attributes
                0x00000514       0x34 c:/nxp/mcuxpressoide_11.6.0_8187/ide/plugins/com.nxp.mcuxpresso.tools.win32_11.6.0.202112161359/tools/bin/../lib/gcc/arm-none-eabi/10.3.1/../../../../arm-none-eabi/lib/thumb/v7e-m+fp/hard\libcr_c.a(ftell.o)
 .ARM.attributes
                0x00000548       0x34 c:/nxp/mcuxpressoide_11.6.0_8187/ide/plugins/com.nxp.mcuxpresso.tools.win32_11.6.0.202112161359/tools/bin/../lib/gcc/arm-none-eabi/10.3.1/../../../../arm-none-eabi/lib/thumb/v7e-m+fp/hard\libcr_c.a(remove.o)
 .ARM.attributes
                0x0000057c       0x34 c:/nxp/mcuxpressoide_11.6.0_8187/ide/plugins/com.nxp.mcuxpresso.tools.win32_11.6.0.202112161359/tools/bin/../lib/gcc/arm-none-eabi/10.3.1/../../../../arm-none-eabi/lib/thumb/v7e-m+fp/hard\libcr_c.a(_do_fflush.o)
 .ARM.attributes
                0x000005b0       0x34 c:/nxp/mcuxpressoide_11.6.0_8187/ide/plugins/com.nxp.mcuxpresso.tools.win32_11.6.0.202112161359/tools/bin/../lib/gcc/arm-none-eabi/10.3.1/../../../../arm-none-eabi/lib/thumb/v7e-m+fp/hard\libcr_c.a(_fflush.o)
 .ARM.attributes
                0x000005e4       0x34 c:/nxp/mcuxpressoide_11.6.0_8187/ide/plugins/com.nxp.mcuxpresso.tools.win32_11.6.0.202112161359/tools/bin/../lib/gcc/arm-none-eabi/10.3.1/../../../../arm-none-eabi/lib/thumb/v7e-m+fp/hard\libcr_c.a(_writebuf.o)
 .ARM.attributes
                0x00000618       0x34 c:/nxp/mcuxpressoide_11.6.0_8187/ide/plugins/com.nxp.mcuxpresso.tools.win32_11.6.0.202112161359/tools/bin/../lib/gcc/arm-none-eabi/10.3.1/../../../../arm-none-eabi/lib/thumb/v7e-m+fp/hard\libcr_c.a(_deferredlazyseek.o)
 .ARM.attributes
                0x0000064c       0x20 c:/nxp/mcuxpressoide_11.6.0_8187/ide/plugins/com.nxp.mcuxpresso.tools.win32_11.6.0.202112161359/tools/bin/../lib/gcc/arm-none-eabi/10.3.1/thumb/v7e-m+fp/hard\libcr_eabihelpers.a(memcpy.o)
 .ARM.attributes
                0x0000066c       0x34 c:/nxp/mcuxpressoide_11.6.0_8187/ide/plugins/com.nxp.mcuxpresso.tools.win32_11.6.0.202112161359/tools/bin/../lib/gcc/arm-none-eabi/10.3.1/../../../../arm-none-eabi/lib/thumb/v7e-m+fp/hard\libcr_nohost_nf.a(__ciob.o)
 .ARM.attributes
                0x000006a0       0x34 c:/nxp/mcuxpressoide_11.6.0_8187/ide/plugins/com.nxp.mcuxpresso.tools.win32_11.6.0.202112161359/tools/bin/../lib/gcc/arm-none-eabi/10.3.1/../../../../arm-none-eabi/lib/thumb/v7e-m+fp/hard\libcr_nohost_nf.a(__sys_close.o)
 .ARM.attributes
                0x000006d4       0x34 c:/nxp/mcuxpressoide_11.6.0_8187/ide/plugins/com.nxp.mcuxpresso.tools.win32_11.6.0.202112161359/tools/bin/../lib/gcc/arm-none-eabi/10.3.1/../../../../arm-none-eabi/lib/thumb/v7e-m+fp/hard\libcr_nohost_nf.a(__sys_flen.o)
 .ARM.attributes
                0x00000708       0x34 c:/nxp/mcuxpressoide_11.6.0_8187/ide/plugins/com.nxp.mcuxpresso.tools.win32_11.6.0.202112161359/tools/bin/../lib/gcc/arm-none-eabi/10.3.1/../../../../arm-none-eabi/lib/thumb/v7e-m+fp/hard\libcr_nohost_nf.a(__sys_istty.o)
 .ARM.attributes
                0x0000073c       0x34 c:/nxp/mcuxpressoide_11.6.0_8187/ide/plugins/com.nxp.mcuxpresso.tools.win32_11.6.0.202112161359/tools/bin/../lib/gcc/arm-none-eabi/10.3.1/../../../../arm-none-eabi/lib/thumb/v7e-m+fp/hard\libcr_nohost_nf.a(__sys_remove.o)
 .ARM.attributes
                0x00000770       0x34 c:/nxp/mcuxpressoide_11.6.0_8187/ide/plugins/com.nxp.mcuxpresso.tools.win32_11.6.0.202112161359/tools/bin/../lib/gcc/arm-none-eabi/10.3.1/../../../../arm-none-eabi/lib/thumb/v7e-m+fp/hard\libcr_nohost_nf.a(__sys_seek.o)
 .ARM.attributes
                0x000007a4       0x34 c:/nxp/mcuxpressoide_11.6.0_8187/ide/plugins/com.nxp.mcuxpresso.tools.win32_11.6.0.202112161359/tools/bin/../lib/gcc/arm-none-eabi/10.3.1/../../../../arm-none-eabi/lib/thumb/v7e-m+fp/hard\libcr_nohost_nf.a(__sys_tmpnam.o)
 .ARM.attributes
                0x000007d8       0x34 c:/nxp/mcuxpressoide_11.6.0_8187/ide/plugins/com.nxp.mcuxpresso.tools.win32_11.6.0.202112161359/tools/bin/../lib/gcc/arm-none-eabi/10.3.1/../../../../arm-none-eabi/lib/thumb/v7e-m+fp/hard\libcr_nohost_nf.a(__sys_write.o)

.debug_frame    0x00000000     0x2744
 .debug_frame   0x00000000       0x30 ./utilities/fsl_assert.o
 .debug_frame   0x00000030      0x1f8 ./utilities/fsl_debug_console.o
 .debug_frame   0x00000228      0x8fc ./startup/startup_mk64f12.o
 .debug_frame   0x00000b24      0x140 ./source/flexcan_loopback.o
 .debug_frame   0x00000c64       0x20 ./source/semihost_hardfault.o
 .debug_frame   0x00000c84      0x890 ./drivers/fsl_clock.o
 .debug_frame   0x00001514      0x770 ./drivers/fsl_flexcan.o
 .debug_frame   0x00001c84      0x74c ./drivers/fsl_uart.o
 .debug_frame   0x000023d0       0x74 ./device/system_MK64F12.o
 .debug_frame   0x00002444      0x110 ./component/uart/fsl_adapter_uart.o
 .debug_frame   0x00002554       0x34 ./board/board.o
 .debug_frame   0x00002588      0x124 ./board/clock_config.o
 .debug_frame   0x000026ac       0x98 ./board/pin_mux.o

Cross Reference Table

Symbol                                            File
ADC0_DriverIRQHandler                             ./startup/startup_mk64f12.o
ADC0_IRQHandler                                   ./startup/startup_mk64f12.o
ADC1_DriverIRQHandler                             ./startup/startup_mk64f12.o
ADC1_IRQHandler                                   ./startup/startup_mk64f12.o
BOARD_BootClockRUN                                ./board/clock_config.o
BOARD_BootClockVLPR                               ./board/clock_config.o
BOARD_InitBootClocks                              ./board/clock_config.o
                                                  ./source/flexcan_loopback.o
BOARD_InitBootPins                                ./board/pin_mux.o
                                                  ./source/flexcan_loopback.o
BOARD_InitDebugConsole                            ./board/board.o
                                                  ./source/flexcan_loopback.o
BOARD_InitPins                                    ./board/pin_mux.o
BusFault_Handler                                  ./startup/startup_mk64f12.o
CAN0_Bus_Off_IRQHandler                           ./startup/startup_mk64f12.o
CAN0_DriverIRQHandler                             ./drivers/fsl_flexcan.o
                                                  ./startup/startup_mk64f12.o
CAN0_Error_IRQHandler                             ./startup/startup_mk64f12.o
CAN0_ORed_Message_buffer_IRQHandler               ./source/flexcan_loopback.o
                                                  ./startup/startup_mk64f12.o
CAN0_Rx_Warning_IRQHandler                        ./startup/startup_mk64f12.o
CAN0_Tx_Warning_IRQHandler                        ./startup/startup_mk64f12.o
CAN0_Wake_Up_IRQHandler                           ./startup/startup_mk64f12.o
CLOCK_BootToBlpeMode                              ./drivers/fsl_clock.o
CLOCK_BootToBlpiMode                              ./drivers/fsl_clock.o
                                                  ./board/clock_config.o
CLOCK_BootToFeeMode                               ./drivers/fsl_clock.o
CLOCK_BootToFeiMode                               ./drivers/fsl_clock.o
CLOCK_BootToPeeMode                               ./drivers/fsl_clock.o
                                                  ./board/clock_config.o
CLOCK_CalcPllDiv                                  ./drivers/fsl_clock.o
CLOCK_ClearStatusFlags                            ./drivers/fsl_clock.o
CLOCK_DeinitOsc0                                  ./drivers/fsl_clock.o
CLOCK_EnablePll0                                  ./drivers/fsl_clock.o
CLOCK_EnableUsbfs0Clock                           ./drivers/fsl_clock.o
CLOCK_ExternalModeToFbeModeQuick                  ./drivers/fsl_clock.o
CLOCK_GetBusClkFreq                               ./drivers/fsl_clock.o
CLOCK_GetCoreSysClkFreq                           ./drivers/fsl_clock.o
                                                  ./board/board.o
CLOCK_GetEr32kClkFreq                             ./drivers/fsl_clock.o
CLOCK_GetFixedFreqClkFreq                         ./drivers/fsl_clock.o
CLOCK_GetFlashClkFreq                             ./drivers/fsl_clock.o
CLOCK_GetFlexBusClkFreq                           ./drivers/fsl_clock.o
CLOCK_GetFllFreq                                  ./drivers/fsl_clock.o
CLOCK_GetFreq                                     ./drivers/fsl_clock.o
                                                  ./source/flexcan_loopback.o
CLOCK_GetInternalRefClkFreq                       ./drivers/fsl_clock.o
CLOCK_GetMode                                     ./drivers/fsl_clock.o
CLOCK_GetOsc0ErClkFreq                            ./drivers/fsl_clock.o
CLOCK_GetOutClkFreq                               ./drivers/fsl_clock.o
CLOCK_GetPlatClkFreq                              ./drivers/fsl_clock.o
CLOCK_GetPll0Freq                                 ./drivers/fsl_clock.o
CLOCK_GetPllFllSelClkFreq                         ./drivers/fsl_clock.o
CLOCK_GetStatusFlags                              ./drivers/fsl_clock.o
CLOCK_InitOsc0                                    ./drivers/fsl_clock.o
                                                  ./board/clock_config.o
CLOCK_InternalModeToFbiModeQuick                  ./drivers/fsl_clock.o
CLOCK_SetBlpeMode                                 ./drivers/fsl_clock.o
CLOCK_SetBlpiMode                                 ./drivers/fsl_clock.o
CLOCK_SetExternalRefClkConfig                     ./drivers/fsl_clock.o
CLOCK_SetFastIrcFreq                              ./drivers/fsl_clock.o
CLOCK_SetFbeMode                                  ./drivers/fsl_clock.o
CLOCK_SetFbiMode                                  ./drivers/fsl_clock.o
CLOCK_SetFeeMode                                  ./drivers/fsl_clock.o
CLOCK_SetFeiMode                                  ./drivers/fsl_clock.o
CLOCK_SetInternalRefClkConfig                     ./drivers/fsl_clock.o
                                                  ./board/clock_config.o
CLOCK_SetMcgConfig                                ./drivers/fsl_clock.o
CLOCK_SetOsc0MonitorMode                          ./drivers/fsl_clock.o
CLOCK_SetPbeMode                                  ./drivers/fsl_clock.o
CLOCK_SetPeeMode                                  ./drivers/fsl_clock.o
CLOCK_SetPll0MonitorMode                          ./drivers/fsl_clock.o
CLOCK_SetRtcOscMonitorMode                        ./drivers/fsl_clock.o
CLOCK_SetSimConfig                                ./drivers/fsl_clock.o
                                                  ./board/clock_config.o
CLOCK_SetSlowIrcFreq                              ./drivers/fsl_clock.o
CLOCK_TrimInternalRefClk                          ./drivers/fsl_clock.o
CMP0_DriverIRQHandler                             ./startup/startup_mk64f12.o
CMP0_IRQHandler                                   ./startup/startup_mk64f12.o
CMP1_DriverIRQHandler                             ./startup/startup_mk64f12.o
CMP1_IRQHandler                                   ./startup/startup_mk64f12.o
CMP2_DriverIRQHandler                             ./startup/startup_mk64f12.o
CMP2_IRQHandler                                   ./startup/startup_mk64f12.o
CMT_DriverIRQHandler                              ./startup/startup_mk64f12.o
CMT_IRQHandler                                    ./startup/startup_mk64f12.o
DAC0_DriverIRQHandler                             ./startup/startup_mk64f12.o
DAC0_IRQHandler                                   ./startup/startup_mk64f12.o
DAC1_DriverIRQHandler                             ./startup/startup_mk64f12.o
DAC1_IRQHandler                                   ./startup/startup_mk64f12.o
DMA0_DriverIRQHandler                             ./startup/startup_mk64f12.o
DMA0_IRQHandler                                   ./startup/startup_mk64f12.o
DMA10_DriverIRQHandler                            ./startup/startup_mk64f12.o
DMA10_IRQHandler                                  ./startup/startup_mk64f12.o
DMA11_DriverIRQHandler                            ./startup/startup_mk64f12.o
DMA11_IRQHandler                                  ./startup/startup_mk64f12.o
DMA12_DriverIRQHandler                            ./startup/startup_mk64f12.o
DMA12_IRQHandler                                  ./startup/startup_mk64f12.o
DMA13_DriverIRQHandler                            ./startup/startup_mk64f12.o
DMA13_IRQHandler                                  ./startup/startup_mk64f12.o
DMA14_DriverIRQHandler                            ./startup/startup_mk64f12.o
DMA14_IRQHandler                                  ./startup/startup_mk64f12.o