Archive member included to satisfy reference by file (symbol)

d:/nxp/mcuxpressoide_11.6.0_8187/ide/plugins/com.nxp.mcuxpresso.tools.win32_11.6.0.202112161359/tools/bin/../lib/gcc/arm-none-eabi/10.3.1/../../../../arm-none-eabi/lib/thumb/v7e-m+fp/hard\libcr_nohost_nf.a(_cr__main.o)
                              ./startup/startup_mk64f12.o (__main)
d:/nxp/mcuxpressoide_11.6.0_8187/ide/plugins/com.nxp.mcuxpresso.tools.win32_11.6.0.202112161359/tools/bin/../lib/gcc/arm-none-eabi/10.3.1/../../../../arm-none-eabi/lib/thumb/v7e-m+fp/hard\libcr_c.a(memcpy.o)
                              ./utilities/fsl_debug_console.o (memcpy)
d:/nxp/mcuxpressoide_11.6.0_8187/ide/plugins/com.nxp.mcuxpresso.tools.win32_11.6.0.202112161359/tools/bin/../lib/gcc/arm-none-eabi/10.3.1/../../../../arm-none-eabi/lib/thumb/v7e-m+fp/hard\libcr_c.a(memset.o)
                              ./source/flexcan_loopback_host.o (memset)
d:/nxp/mcuxpressoide_11.6.0_8187/ide/plugins/com.nxp.mcuxpresso.tools.win32_11.6.0.202112161359/tools/bin/../lib/gcc/arm-none-eabi/10.3.1/../../../../arm-none-eabi/lib/thumb/v7e-m+fp/hard\libcr_c.a(alloc.o)
                              ./drivers/fsl_common.o (malloc)
d:/nxp/mcuxpressoide_11.6.0_8187/ide/plugins/com.nxp.mcuxpresso.tools.win32_11.6.0.202112161359/tools/bin/../lib/gcc/arm-none-eabi/10.3.1/../../../../arm-none-eabi/lib/thumb/v7e-m+fp/hard\libcr_c.a(initio.o)
                              d:/nxp/mcuxpressoide_11.6.0_8187/ide/plugins/com.nxp.mcuxpresso.tools.win32_11.6.0.202112161359/tools/bin/../lib/gcc/arm-none-eabi/10.3.1/../../../../arm-none-eabi/lib/thumb/v7e-m+fp/hard\libcr_nohost_nf.a(_cr__main.o) (_initio)
d:/nxp/mcuxpressoide_11.6.0_8187/ide/plugins/com.nxp.mcuxpresso.tools.win32_11.6.0.202112161359/tools/bin/../lib/gcc/arm-none-eabi/10.3.1/../../../../arm-none-eabi/lib/thumb/v7e-m+fp/hard\libcr_c.a(setvbuf.o)
                              d:/nxp/mcuxpressoide_11.6.0_8187/ide/plugins/com.nxp.mcuxpresso.tools.win32_11.6.0.202112161359/tools/bin/../lib/gcc/arm-none-eabi/10.3.1/../../../../arm-none-eabi/lib/thumb/v7e-m+fp/hard\libcr_c.a(initio.o) (setvbuf)
d:/nxp/mcuxpressoide_11.6.0_8187/ide/plugins/com.nxp.mcuxpresso.tools.win32_11.6.0.202112161359/tools/bin/../lib/gcc/arm-none-eabi/10.3.1/../../../../arm-none-eabi/lib/thumb/v7e-m+fp/hard\libcr_c.a(strlen.o)
                              ./utilities/fsl_debug_console.o (strlen)
d:/nxp/mcuxpressoide_11.6.0_8187/ide/plugins/com.nxp.mcuxpresso.tools.win32_11.6.0.202112161359/tools/bin/../lib/gcc/arm-none-eabi/10.3.1/../../../../arm-none-eabi/lib/thumb/v7e-m+fp/hard\libcr_c.a(__init_alloc.o)
                              d:/nxp/mcuxpressoide_11.6.0_8187/ide/plugins/com.nxp.mcuxpresso.tools.win32_11.6.0.202112161359/tools/bin/../lib/gcc/arm-none-eabi/10.3.1/../../../../arm-none-eabi/lib/thumb/v7e-m+fp/hard\libcr_c.a(alloc.o) (__heaps)
d:/nxp/mcuxpressoide_11.6.0_8187/ide/plugins/com.nxp.mcuxpresso.tools.win32_11.6.0.202112161359/tools/bin/../lib/gcc/arm-none-eabi/10.3.1/../../../../arm-none-eabi/lib/thumb/v7e-m+fp/hard\libcr_c.a(_cr_sbrk.o)
                              d:/nxp/mcuxpressoide_11.6.0_8187/ide/plugins/com.nxp.mcuxpresso.tools.win32_11.6.0.202112161359/tools/bin/../lib/gcc/arm-none-eabi/10.3.1/../../../../arm-none-eabi/lib/thumb/v7e-m+fp/hard\libcr_c.a(alloc.o) (_sbrk)
d:/nxp/mcuxpressoide_11.6.0_8187/ide/plugins/com.nxp.mcuxpresso.tools.win32_11.6.0.202112161359/tools/bin/../lib/gcc/arm-none-eabi/10.3.1/../../../../arm-none-eabi/lib/thumb/v7e-m+fp/hard\libcr_c.a(_fdopen.o)
                              d:/nxp/mcuxpressoide_11.6.0_8187/ide/plugins/com.nxp.mcuxpresso.tools.win32_11.6.0.202112161359/tools/bin/../lib/gcc/arm-none-eabi/10.3.1/../../../../arm-none-eabi/lib/thumb/v7e-m+fp/hard\libcr_c.a(initio.o) (_fdopen)
d:/nxp/mcuxpressoide_11.6.0_8187/ide/plugins/com.nxp.mcuxpresso.tools.win32_11.6.0.202112161359/tools/bin/../lib/gcc/arm-none-eabi/10.3.1/../../../../arm-none-eabi/lib/thumb/v7e-m+fp/hard\libcr_c.a(errno.o)
                              d:/nxp/mcuxpressoide_11.6.0_8187/ide/plugins/com.nxp.mcuxpresso.tools.win32_11.6.0.202112161359/tools/bin/../lib/gcc/arm-none-eabi/10.3.1/../../../../arm-none-eabi/lib/thumb/v7e-m+fp/hard\libcr_c.a(_cr_sbrk.o) (errno)
d:/nxp/mcuxpressoide_11.6.0_8187/ide/plugins/com.nxp.mcuxpresso.tools.win32_11.6.0.202112161359/tools/bin/../lib/gcc/arm-none-eabi/10.3.1/../../../../arm-none-eabi/lib/thumb/v7e-m+fp/hard\libcr_c.a(fclose.o)
                              d:/nxp/mcuxpressoide_11.6.0_8187/ide/plugins/com.nxp.mcuxpresso.tools.win32_11.6.0.202112161359/tools/bin/../lib/gcc/arm-none-eabi/10.3.1/../../../../arm-none-eabi/lib/thumb/v7e-m+fp/hard\libcr_c.a(initio.o) (fclose)
d:/nxp/mcuxpressoide_11.6.0_8187/ide/plugins/com.nxp.mcuxpresso.tools.win32_11.6.0.202112161359/tools/bin/../lib/gcc/arm-none-eabi/10.3.1/../../../../arm-none-eabi/lib/thumb/v7e-m+fp/hard\libcr_c.a(fflush.o)
[...]
Memory Configuration

Name             Origin             Length             Attributes
PROGRAM_FLASH    0x00000000         0x00100000         xr
SRAM_UPPER       0x20000000         0x00030000         xrw
SRAM_LOWER       0x1fff0000         0x00010000         xrw
FLEX_RAM         0x14000000         0x00001000         xrw
*default*        0x00000000         0xffffffff

Linker script and memory map

LOAD ./utilities/fsl_assert.o
LOAD ./utilities/fsl_debug_console.o
LOAD ./startup/startup_mk64f12.o
LOAD ./source/flexcan_loopback_host.o
LOAD ./source/semihost_hardfault.o
LOAD ./freertos/freertos_kernel/portable/MemMang/heap_4.o
LOAD ./freertos/freertos_kernel/portable/GCC/ARM_CM4F/port.o
LOAD ./freertos/freertos_kernel/croutine.o
LOAD ./freertos/freertos_kernel/event_groups.o
LOAD ./freertos/freertos_kernel/list.o
LOAD ./freertos/freertos_kernel/queue.o
LOAD ./freertos/freertos_kernel/stream_buffer.o
LOAD ./freertos/freertos_kernel/tasks.o
LOAD ./freertos/freertos_kernel/timers.o
LOAD ./drivers/fsl_adc16.o
LOAD ./drivers/fsl_clock.o
LOAD ./drivers/fsl_common.o
LOAD ./drivers/fsl_common_arm.o
LOAD ./drivers/fsl_flexcan.o
LOAD ./drivers/fsl_ftfx_cache.o
LOAD ./drivers/fsl_ftfx_controller.o
LOAD ./drivers/fsl_ftfx_flash.o
LOAD ./drivers/fsl_ftfx_flexnvm.o
LOAD ./drivers/fsl_gpio.o
LOAD ./drivers/fsl_i2c.o
LOAD ./drivers/fsl_pit.o
LOAD ./drivers/fsl_smc.o
LOAD ./drivers/fsl_uart.o
LOAD ./device/system_MK64F12.o
LOAD ./component/uart/fsl_adapter_uart.o
LOAD ./component/lists/fsl_component_generic_list.o
LOAD ./board/board.o
LOAD ./board/clock_config.o
LOAD ./board/pin_mux.o
START GROUP
LOAD d:/nxp/mcuxpressoide_11.6.0_8187/ide/plugins/com.nxp.mcuxpresso.tools.win32_11.6.0.202112161359/tools/bin/../lib/gcc/arm-none-eabi/10.3.1/../../../../arm-none-eabi/lib/thumb/v7e-m+fp/hard\libcr_nohost_nf.a
LOAD d:/nxp/mcuxpressoide_11.6.0_8187/ide/plugins/com.nxp.mcuxpresso.tools.win32_11.6.0.202112161359/tools/bin/../lib/gcc/arm-none-eabi/10.3.1/../../../../arm-none-eabi/lib/thumb/v7e-m+fp/hard\libcr_c.a
LOAD d:/nxp/mcuxpressoide_11.6.0_8187/ide/plugins/com.nxp.mcuxpresso.tools.win32_11.6.0.202112161359/tools/bin/../lib/gcc/arm-none-eabi/10.3.1/thumb/v7e-m+fp/hard\libcr_eabihelpers.a
LOAD d:/nxp/mcuxpressoide_11.6.0_8187/ide/plugins/com.nxp.mcuxpresso.tools.win32_11.6.0.202112161359/tools/bin/../lib/gcc/arm-none-eabi/10.3.1/thumb/v7e-m+fp/hard\libgcc.a
END GROUP
                0x00000000                __base_PROGRAM_FLASH = 0x0
                0x00000000                __base_Flash = 0x0
                0x00100000                __top_PROGRAM_FLASH = 0x100000
                0x00100000                __top_Flash = 0x100000
                0x20000000                __base_SRAM_UPPER = 0x20000000
                0x20000000                __base_RAM = 0x20000000
                0x20030000                __top_SRAM_UPPER = 0x20030000
                0x20030000                __top_RAM = 0x20030000
                0x1fff0000                __base_SRAM_LOWER = 0x1fff0000
                0x1fff0000                __base_RAM2 = 0x1fff0000
                0x20000000                __top_SRAM_LOWER = 0x20000000
                0x20000000                __top_RAM2 = 0x20000000
                0x14000000                __base_FLEX_RAM = 0x14000000
                0x14000000                __base_RAM3 = 0x14000000
                0x14001000                __top_FLEX_RAM = 0x14001000
                0x14001000                __top_RAM3 = 0x14001000

.text           0x00000000     0x6f30
 FILL mask 0xff
                0x00000000                __vectors_start__ = ABSOLUTE (.)
 *(SORT_BY_ALIGNMENT(.isr_vector))
 .isr_vector    0x00000000      0x198 ./startup/startup_mk64f12.o
                0x00000000                g_pfnVectors
                0x00000000                __Vectors
                0x00000198                . = ALIGN (0x4)
                0x00000198                __section_table_start = .
                0x00000198                __data_section_table = .
                0x00000198        0x4 LONG 0x6f30 LOADADDR (.data)
                0x0000019c        0x4 LONG 0x20000000 ADDR (.data)
                0x000001a0        0x4 LONG 0x18 SIZEOF (.data)
                0x000001a4        0x4 LONG 0x6f30 LOADADDR (.data_RAM2)
                0x000001a8        0x4 LONG 0x1fff0000 ADDR (.data_RAM2)
                0x000001ac        0x4 LONG 0x0 SIZEOF (.data_RAM2)
                0x000001b0        0x4 LONG 0x6f30 LOADADDR (.data_RAM3)
                0x000001b4        0x4 LONG 0x14000000 ADDR (.data_RAM3)
                0x000001b8        0x4 LONG 0x0 SIZEOF (.data_RAM3)
                0x000001bc                __data_section_table_end = .
                0x000001bc                __bss_section_table = .
                0x000001bc        0x4 LONG 0x20000018 ADDR (.bss)
                0x000001c0        0x4 LONG 0x2af8 SIZEOF (.bss)
                0x000001c4        0x4 LONG 0x1fff0000 ADDR (.bss_RAM2)
                0x000001c8        0x4 LONG 0x0 SIZEOF (.bss_RAM2)
                0x000001cc        0x4 LONG 0x14000000 ADDR (.bss_RAM3)
                0x000001d0        0x4 LONG 0x0 SIZEOF (.bss_RAM3)
                0x000001d4                __bss_section_table_end = .
                0x000001d4                __section_table_end = .
 *(SORT_BY_ALIGNMENT(.after_vectors*))
 .after_vectors.reset
                0x000001d4       0x4c ./startup/startup_mk64f12.o
                0x000001d4                ResetISR
 .after_vectors.init_data
                0x00000220       0x1e ./startup/startup_mk64f12.o
                0x00000220                data_init
 .after_vectors.init_bss
                0x0000023e       0x12 ./startup/startup_mk64f12.o
                0x0000023e                bss_init
 .after_vectors
                0x00000250       0x14 ./startup/startup_mk64f12.o
                0x00000250                NMI_Handler
                0x00000254                MemManage_Handler
                0x00000256                BusFault_Handler
                0x00000258                UsageFault_Handler
                0x0000025c                DebugMon_Handler
                0x00000262                LPTMR0_DriverIRQHandler
                0x00000262                DMA_Error_DriverIRQHandler
                0x00000262                SPI1_DriverIRQHandler
                0x00000262                FTM1_DriverIRQHandler
                0x00000262                FTM2_DriverIRQHandler
                0x00000262                PIT2_DriverIRQHandler
                0x00000262                SDHC_DriverIRQHandler
                0x00000262                I2S0_Tx_DriverIRQHandler
                0x00000262                RTC_Seconds_DriverIRQHandler
                0x00000262                DMA6_DriverIRQHandler
                0x00000262                LLWU_DriverIRQHandler
                0x00000262                MCM_DriverIRQHandler
                0x00000262                MCG_DriverIRQHandler
                0x00000262                ENET_1588_Timer_DriverIRQHandler
                0x00000262                DAC1_DriverIRQHandler
                0x00000262                DMA12_DriverIRQHandler
                0x00000262                CMP1_DriverIRQHandler
                0x00000262                FTM0_DriverIRQHandler
                0x00000262                IntDefaultHandler
                0x00000262                USB0_DriverIRQHandler
                0x00000262                UART5_ERR_DriverIRQHandler
                0x00000262                PORTC_DriverIRQHandler
                0x00000262                DMA11_DriverIRQHandler
                0x00000262                DAC0_DriverIRQHandler
                0x00000262                DMA10_DriverIRQHandler
                0x00000262                CMP2_DriverIRQHandler
                0x00000262                UART2_ERR_DriverIRQHandler
                0x00000262                SPI2_DriverIRQHandler
                0x00000262                LVD_LVW_DriverIRQHandler
                0x00000262                PIT0_DriverIRQHandler
                0x00000262                PORTB_DriverIRQHandler
                0x00000262                DMA5_DriverIRQHandler
                0x00000262                DMA4_DriverIRQHandler
                0x00000262                USBDCD_DriverIRQHandler
                0x00000262                UART3_ERR_DriverIRQHandler
                0x00000262                DMA3_DriverIRQHandler
                0x00000262                DMA8_DriverIRQHandler
                0x00000262                DMA9_DriverIRQHandler
                0x00000262                UART0_ERR_DriverIRQHandler
                0x00000262                CMT_DriverIRQHandler
                0x00000262                Reserved71_DriverIRQHandler
                0x00000262                ADC1_DriverIRQHandler
                0x00000262                PORTA_DriverIRQHandler
                0x00000262                DMA14_DriverIRQHandler
                0x00000262                PIT3_DriverIRQHandler
                0x00000262                PIT1_DriverIRQHandler
                0x00000262                WDOG_EWM_DriverIRQHandler
                0x00000262                PDB0_DriverIRQHandler
                0x00000262                RTC_DriverIRQHandler
                0x00000262                I2S0_Rx_DriverIRQHandler
                0x00000262                Read_Collision_DriverIRQHandler
                0x00000262                SWI_DriverIRQHandler
                0x00000262                UART4_ERR_DriverIRQHandler
                0x00000262                DMA0_DriverIRQHandler
                0x00000262                UART0_LON_DriverIRQHandler
                0x00000262                DMA1_DriverIRQHandler
                0x00000262                ENET_Receive_DriverIRQHandler
                0x00000262                DMA13_DriverIRQHandler
                0x00000262                ENET_Error_DriverIRQHandler
                0x00000262                DMA15_DriverIRQHandler
                0x00000262                SPI0_DriverIRQHandler
                0x00000262                ADC0_DriverIRQHandler
                0x00000262                CMP0_DriverIRQHandler
                0x00000262                FTM3_DriverIRQHandler
                0x00000262                RNG_DriverIRQHandler
                0x00000262                UART1_ERR_DriverIRQHandler
                0x00000262                DMA2_DriverIRQHandler
                0x00000262                ENET_Transmit_DriverIRQHandler
                0x00000262                PORTD_DriverIRQHandler
                0x00000262                PORTE_DriverIRQHandler
                0x00000262                FTFE_DriverIRQHandler
                0x00000262                DMA7_DriverIRQHandler
                0x00000400                . = 0x400
 *fill*         0x00000264      0x19c ff
                0x00000400                PROVIDE (__FLASH_CONFIG_START__ = .)
 *(SORT_BY_ALIGNMENT(.FlashConfig))
 .FlashConfig   0x00000400       0x10 ./startup/startup_mk64f12.o
                0x00000400                Flash_Config
                0x00000410                PROVIDE (__FLASH_CONFIG_END__ = .)
                0x00000001                ASSERT (! ((__FLASH_CONFIG_START__ == __FLASH_CONFIG_END__)), Linker Flash Config Support Enabled, but no .FlashConfig section provided within application)
 *(SORT_BY_ALIGNMENT(.text*))
 .text.SVC_Handler
                0x00000410       0x28 ./freertos/freertos_kernel/portable/GCC/ARM_CM4F/port.o
                0x00000410                SVC_Handler
 *fill*         0x00000438        0x8 ff
 .text.PendSV_Handler
                0x00000440       0x68 ./freertos/freertos_kernel/portable/GCC/ARM_CM4F/port.o
                0x00000440                PendSV_Handler
 .text.__assertion_failed
                0x000004a8       0x18 ./utilities/fsl_assert.o
                0x000004a8                __assertion_failed
 .text.DbgConsole_Init
                0x000004c0       0x74 ./utilities/fsl_debug_console.o
                0x000004c0                DbgConsole_Init
 .text.DbgConsole_Vprintf
                0x00000534       0x3c ./utilities/fsl_debug_console.o
                0x00000534                DbgConsole_Vprintf
 .text.DbgConsole_Putchar
                0x00000570       0x30 ./utilities/fsl_debug_console.o
                0x00000570                DbgConsole_Putchar
 .text.DbgConsole_PrintfFormattedData
                0x000005a0      0x3e0 ./utilities/fsl_debug_console.o
 .text.__NVIC_EnableIRQ
                0x00000980       0x3c ./source/flexcan_loopback_host.o
 .text.CAN0_ORed_Message_buffer_IRQHandler
                0x000009bc       0xe4 ./source/flexcan_loopback_host.o
                0x000009bc                CAN0_ORed_Message_buffer_IRQHandler
 .text.HardwareInit
                0x00000aa0       0xf4 ./source/flexcan_loopback_host.o
                0x00000aa0                HardwareInit
 .text.CAN_Task
                0x00000b94       0x90 ./source/flexcan_loopback_host.o
                0x00000b94                CAN_Task
 .text.vTimerCallback
                0x00000c24       0x60 ./source/flexcan_loopback_host.o
 .text.main     0x00000c84       0xa8 ./source/flexcan_loopback_host.o
                0x00000c84                main
 .text.pvPortMalloc
                0x00000d2c      0x1c0 ./freertos/freertos_kernel/portable/MemMang/heap_4.o
                0x00000d2c                pvPortMalloc
 .text.vPortFree
                0x00000eec       0xc4 ./freertos/freertos_kernel/portable/MemMang/heap_4.o
                0x00000eec                vPortFree
 .text.prvHeapInit
                0x00000fb0       0xc4 ./freertos/freertos_kernel/portable/MemMang/heap_4.o
 .text.prvInsertBlockIntoFreeList
                0x00001074       0xb4 ./freertos/freertos_kernel/portable/MemMang/heap_4.o
 .text.pxPortInitialiseStack
                0x00001128       0x68 ./freertos/freertos_kernel/portable/GCC/ARM_CM4F/port.o
                0x00001128                pxPortInitialiseStack
 .text.prvTaskExitError
                0x00001190       0x58 ./freertos/freertos_kernel/portable/GCC/ARM_CM4F/port.o
 .text.prvPortStartFirstTask
                0x000011e8       0x2c ./freertos/freertos_kernel/portable/GCC/ARM_CM4F/port.o
 .text.xPortStartScheduler
                0x00001214      0x144 ./freertos/freertos_kernel/portable/GCC/ARM_CM4F/port.o
                0x00001214                xPortStartScheduler
 .text.vPortEnterCritical
                0x00001358       0x60 ./freertos/freertos_kernel/portable/GCC/ARM_CM4F/port.o
                0x00001358                vPortEnterCritical
 .text.vPortExitCritical
                0x000013b8       0x54 ./freertos/freertos_kernel/portable/GCC/ARM_CM4F/port.o
                0x000013b8                vPortExitCritical
 .text.SysTick_Handler
                0x0000140c       0x44 ./freertos/freertos_kernel/portable/GCC/ARM_CM4F/port.o
                0x0000140c                SysTick_Handler
 .text.vPortSetupTimerInterrupt
                0x00001450       0x48 ./freertos/freertos_kernel/portable/GCC/ARM_CM4F/port.o
                0x00001450                vPortSetupTimerInterrupt
 .text.vPortEnableVFP
                0x00001498       0x18 ./freertos/freertos_kernel/portable/GCC/ARM_CM4F/port.o
 .text.vPortValidateInterruptPriority
                0x000014b0       0x80 ./freertos/freertos_kernel/portable/GCC/ARM_CM4F/port.o
                0x000014b0                vPortValidateInterruptPriority
 .text.xQueueGenericReset
                0x00001530       0xd0 ./freertos/freertos_kernel/queue.o
                0x00001530                xQueueGenericReset
 .text.xQueueGenericSend
                0x00001600      0x1fc ./freertos/freertos_kernel/queue.o
                0x00001600                xQueueGenericSend
 .text.xQueueReceive
                0x000017fc      0x1c0 ./freertos/freertos_kernel/queue.o
                0x000017fc                xQueueReceive
 .text.vQueueAddToRegistry
                0x000019bc       0x54 ./freertos/freertos_kernel/queue.o
                0x000019bc                vQueueAddToRegistry
 .text.prvAddNewTaskToReadyList
                0x00001a10       0xdc ./freertos/freertos_kernel/tasks.o
 .text.vTaskSuspend
                0x00001aec      0x140 ./freertos/freertos_kernel/tasks.o
                0x00001aec                vTaskSuspend
 .text.vTaskStartScheduler
                0x00001c2c       0xa4 ./freertos/freertos_kernel/tasks.o
                0x00001c2c                vTaskStartScheduler
 .text.vTaskSuspendAll
                0x00001cd0       0x1c ./freertos/freertos_kernel/tasks.o
                0x00001cd0                vTaskSuspendAll
 .text.xTaskResumeAll
                0x00001cec      0x138 ./freertos/freertos_kernel/tasks.o
                0x00001cec                xTaskResumeAll
 .text.xTaskGetTickCount
                0x00001e24       0x20 ./freertos/freertos_kernel/tasks.o
                0x00001e24                xTaskGetTickCount
 .text.xTaskIncrementTick
                0x00001e44      0x154 ./freertos/freertos_kernel/tasks.o
                0x00001e44                xTaskIncrementTick
 .text.vTaskSwitchContext
                0x00001f98       0xb8 ./freertos/freertos_kernel/tasks.o
                0x00001f98                vTaskSwitchContext
 .text.vTaskPlaceOnEventList
                0x00002050       0x48 ./freertos/freertos_kernel/tasks.o
                0x00002050                vTaskPlaceOnEventList
 .text.vTaskPlaceOnEventListRestricted
                0x00002098       0x58 ./freertos/freertos_kernel/tasks.o
                0x00002098                vTaskPlaceOnEventListRestricted
 .text.xTaskRemoveFromEventList
                0x000020f0       0xc4 ./freertos/freertos_kernel/tasks.o
                0x000020f0                xTaskRemoveFromEventList
 .text.vTaskInternalSetTimeOutState
                0x000021b4       0x2c ./freertos/freertos_kernel/tasks.o
                0x000021b4                vTaskInternalSetTimeOutState
 .text.xTaskCheckForTimeOut
                0x000021e0       0xcc ./freertos/freertos_kernel/tasks.o
                0x000021e0                xTaskCheckForTimeOut
 .text.vTaskMissedYield
                0x000022ac       0x18 ./freertos/freertos_kernel/tasks.o
                0x000022ac                vTaskMissedYield
 .text.prvIdleTask
                0x000022c4       0x30 ./freertos/freertos_kernel/tasks.o
 .text.prvInitialiseTaskLists
                0x000022f4       0x80 ./freertos/freertos_kernel/tasks.o
 .text.prvCheckTasksWaitingTermination
                0x00002374       0x5c ./freertos/freertos_kernel/tasks.o
 .text.prvResetNextTaskUnblockTime
                0x000023d0       0x38 ./freertos/freertos_kernel/tasks.o
 .text.xTaskGetSchedulerState
                0x00002408       0x3c ./freertos/freertos_kernel/tasks.o
                0x00002408                xTaskGetSchedulerState
 .text.xTaskPriorityDisinherit
                0x00002444       0xf4 ./freertos/freertos_kernel/tasks.o
                0x00002444                xTaskPriorityDisinherit
 .text.prvAddCurrentTaskToDelayedList
                0x00002538       0xcc ./freertos/freertos_kernel/tasks.o
 .text.xTimerCreateTimerTask
                0x00002604       0x64 ./freertos/freertos_kernel/timers.o
                0x00002604                xTimerCreateTimerTask
 .text.xTimerGenericCommand
                0x00002668       0x9c ./freertos/freertos_kernel/timers.o
                0x00002668                xTimerGenericCommand
 .text.prvProcessExpiredTimer
                0x00002704       0x98 ./freertos/freertos_kernel/timers.o
 .text.prvProcessTimerOrBlockTask
                0x0000279c       0x9c ./freertos/freertos_kernel/timers.o
 .text.prvGetNextExpireTime
                0x00002838       0x48 ./freertos/freertos_kernel/timers.o
 .text.prvSampleTimeNow
                0x00002880       0x40 ./freertos/freertos_kernel/timers.o
 .text.prvInsertTimerInActiveList
                0x000028c0       0x84 ./freertos/freertos_kernel/timers.o
 .text.prvProcessReceivedCommands
                0x00002944      0x1c4 ./freertos/freertos_kernel/timers.o
 .text.prvSwitchTimerLists
                0x00002b08       0xc8 ./freertos/freertos_kernel/timers.o
 .text.prvCheckForValidListAndQueue
                0x00002bd0       0x6c ./freertos/freertos_kernel/timers.o
 .text.CLOCK_SetEr32kClock
                0x00002c3c       0x30 ./drivers/fsl_clock.o
 .text.CLOCK_SetPllFllSelClock
                0x00002c6c       0x38 ./drivers/fsl_clock.o
 .text.CLOCK_GetMcgExtClkFreq
                0x00002ca4       0x7c ./drivers/fsl_clock.o
 .text.CLOCK_GetFllExtRefClkFreq
                0x00002d20       0xb0 ./drivers/fsl_clock.o
 .text.CLOCK_GetInternalRefClkSelectFreq
                0x00002dd0       0x4c ./drivers/fsl_clock.o
 .text.CLOCK_GetFllRefClkFreq
                0x00002e1c       0x34 ./drivers/fsl_clock.o
 .text.CLOCK_GetOscRangeFromFreq
                0x00002e50       0x3c ./drivers/fsl_clock.o
 .text.CLOCK_GetOsc0ErClkFreq
                0x00002e8c       0x44 ./drivers/fsl_clock.o
                0x00002e8c                CLOCK_GetOsc0ErClkFreq
 .text.CLOCK_GetEr32kClkFreq
                0x00002ed0       0x74 ./drivers/fsl_clock.o
                0x00002ed0                CLOCK_GetEr32kClkFreq
 .text.CLOCK_GetPllFllSelClkFreq
                0x00002f44       0x54 ./drivers/fsl_clock.o
                0x00002f44                CLOCK_GetPllFllSelClkFreq
 .text.CLOCK_GetCoreSysClkFreq
                0x00002f98       0x28 ./drivers/fsl_clock.o
                0x00002f98                CLOCK_GetCoreSysClkFreq
 .text.CLOCK_GetFreq
                0x00002fc0      0x140 ./drivers/fsl_clock.o
                0x00002fc0                CLOCK_GetFreq
 .text.CLOCK_SetSimConfig
                0x00003100       0x34 ./drivers/fsl_clock.o
                0x00003100                CLOCK_SetSimConfig
 .text.CLOCK_GetOutClkFreq
                0x00003134       0x64 ./drivers/fsl_clock.o
                0x00003134                CLOCK_GetOutClkFreq
 .text.CLOCK_GetFllFreq
                0x00003198       0x84 ./drivers/fsl_clock.o
                0x00003198                CLOCK_GetFllFreq
 .text.CLOCK_GetInternalRefClkFreq
                0x0000321c       0x30 ./drivers/fsl_clock.o
                0x0000321c                CLOCK_GetInternalRefClkFreq
 .text.CLOCK_GetPll0Freq
                0x0000324c       0x78 ./drivers/fsl_clock.o
                0x0000324c                CLOCK_GetPll0Freq
 .text.CLOCK_SetExternalRefClkConfig
                0x000032c4       0x6c ./drivers/fsl_clock.o
                0x000032c4                CLOCK_SetExternalRefClkConfig
 .text.CLOCK_SetInternalRefClkConfig
                0x00003330      0x104 ./drivers/fsl_clock.o
                0x00003330                CLOCK_SetInternalRefClkConfig
 .text.CLOCK_EnablePll0
                0x00003434       0x88 ./drivers/fsl_clock.o
                0x00003434                CLOCK_EnablePll0
 .text.CLOCK_InitOsc0
                0x000034bc       0x8c ./drivers/fsl_clock.o
                0x000034bc                CLOCK_InitOsc0
 .text.CLOCK_SetPbeMode
                0x00003548       0xa8 ./drivers/fsl_clock.o
                0x00003548                CLOCK_SetPbeMode
 .text.CLOCK_BootToPeeMode
                0x000035f0       0x64 ./drivers/fsl_clock.o
                0x000035f0                CLOCK_BootToPeeMode
 .text.FLEXCAN_GetInstance
                0x00003654       0x44 ./drivers/fsl_flexcan.o
                0x00003654                FLEXCAN_GetInstance
 .text.FLEXCAN_Reset
                0x00003698       0xbc ./drivers/fsl_flexcan.o
 .text.FLEXCAN_SetBitRate
                0x00003754       0xb0 ./drivers/fsl_flexcan.o
 .text.FLEXCAN_Init
                0x00003804      0x1a0 ./drivers/fsl_flexcan.o
                0x00003804                FLEXCAN_Init
 .text.FLEXCAN_GetDefaultConfig
                0x000039a4       0x88 ./drivers/fsl_flexcan.o
                0x000039a4                FLEXCAN_GetDefaultConfig
 .text.FLEXCAN_SetTimingConfig
                0x00003a2c       0x7c ./drivers/fsl_flexcan.o
                0x00003a2c                FLEXCAN_SetTimingConfig
 .text.FLEXCAN_SetTxMbConfig
                0x00003aa8       0xa4 ./drivers/fsl_flexcan.o
                0x00003aa8                FLEXCAN_SetTxMbConfig
 .text.FLEXCAN_GetSegments
                0x00003b4c      0x19c ./drivers/fsl_flexcan.o
 .text.FLEXCAN_CalculateImprovedTimingValues
                0x00003ce8      0x10c ./drivers/fsl_flexcan.o
                0x00003ce8                FLEXCAN_CalculateImprovedTimingValues
 .text.FLEXCAN_SetRxMbConfig
                0x00003df4       0xf8 ./drivers/fsl_flexcan.o
                0x00003df4                FLEXCAN_SetRxMbConfig
 .text.FLEXCAN_WriteTxMb
                0x00003eec      0x148 ./drivers/fsl_flexcan.o
                0x00003eec                FLEXCAN_WriteTxMb
 .text.FLEXCAN_ReadRxMb
                0x00004034      0x124 ./drivers/fsl_flexcan.o
                0x00004034                FLEXCAN_ReadRxMb
 .text.CAN0_DriverIRQHandler
                0x00004158       0x3c ./drivers/fsl_flexcan.o
                0x00004158                CAN0_DriverIRQHandler
 .text.I2C_TransferCommonIRQHandler
                0x00004194       0x58 ./drivers/fsl_i2c.o
 .text.I2C0_DriverIRQHandler
                0x000041ec       0x1c ./drivers/fsl_i2c.o
                0x000041ec                I2C0_DriverIRQHandler
 .text.I2C1_DriverIRQHandler
                0x00004208       0x1c ./drivers/fsl_i2c.o
                0x00004208                I2C1_DriverIRQHandler
 .text.I2C2_DriverIRQHandler
                0x00004224       0x1c ./drivers/fsl_i2c.o
                0x00004224                I2C2_DriverIRQHandler
 .text.UART_GetInstance
                0x00004240       0x54 ./drivers/fsl_uart.o
                0x00004240                UART_GetInstance
 .text.UART_Init
                0x00004294      0x2f4 ./drivers/fsl_uart.o
                0x00004294                UART_Init
 .text.UART_GetDefaultConfig
                0x00004588       0x68 ./drivers/fsl_uart.o
                0x00004588                UART_GetDefaultConfig
 .text.UART_ReadBlocking
                0x000045f0       0xfc ./drivers/fsl_uart.o
                0x000045f0                UART_ReadBlocking
 .text.UART0_DriverIRQHandler
                0x000046ec       0x28 ./drivers/fsl_uart.o
                0x000046ec                UART0_DriverIRQHandler
 .text.UART1_DriverIRQHandler
                0x00004714       0x28 ./drivers/fsl_uart.o
                0x00004714                UART1_DriverIRQHandler
 .text.UART2_DriverIRQHandler
                0x0000473c       0x28 ./drivers/fsl_uart.o
                0x0000473c                UART2_DriverIRQHandler
 .text.UART3_DriverIRQHandler
                0x00004764       0x28 ./drivers/fsl_uart.o
                0x00004764                UART3_DriverIRQHandler
 .text.UART4_DriverIRQHandler
                0x0000478c       0x28 ./drivers/fsl_uart.o
                0x0000478c                UART4_DriverIRQHandler
 .text.UART5_DriverIRQHandler
                0x000047b4       0x28 ./drivers/fsl_uart.o
                0x000047b4                UART5_DriverIRQHandler
 .text.SystemInit
                0x000047dc       0x3c ./device/system_MK64F12.o
                0x000047dc                SystemInit
 .text.HAL_UartInit
                0x00004818      0x128 ./component/uart/fsl_adapter_uart.o
                0x00004818                HAL_UartInit
 .text.HAL_UartReceiveBlocking
                0x00004940       0x6c ./component/uart/fsl_adapter_uart.o
                0x00004940                HAL_UartReceiveBlocking
 .text.HAL_UartSendBlocking
                0x000049ac       0x64 ./component/uart/fsl_adapter_uart.o
                0x000049ac                HAL_UartSendBlocking
 .text.CLOCK_SetSimSafeDivs
                0x00004a10       0x20 ./board/clock_config.o
 .text.CLOCK_SetXtal0Freq
                0x00004a30       0x20 ./board/clock_config.o
 .text.CLOCK_CONFIG_SetFllExtRefDiv
                0x00004a50       0x3c ./board/clock_config.o
 .text.BOARD_BootClockRUN
                0x00004a8c       0x60 ./board/clock_config.o
                0x00004a8c                BOARD_BootClockRUN
 .text.BOARD_InitPins
                0x00004aec       0x58 ./board/pin_mux.o
                0x00004aec                BOARD_InitPins
 .text._initio  0x00004b44       0x78 d:/nxp/mcuxpressoide_11.6.0_8187/ide/plugins/com.nxp.mcuxpresso.tools.win32_11.6.0.202112161359/tools/bin/../lib/gcc/arm-none-eabi/10.3.1/../../../../arm-none-eabi/lib/thumb/v7e-m+fp/hard\libcr_c.a(initio.o)
                0x00004b44                _initio
 .text.fflush   0x00004bbc       0x3c d:/nxp/mcuxpressoide_11.6.0_8187/ide/plugins/com.nxp.mcuxpresso.tools.win32_11.6.0.202112161359/tools/bin/../lib/gcc/arm-none-eabi/10.3.1/../../../../arm-none-eabi/lib/thumb/v7e-m+fp/hard\libcr_c.a(fflush.o)
                0x00004bbc                fflush
 .text.fseek    0x00004bf8       0xfc d:/nxp/mcuxpressoide_11.6.0_8187/ide/plugins/com.nxp.mcuxpresso.tools.win32_11.6.0.202112161359/tools/bin/../lib/gcc/arm-none-eabi/10.3.1/../../../../arm-none-eabi/lib/thumb/v7e-m+fp/hard\libcr_c.a(fseek.o)
                0x00004bf8                fseek
 .text.ftell    0x00004cf4       0x44 d:/nxp/mcuxpressoide_11.6.0_8187/ide/plugins/com.nxp.mcuxpresso.tools.win32_11.6.0.202112161359/tools/bin/../lib/gcc/arm-none-eabi/10.3.1/../../../../arm-none-eabi/lib/thumb/v7e-m+fp/hard\libcr_c.a(ftell.o)
                0x00004cf4                ftell
 .text._Cwritebuf
                0x00004d38       0x6c d:/nxp/mcuxpressoide_11.6.0_8187/ide/plugins/com.nxp.mcuxpresso.tools.win32_11.6.0.202112161359/tools/bin/../lib/gcc/arm-none-eabi/10.3.1/../../../../arm-none-eabi/lib/thumb/v7e-m+fp/hard\libcr_c.a(_writebuf.o)
                0x00004d38                _Cwritebuf
 .text.DbgConsole_Printf
                0x00004da4       0x2c ./utilities/fsl_debug_console.o
                0x00004da4                DbgConsole_Printf
 .text.DbgConsole_PrintfPaddingCharacter
                0x00004dd0       0x40 ./utilities/fsl_debug_console.o
 .text.DbgConsole_ConvertRadixNumToString
                0x00004e10       0xc2 ./utilities/fsl_debug_console.o
 .text.DMA0_IRQHandler
                0x00004ed2        0x8 ./startup/startup_mk64f12.o
                0x00004ed2                DMA0_IRQHandler
 .text.DMA1_IRQHandler
                0x00004eda        0x8 ./startup/startup_mk64f12.o
                0x00004eda                DMA1_IRQHandler
 .text.DMA2_IRQHandler
                0x00004ee2        0x8 ./startup/startup_mk64f12.o
                0x00004ee2                DMA2_IRQHandler
 .text.DMA3_IRQHandler
                0x00004eea        0x8 ./startup/startup_mk64f12.o
                0x00004eea                DMA3_IRQHandler
 .text.DMA4_IRQHandler
                0x00004ef2        0x8 ./startup/startup_mk64f12.o
                0x00004ef2                DMA4_IRQHandler
 .text.DMA5_IRQHandler
                0x00004efa        0x8 ./startup/startup_mk64f12.o
                0x00004efa                DMA5_IRQHandler
 .text.DMA6_IRQHandler
                0x00004f02        0x8 ./startup/startup_mk64f12.o
                0x00004f02                DMA6_IRQHandler
 .text.DMA7_IRQHandler
                0x00004f0a        0x8 ./startup/startup_mk64f12.o
                0x00004f0a                DMA7_IRQHandler
 .text.DMA8_IRQHandler
                0x00004f12        0x8 ./startup/startup_mk64f12.o
                0x00004f12                DMA8_IRQHandler
 .text.DMA9_IRQHandler
                0x00004f1a        0x8 ./startup/startup_mk64f12.o
                0x00004f1a                DMA9_IRQHandler
 .text.DMA10_IRQHandler
                0x00004f22        0x8 ./startup/startup_mk64f12.o
                0x00004f22                DMA10_IRQHandler
 .text.DMA11_IRQHandler
                0x00004f2a        0x8 ./startup/startup_mk64f12.o
                0x00004f2a                DMA11_IRQHandler
 .text.DMA12_IRQHandler
                0x00004f32        0x8 ./startup/startup_mk64f12.o
                0x00004f32                DMA12_IRQHandler
 .text.DMA13_IRQHandler
                0x00004f3a        0x8 ./startup/startup_mk64f12.o
                0x00004f3a                DMA13_IRQHandler
 .text.DMA14_IRQHandler
                0x00004f42        0x8 ./startup/startup_mk64f12.o
                0x00004f42                DMA14_IRQHandler
 .text.DMA15_IRQHandler
                0x00004f4a        0x8 ./startup/startup_mk64f12.o
                0x00004f4a                DMA15_IRQHandler
 .text.DMA_Error_IRQHandler
                0x00004f52        0x8 ./startup/startup_mk64f12.o
                0x00004f52                DMA_Error_IRQHandler
 .text.MCM_IRQHandler
                0x00004f5a        0x8 ./startup/startup_mk64f12.o
                0x00004f5a                MCM_IRQHandler
 .text.FTFE_IRQHandler
                0x00004f62        0x8 ./startup/startup_mk64f12.o
                0x00004f62                FTFE_IRQHandler
 .text.Read_Collision_IRQHandler
                0x00004f6a        0x8 ./startup/startup_mk64f12.o
                0x00004f6a                Read_Collision_IRQHandler
 .text.LVD_LVW_IRQHandler
                0x00004f72        0x8 ./startup/startup_mk64f12.o
                0x00004f72                LVD_LVW_IRQHandler
 .text.LLWU_IRQHandler
                0x00004f7a        0x8 ./startup/startup_mk64f12.o
                0x00004f7a                LLWU_IRQHandler
 .text.WDOG_EWM_IRQHandler
                0x00004f82        0x8 ./startup/startup_mk64f12.o
                0x00004f82                WDOG_EWM_IRQHandler
 .text.RNG_IRQHandler
                0x00004f8a        0x8 ./startup/startup_mk64f12.o
                0x00004f8a                RNG_IRQHandler
 .text.I2C0_IRQHandler
                0x00004f92        0x8 ./startup/startup_mk64f12.o
                0x00004f92                I2C0_IRQHandler
 .text.I2C1_IRQHandler
                0x00004f9a        0x8 ./startup/startup_mk64f12.o
                0x00004f9a                I2C1_IRQHandler
 .text.SPI0_IRQHandler
                0x00004fa2        0x8 ./startup/startup_mk64f12.o
                0x00004fa2                SPI0_IRQHandler
 .text.SPI1_IRQHandler
                0x00004faa        0x8 ./startup/startup_mk64f12.o
                0x00004faa                SPI1_IRQHandler
 .text.I2S0_Tx_IRQHandler
                0x00004fb2        0x8 ./startup/startup_mk64f12.o
                0x00004fb2                I2S0_Tx_IRQHandler
 .text.I2S0_Rx_IRQHandler
                0x00004fba        0x8 ./startup/startup_mk64f12.o
                0x00004fba                I2S0_Rx_IRQHandler
 .text.UART0_LON_IRQHandler
                0x00004fc2        0x8 ./startup/startup_mk64f12.o
                0x00004fc2                UART0_LON_IRQHandler
 .text.UART0_RX_TX_IRQHandler
                0x00004fca        0x8 ./startup/startup_mk64f12.o
                0x00004fca                UART0_RX_TX_IRQHandler
 .text.UART0_ERR_IRQHandler
                0x00004fd2        0x8 ./startup/startup_mk64f12.o
                0x00004fd2                UART0_ERR_IRQHandler
 .text.UART1_RX_TX_IRQHandler
                0x00004fda        0x8 ./startup/startup_mk64f12.o
                0x00004fda                UART1_RX_TX_IRQHandler
 .text.UART1_ERR_IRQHandler
                0x00004fe2        0x8 ./startup/startup_mk64f12.o
                0x00004fe2                UART1_ERR_IRQHandler
 .text.UART2_RX_TX_IRQHandler
                0x00004fea        0x8 ./startup/startup_mk64f12.o
                0x00004fea                UART2_RX_TX_IRQHandler
 .text.UART2_ERR_IRQHandler
                0x00004ff2        0x8 ./startup/startup_mk64f12.o
                0x00004ff2                UART2_ERR_IRQHandler
 .text.UART3_RX_TX_IRQHandler
                0x00004ffa        0x8 ./startup/startup_mk64f12.o
                0x00004ffa                UART3_RX_TX_IRQHandler
 .text.UART3_ERR_IRQHandler
                0x00005002        0x8 ./startup/startup_mk64f12.o
                0x00005002                UART3_ERR_IRQHandler
 .text.ADC0_IRQHandler
                0x0000500a        0x8 ./startup/startup_mk64f12.o
                0x0000500a                ADC0_IRQHandler
 .text.CMP0_IRQHandler
                0x00005012        0x8 ./startup/startup_mk64f12.o
                0x00005012                CMP0_IRQHandler
 .text.CMP1_IRQHandler
                0x0000501a        0x8 ./startup/startup_mk64f12.o
                0x0000501a                CMP1_IRQHandler
 .text.FTM0_IRQHandler
                0x00005022        0x8 ./startup/startup_mk64f12.o
                0x00005022                FTM0_IRQHandler
 .text.FTM1_IRQHandler
                0x0000502a        0x8 ./startup/startup_mk64f12.o
                0x0000502a                FTM1_IRQHandler
 .text.FTM2_IRQHandler
                0x00005032        0x8 ./startup/startup_mk64f12.o
                0x00005032                FTM2_IRQHandler
 .text.CMT_IRQHandler
                0x0000503a        0x8 ./startup/startup_mk64f12.o
                0x0000503a                CMT_IRQHandler
 .text.RTC_IRQHandler
                0x00005042        0x8 ./startup/startup_mk64f12.o
                0x00005042                RTC_IRQHandler
 .text.RTC_Seconds_IRQHandler
                0x0000504a        0x8 ./startup/startup_mk64f12.o
                0x0000504a                RTC_Seconds_IRQHandler
 .text.PIT0_IRQHandler
                0x00005052        0x8 ./startup/startup_mk64f12.o
                0x00005052                PIT0_IRQHandler
 .text.PIT1_IRQHandler
                0x0000505a        0x8 ./startup/startup_mk64f12.o
                0x0000505a                PIT1_IRQHandler
 .text.PIT2_IRQHandler
                0x00005062        0x8 ./startup/startup_mk64f12.o
                0x00005062                PIT2_IRQHandler
 .text.PIT3_IRQHandler
                0x0000506a        0x8 ./startup/startup_mk64f12.o
                0x0000506a                PIT3_IRQHandler
 .text.PDB0_IRQHandler
                0x00005072        0x8 ./startup/startup_mk64f12.o
                0x00005072                PDB0_IRQHandler
 .text.USB0_IRQHandler
                0x0000507a        0x8 ./startup/startup_mk64f12.o
                0x0000507a                USB0_IRQHandler
 .text.USBDCD_IRQHandler
                0x00005082        0x8 ./startup/startup_mk64f12.o
                0x00005082                USBDCD_IRQHandler
 .text.Reserved71_IRQHandler
                0x0000508a        0x8 ./startup/startup_mk64f12.o
                0x0000508a                Reserved71_IRQHandler
 .text.DAC0_IRQHandler
                0x00005092        0x8 ./startup/startup_mk64f12.o
                0x00005092                DAC0_IRQHandler
 .text.MCG_IRQHandler
                0x0000509a        0x8 ./startup/startup_mk64f12.o
                0x0000509a                MCG_IRQHandler
 .text.LPTMR0_IRQHandler
                0x000050a2        0x8 ./startup/startup_mk64f12.o
                0x000050a2                LPTMR0_IRQHandler
 .text.PORTA_IRQHandler
                0x000050aa        0x8 ./startup/startup_mk64f12.o
                0x000050aa                PORTA_IRQHandler
 .text.PORTB_IRQHandler
                0x000050b2        0x8 ./startup/startup_mk64f12.o
                0x000050b2                PORTB_IRQHandler
 .text.PORTC_IRQHandler
                0x000050ba        0x8 ./startup/startup_mk64f12.o
                0x000050ba                PORTC_IRQHandler
 .text.PORTD_IRQHandler
                0x000050c2        0x8 ./startup/startup_mk64f12.o
                0x000050c2                PORTD_IRQHandler
 .text.PORTE_IRQHandler
                0x000050ca        0x8 ./startup/startup_mk64f12.o
                0x000050ca                PORTE_IRQHandler
 .text.SWI_IRQHandler
                0x000050d2        0x8 ./startup/startup_mk64f12.o
                0x000050d2                SWI_IRQHandler
 .text.SPI2_IRQHandler
                0x000050da        0x8 ./startup/startup_mk64f12.o
                0x000050da                SPI2_IRQHandler
 .text.UART4_RX_TX_IRQHandler
                0x000050e2        0x8 ./startup/startup_mk64f12.o
                0x000050e2                UART4_RX_TX_IRQHandler
 .text.UART4_ERR_IRQHandler
                0x000050ea        0x8 ./startup/startup_mk64f12.o
                0x000050ea                UART4_ERR_IRQHandler
 .text.UART5_RX_TX_IRQHandler
                0x000050f2        0x8 ./startup/startup_mk64f12.o
                0x000050f2                UART5_RX_TX_IRQHandler
 .text.UART5_ERR_IRQHandler
                0x000050fa        0x8 ./startup/startup_mk64f12.o
                0x000050fa                UART5_ERR_IRQHandler
 .text.CMP2_IRQHandler
                0x00005102        0x8 ./startup/startup_mk64f12.o
                0x00005102                CMP2_IRQHandler
 .text.FTM3_IRQHandler
                0x0000510a        0x8 ./startup/startup_mk64f12.o
                0x0000510a                FTM3_IRQHandler
 .text.DAC1_IRQHandler
                0x00005112        0x8 ./startup/startup_mk64f12.o
                0x00005112                DAC1_IRQHandler
 .text.ADC1_IRQHandler
                0x0000511a        0x8 ./startup/startup_mk64f12.o
                0x0000511a                ADC1_IRQHandler
 .text.I2C2_IRQHandler
                0x00005122        0x8 ./startup/startup_mk64f12.o
                0x00005122                I2C2_IRQHandler
 .text.CAN0_Bus_Off_IRQHandler
                0x0000512a        0x8 ./startup/startup_mk64f12.o
                0x0000512a                CAN0_Bus_Off_IRQHandler
 .text.CAN0_Error_IRQHandler
                0x00005132        0x8 ./startup/startup_mk64f12.o
                0x00005132                CAN0_Error_IRQHandler
 .text.CAN0_Tx_Warning_IRQHandler
                0x0000513a        0x8 ./startup/startup_mk64f12.o
                0x0000513a                CAN0_Tx_Warning_IRQHandler
 .text.CAN0_Rx_Warning_IRQHandler
                0x00005142        0x8 ./startup/startup_mk64f12.o
                0x00005142                CAN0_Rx_Warning_IRQHandler
 .text.CAN0_Wake_Up_IRQHandler
                0x0000514a        0x8 ./startup/startup_mk64f12.o
                0x0000514a                CAN0_Wake_Up_IRQHandler
 .text.SDHC_IRQHandler
                0x00005152        0x8 ./startup/startup_mk64f12.o
                0x00005152                SDHC_IRQHandler
 .text.ENET_1588_Timer_IRQHandler
                0x0000515a        0x8 ./startup/startup_mk64f12.o
                0x0000515a                ENET_1588_Timer_IRQHandler
 .text.ENET_Transmit_IRQHandler
                0x00005162        0x8 ./startup/startup_mk64f12.o
                0x00005162                ENET_Transmit_IRQHandler
 .text.ENET_Receive_IRQHandler
                0x0000516a        0x8 ./startup/startup_mk64f12.o
                0x0000516a                ENET_Receive_IRQHandler
 .text.ENET_Error_IRQHandler
                0x00005172        0x8 ./startup/startup_mk64f12.o
                0x00005172                ENET_Error_IRQHandler
 .text.EnableIRQ
                0x0000517a       0x32 ./source/flexcan_loopback_host.o
 .text.FLEXCAN_GetMbStatusFlags
                0x000051ac       0x1e ./source/flexcan_loopback_host.o
 .text.FLEXCAN_ClearMbStatusFlags
                0x000051ca       0x1c ./source/flexcan_loopback_host.o
 .text.FLEXCAN_EnableMbInterrupts
                0x000051e6       0x22 ./source/flexcan_loopback_host.o
 .text.HardFault_Handler
                0x00005208       0x2c ./source/semihost_hardfault.o
                0x00005208                HardFault_Handler
 .text.vListInitialise
                0x00005234       0x40 ./freertos/freertos_kernel/list.o
                0x00005234                vListInitialise
 .text.vListInitialiseItem
                0x00005274       0x1a ./freertos/freertos_kernel/list.o
                0x00005274                vListInitialiseItem
 .text.vListInsertEnd
                0x0000528e       0x48 ./freertos/freertos_kernel/list.o
                0x0000528e                vListInsertEnd
 .text.vListInsert
                0x000052d6       0x72 ./freertos/freertos_kernel/list.o
                0x000052d6                vListInsert
 .text.uxListRemove
                0x00005348       0x54 ./freertos/freertos_kernel/list.o
                0x00005348                uxListRemove
 .text.xQueueGenericCreate
                0x0000539c       0xbe ./freertos/freertos_kernel/queue.o
                0x0000539c                xQueueGenericCreate
 .text.prvInitialiseNewQueue
                0x0000545a       0x46 ./freertos/freertos_kernel/queue.o
 .text.xQueueGenericSendFromISR
                0x000054a0      0x154 ./freertos/freertos_kernel/queue.o
                0x000054a0                xQueueGenericSendFromISR
 .text.prvCopyDataToQueue
                0x000055f4       0xd4 ./freertos/freertos_kernel/queue.o
 .text.prvCopyDataFromQueue
                0x000056c8       0x4c ./freertos/freertos_kernel/queue.o
 .text.prvUnlockQueue
                0x00005714       0xa4 ./freertos/freertos_kernel/queue.o
 .text.prvIsQueueEmpty
                0x000057b8       0x2c ./freertos/freertos_kernel/queue.o
 .text.prvIsQueueFull
                0x000057e4       0x30 ./freertos/freertos_kernel/queue.o
 .text.vQueueWaitForMessageRestricted
                0x00005814       0x68 ./freertos/freertos_kernel/queue.o
                0x00005814                vQueueWaitForMessageRestricted
 .text.xTaskCreate
                0x0000587c       0x82 ./freertos/freertos_kernel/tasks.o
                0x0000587c                xTaskCreate
 .text.prvInitialiseNewTask
                0x000058fe      0x13a ./freertos/freertos_kernel/tasks.o
 .text.prvDeleteTCB
                0x00005a38       0x20 ./freertos/freertos_kernel/tasks.o
 .text.xTimerCreate
                0x00005a58       0x42 ./freertos/freertos_kernel/timers.o
                0x00005a58                xTimerCreate
 .text.prvInitialiseNewTimer
                0x00005a9a       0x76 ./freertos/freertos_kernel/timers.o
 .text.prvTimerTask
                0x00005b10       0x24 ./freertos/freertos_kernel/timers.o
 .text.OSC_SetExtRefClkConfig
                0x00005b34       0x34 ./drivers/fsl_clock.o
 .text.OSC_SetCapLoad
                0x00005b68       0x34 ./drivers/fsl_clock.o
 .text.CLOCK_GetPll0RefFreq
                0x00005b9c        0xe ./drivers/fsl_clock.o
 .text.CLOCK_GetFixedFreqClkFreq
                0x00005baa       0x34 ./drivers/fsl_clock.o
                0x00005baa                CLOCK_GetFixedFreqClkFreq
 .text.CLOCK_EnableClock
                0x00005bde       0x34 ./drivers/fsl_flexcan.o
 .text.FLEXCAN_GetMbStatusFlags
                0x00005c12       0x1e ./drivers/fsl_flexcan.o
 .text.FLEXCAN_ClearMbStatusFlags
                0x00005c30       0x1c ./drivers/fsl_flexcan.o
 .text.FLEXCAN_Enable
                0x00005c4c       0x54 ./drivers/fsl_flexcan.o
 .text.FLEXCAN_EnterFreezeMode
                0x00005ca0       0x3c ./drivers/fsl_flexcan.o
                0x00005ca0                FLEXCAN_EnterFreezeMode
 .text.FLEXCAN_ExitFreezeMode
                0x00005cdc       0x3c ./drivers/fsl_flexcan.o
                0x00005cdc                FLEXCAN_ExitFreezeMode
 .text.FLEXCAN_IsMbOccupied
                0x00005d18       0x56 ./drivers/fsl_flexcan.o
 .text.FLEXCAN_TransferSendBlocking
                0x00005d6e       0x72 ./drivers/fsl_flexcan.o
                0x00005d6e                FLEXCAN_TransferSendBlocking
 .text.CLOCK_EnableClock
                0x00005de0       0x34 ./drivers/fsl_uart.o
 .text.UART_GetStatusFlags
                0x00005e14       0x48 ./drivers/fsl_uart.o
                0x00005e14                UART_GetStatusFlags
 .text.UART_ClearStatusFlags
                0x00005e5c       0x80 ./drivers/fsl_uart.o
                0x00005e5c                UART_ClearStatusFlags
 .text.UART_WriteBlocking
                0x00005edc       0x50 ./drivers/fsl_uart.o
                0x00005edc                UART_WriteBlocking
 .text.UART0_RX_TX_DriverIRQHandler
                0x00005f2c       0x12 ./drivers/fsl_uart.o
                0x00005f2c                UART0_RX_TX_DriverIRQHandler
 .text.UART1_RX_TX_DriverIRQHandler
                0x00005f3e       0x12 ./drivers/fsl_uart.o
                0x00005f3e                UART1_RX_TX_DriverIRQHandler
 .text.UART2_RX_TX_DriverIRQHandler
                0x00005f50       0x12 ./drivers/fsl_uart.o
                0x00005f50                UART2_RX_TX_DriverIRQHandler
 .text.UART3_RX_TX_DriverIRQHandler
                0x00005f62       0x12 ./drivers/fsl_uart.o
                0x00005f62                UART3_RX_TX_DriverIRQHandler
 .text.UART4_RX_TX_DriverIRQHandler
                0x00005f74       0x12 ./drivers/fsl_uart.o
                0x00005f74                UART4_RX_TX_DriverIRQHandler
 .text.UART5_RX_TX_DriverIRQHandler
                0x00005f86       0x12 ./drivers/fsl_uart.o
                0x00005f86                UART5_RX_TX_DriverIRQHandler
 .text.SystemInitHook
                0x00005f98        0xe ./device/system_MK64F12.o
                0x00005f98                SystemInitHook
 .text.HAL_UartGetStatus
                0x00005fa6       0x22 ./component/uart/fsl_adapter_uart.o
 .text.BOARD_InitDebugConsole
                0x00005fc8       0x22 ./board/board.o
                0x00005fc8                BOARD_InitDebugConsole
 .text.BOARD_InitBootClocks
                0x00005fea        0xc ./board/clock_config.o
                0x00005fea                BOARD_InitBootClocks
 .text.CLOCK_EnableClock
                0x00005ff6       0x34 ./board/pin_mux.o
 .text.PORT_SetPinMux
                0x0000602a       0x3a ./board/pin_mux.o
 .text.BOARD_InitBootPins
                0x00006064        0xc ./board/pin_mux.o
                0x00006064                BOARD_InitBootPins
 .text.__main   0x00006070        0xe d:/nxp/mcuxpressoide_11.6.0_8187/ide/plugins/com.nxp.mcuxpresso.tools.win32_11.6.0.202112161359/tools/bin/../lib/gcc/arm-none-eabi/10.3.1/../../../../arm-none-eabi/lib/thumb/v7e-m+fp/hard\libcr_nohost_nf.a(_cr__main.o)
                0x00006070                __main
 .text.memcpy   0x0000607e        0x4 d:/nxp/mcuxpressoide_11.6.0_8187/ide/plugins/com.nxp.mcuxpresso.tools.win32_11.6.0.202112161359/tools/bin/../lib/gcc/arm-none-eabi/10.3.1/../../../../arm-none-eabi/lib/thumb/v7e-m+fp/hard\libcr_c.a(memcpy.o)
                0x0000607e                memcpy
 .text.memset   0x00006082        0x4 d:/nxp/mcuxpressoide_11.6.0_8187/ide/plugins/com.nxp.mcuxpresso.tools.win32_11.6.0.202112161359/tools/bin/../lib/gcc/arm-none-eabi/10.3.1/../../../../arm-none-eabi/lib/thumb/v7e-m+fp/hard\libcr_c.a(memset.o)
                0x00006082                memset
 .text.free     0x00006086       0x30 d:/nxp/mcuxpressoide_11.6.0_8187/ide/plugins/com.nxp.mcuxpresso.tools.win32_11.6.0.202112161359/tools/bin/../lib/gcc/arm-none-eabi/10.3.1/../../../../arm-none-eabi/lib/thumb/v7e-m+fp/hard\libcr_c.a(alloc.o)
                0x00006086                free
 .text.setvbuf  0x000060b6       0x3e d:/nxp/mcuxpressoide_11.6.0_8187/ide/plugins/com.nxp.mcuxpresso.tools.win32_11.6.0.202112161359/tools/bin/../lib/gcc/arm-none-eabi/10.3.1/../../../../arm-none-eabi/lib/thumb/v7e-m+fp/hard\libcr_c.a(setvbuf.o)
                0x000060b6                setvbuf
 .text.strlen   0x000060f4       0x48 d:/nxp/mcuxpressoide_11.6.0_8187/ide/plugins/com.nxp.mcuxpresso.tools.win32_11.6.0.202112161359/tools/bin/../lib/gcc/arm-none-eabi/10.3.1/../../../../arm-none-eabi/lib/thumb/v7e-m+fp/hard\libcr_c.a(strlen.o)
                0x000060f4                strlen
 .text._fdopen  0x0000613c       0x68 d:/nxp/mcuxpressoide_11.6.0_8187/ide/plugins/com.nxp.mcuxpresso.tools.win32_11.6.0.202112161359/tools/bin/../lib/gcc/arm-none-eabi/10.3.1/../../../../arm-none-eabi/lib/thumb/v7e-m+fp/hard\libcr_c.a(_fdopen.o)
                0x0000613c                _fdopen
 .text.fclose   0x000061a4       0x58 d:/nxp/mcuxpressoide_11.6.0_8187/ide/plugins/com.nxp.mcuxpresso.tools.win32_11.6.0.202112161359/tools/bin/../lib/gcc/arm-none-eabi/10.3.1/../../../../arm-none-eabi/lib/thumb/v7e-m+fp/hard\libcr_c.a(fclose.o)
                0x000061a4                fclose
 .text.remove   0x000061fc       0x14 d:/nxp/mcuxpressoide_11.6.0_8187/ide/plugins/com.nxp.mcuxpresso.tools.win32_11.6.0.202112161359/tools/bin/../lib/gcc/arm-none-eabi/10.3.1/../../../../arm-none-eabi/lib/thumb/v7e-m+fp/hard\libcr_c.a(remove.o)
                0x000061fc                remove
 .text._do_fflush
                0x00006210       0x40 d:/nxp/mcuxpressoide_11.6.0_8187/ide/plugins/com.nxp.mcuxpresso.tools.win32_11.6.0.202112161359/tools/bin/../lib/gcc/arm-none-eabi/10.3.1/../../../../arm-none-eabi/lib/thumb/v7e-m+fp/hard\libcr_c.a(_do_fflush.o)
                0x00006210                _do_fflush
 .text._fflush  0x00006250       0x52 d:/nxp/mcuxpressoide_11.6.0_8187/ide/plugins/com.nxp.mcuxpresso.tools.win32_11.6.0.202112161359/tools/bin/../lib/gcc/arm-none-eabi/10.3.1/../../../../arm-none-eabi/lib/thumb/v7e-m+fp/hard\libcr_c.a(_fflush.o)
                0x00006250                _fflush
 .text._deferredlazyseek
                0x000062a2       0x40 d:/nxp/mcuxpressoide_11.6.0_8187/ide/plugins/com.nxp.mcuxpresso.tools.win32_11.6.0.202112161359/tools/bin/../lib/gcc/arm-none-eabi/10.3.1/../../../../arm-none-eabi/lib/thumb/v7e-m+fp/hard\libcr_c.a(_deferredlazyseek.o)
                0x000062a2                _deferredlazyseek
 .text.__aeabi_memcpy
                0x000062e2       0x34 d:/nxp/mcuxpressoide_11.6.0_8187/ide/plugins/com.nxp.mcuxpresso.tools.win32_11.6.0.202112161359/tools/bin/../lib/gcc/arm-none-eabi/10.3.1/thumb/v7e-m+fp/hard\libcr_eabihelpers.a(memcpy.o)
                0x000062e2                __aeabi_memcpy
                0x000062ec                __aeabi_memcpy8
                0x000062ec                __aeabi_memcpy4
 .text.__aeabi_memset_lowlevel
                0x00006316       0x32 d:/nxp/mcuxpressoide_11.6.0_8187/ide/plugins/com.nxp.mcuxpresso.tools.win32_11.6.0.202112161359/tools/bin/../lib/gcc/arm-none-eabi/10.3.1/thumb/v7e-m+fp/hard\libcr_eabihelpers.a(memcpy.o)
                0x00006316                __aeabi_lowlevel_memset
 .text.__sys_close
                0x00006348        0x6 d:/nxp/mcuxpressoide_11.6.0_8187/ide/plugins/com.nxp.mcuxpresso.tools.win32_11.6.0.202112161359/tools/bin/../lib/gcc/arm-none-eabi/10.3.1/../../../../arm-none-eabi/lib/thumb/v7e-m+fp/hard\libcr_nohost_nf.a(__sys_close.o)
                0x00006348                __sys_close
 .text.__sys_flen
                0x0000634e        0x6 d:/nxp/mcuxpressoide_11.6.0_8187/ide/plugins/com.nxp.mcuxpresso.tools.win32_11.6.0.202112161359/tools/bin/../lib/gcc/arm-none-eabi/10.3.1/../../../../arm-none-eabi/lib/thumb/v7e-m+fp/hard\libcr_nohost_nf.a(__sys_flen.o)
                0x0000634e                __sys_flen
 .text.__sys_istty
                0x00006354        0x6 d:/nxp/mcuxpressoide_11.6.0_8187/ide/plugins/com.nxp.mcuxpresso.tools.win32_11.6.0.202112161359/tools/bin/../lib/gcc/arm-none-eabi/10.3.1/../../../../arm-none-eabi/lib/thumb/v7e-m+fp/hard\libcr_nohost_nf.a(__sys_istty.o)
                0x00006354                __sys_istty
 .text.__sys_remove
                0x0000635a        0x6 d:/nxp/mcuxpressoide_11.6.0_8187/ide/plugins/com.nxp.mcuxpresso.tools.win32_11.6.0.202112161359/tools/bin/../lib/gcc/arm-none-eabi/10.3.1/../../../../arm-none-eabi/lib/thumb/v7e-m+fp/hard\libcr_nohost_nf.a(__sys_remove.o)
                0x0000635a                __sys_remove
 .text.__sys_seek
                0x00006360        0x6 d:/nxp/mcuxpressoide_11.6.0_8187/ide/plugins/com.nxp.mcuxpresso.tools.win32_11.6.0.202112161359/tools/bin/../lib/gcc/arm-none-eabi/10.3.1/../../../../arm-none-eabi/lib/thumb/v7e-m+fp/hard\libcr_nohost_nf.a(__sys_seek.o)
                0x00006360                __sys_seek
 .text.__sys_tmpnam
                0x00006366        0x6 d:/nxp/mcuxpressoide_11.6.0_8187/ide/plugins/com.nxp.mcuxpresso.tools.win32_11.6.0.202112161359/tools/bin/../lib/gcc/arm-none-eabi/10.3.1/../../../../arm-none-eabi/lib/thumb/v7e-m+fp/hard\libcr_nohost_nf.a(__sys_tmpnam.o)
                0x00006366                __sys_tmpnam
 .text.__sys_write
                0x0000636c        0x4 d:/nxp/mcuxpressoide_11.6.0_8187/ide/plugins/com.nxp.mcuxpresso.tools.win32_11.6.0.202112161359/tools/bin/../lib/gcc/arm-none-eabi/10.3.1/../../../../arm-none-eabi/lib/thumb/v7e-m+fp/hard\libcr_nohost_nf.a(__sys_write.o)
                0x0000636c                __sys_write
 *freertos*/tasks.o(SORT_BY_ALIGNMENT(.rodata*))
 .rodata.vTaskStartScheduler.str1.4
                0x00006370        0x5 ./freertos/freertos_kernel/tasks.o
 *(SORT_BY_ALIGNMENT(.rodata) SORT_BY_ALIGNMENT(.rodata.*) SORT_BY_ALIGNMENT(.constdata) SORT_BY_ALIGNMENT(.constdata.*))
 *fill*         0x00006375        0x3 ff
 .rodata.__assertion_failed.str1.4
                0x00006378       0x14 ./utilities/fsl_assert.o
 .rodata.CAN0_ORed_Message_buffer_IRQHandler.str1.4
                0x0000638c       0x4c ./source/flexcan_loopback_host.o
                                 0x50 (size before relaxing)
 .rodata.HardwareInit.str1.4
                0x000063d8       0x84 ./source/flexcan_loopback_host.o
 .rodata.CAN_Task.str1.4
                0x0000645c       0x46 ./source/flexcan_loopback_host.o
 *fill*         0x000064a2        0x2 ff
 .rodata.vTimerCallback.str1.4
                0x000064a4       0x51 ./source/flexcan_loopback_host.o
 *fill*         0x000064f5        0x3 ff
 .rodata.main.str1.4
                0x000064f8       0x41 ./source/flexcan_loopback_host.o
 *fill*         0x00006539        0x3 ff
 .rodata.xTimerCreateTimerTask.str1.4
                0x0000653c        0x8 ./freertos/freertos_kernel/timers.o
 .rodata.prvCheckForValidListAndQueue.str1.4
                0x00006544        0x5 ./freertos/freertos_kernel/timers.o
 *fill*         0x00006549        0x3 ff
 .rodata.CLOCK_GetMcgExtClkFreq.str1.4
                0x0000654c       0x49 ./drivers/fsl_clock.o
 *fill*         0x00006595        0x3 ff
 .rodata.CLOCK_GetOsc0ErClkFreq.str1.4
                0x00006598       0x1e ./drivers/fsl_clock.o
 *fill*         0x000065b6        0x2 ff
 .rodata.CLOCK_GetEr32kClkFreq.str1.4
                0x000065b8       0x1f ./drivers/fsl_clock.o
 *fill*         0x000065d7        0x1 ff
 .rodata.CLOCK_GetPll0Freq.str1.4
                0x000065d8       0x1d ./drivers/fsl_clock.o
 *fill*         0x000065f5        0x3 ff
 .rodata.CLOCK_EnablePll0.str1.4
                0x000065f8       0x1a ./drivers/fsl_clock.o
 *fill*         0x00006612        0x2 ff
 .rodata.CLOCK_SetPbeMode.str1.4
                0x00006614       0x1a ./drivers/fsl_clock.o
 *fill*         0x0000662e        0x2 ff
 .rodata.CLOCK_BootToPeeMode.str1.4
                0x00006630       0x1a ./drivers/fsl_clock.o
 *fill*         0x0000664a        0x2 ff
 .rodata.fllFactorTable.1
                0x0000664c       0x10 ./drivers/fsl_clock.o
 .rodata.FLEXCAN_GetInstance.str1.4
                0x0000665c       0x3a ./drivers/fsl_flexcan.o
 *fill*         0x00006696        0x2 ff
 .rodata.FLEXCAN_Reset.str1.4
                0x00006698       0x3a ./drivers/fsl_flexcan.o
 *fill*         0x000066d2        0x2 ff
 .rodata.FLEXCAN_SetBitRate.str1.4
                0x000066d4       0xb8 ./drivers/fsl_flexcan.o
 .rodata.FLEXCAN_Init.str1.4
                0x0000678c       0xda ./drivers/fsl_flexcan.o
 *fill*         0x00006866        0x2 ff
 .rodata.FLEXCAN_GetDefaultConfig.str1.4
                0x00006868       0x25 ./drivers/fsl_flexcan.o
 *fill*         0x0000688d        0x3 ff
 .rodata.FLEXCAN_SetTimingConfig.str1.4
                0x00006890       0x25 ./drivers/fsl_flexcan.o
 *fill*         0x000068b5        0x3 ff
 .rodata.FLEXCAN_SetTxMbConfig.str1.4
                0x000068b8       0x78 ./drivers/fsl_flexcan.o
 .rodata.FLEXCAN_CalculateImprovedTimingValues.str1.4
                0x00006930       0x30 ./drivers/fsl_flexcan.o
 .rodata.FLEXCAN_SetRxMbConfig.str1.4
                0x00006960       0xbc ./drivers/fsl_flexcan.o
 .rodata.FLEXCAN_WriteTxMb.str1.4
                0x00006a1c       0xcc ./drivers/fsl_flexcan.o
 .rodata.FLEXCAN_ReadRxMb.str1.4
                0x00006ae8       0xa0 ./drivers/fsl_flexcan.o
 .rodata.CAN0_DriverIRQHandler.str1.4
                0x00006b88       0x30 ./drivers/fsl_flexcan.o
 .rodata.s_uartBases
                0x00006bb8       0x18 ./drivers/fsl_uart.o
 .rodata.s_uartClock
                0x00006bd0       0x18 ./drivers/fsl_uart.o
 .rodata.UART_GetInstance.str1.4
                0x00006be8       0x2b ./drivers/fsl_uart.o
 *fill*         0x00006c13        0x1 ff
 .rodata.UART_Init.str1.4
                0x00006c14       0xfb ./drivers/fsl_uart.o
 *fill*         0x00006d0f        0x1 ff
 .rodata.UART_GetDefaultConfig.str1.4
                0x00006d10       0x20 ./drivers/fsl_uart.o
 .rodata.UART_ReadBlocking.str1.4
                0x00006d30       0x1e ./drivers/fsl_uart.o
 *fill*         0x00006d4e        0x2 ff
 .rodata.s_UartAdapterBase
                0x00006d50       0x18 ./component/uart/fsl_adapter_uart.o
 .rodata.HAL_UartInit.str1.4
                0x00006d68       0xdd ./component/uart/fsl_adapter_uart.o
 *fill*         0x00006e45        0x3 ff
 .rodata.HAL_UartReceiveBlocking.str1.4
                0x00006e48       0x60 ./component/uart/fsl_adapter_uart.o
 .rodata.HAL_UartSendBlocking.str1.4
                0x00006ea8       0x60 ./component/uart/fsl_adapter_uart.o
 .rodata.mcgConfig_BOARD_BootClockRUN
                0x00006f08        0xb ./board/clock_config.o
                0x00006f08                mcgConfig_BOARD_BootClockRUN
 *fill*         0x00006f13        0x1 ff
 .rodata.simConfig_BOARD_BootClockRUN
                0x00006f14        0x8 ./board/clock_config.o
                0x00006f14                simConfig_BOARD_BootClockRUN
 .rodata.oscConfig_BOARD_BootClockRUN
                0x00006f1c        0x8 ./board/clock_config.o
                0x00006f1c                oscConfig_BOARD_BootClockRUN
 .rodata.__num_Ciob_streams
                0x00006f24        0x4 d:/nxp/mcuxpressoide_11.6.0_8187/ide/plugins/com.nxp.mcuxpresso.tools.win32_11.6.0.202112161359/tools/bin/../lib/gcc/arm-none-eabi/10.3.1/../../../../arm-none-eabi/lib/thumb/v7e-m+fp/hard\libcr_nohost_nf.a(__ciob.o)
                0x00006f24                __num_Ciob_streams
 .rodata._initio.str1.1
                0x00006f28        0x4 d:/nxp/mcuxpressoide_11.6.0_8187/ide/plugins/com.nxp.mcuxpresso.tools.win32_11.6.0.202112161359/tools/bin/../lib/gcc/arm-none-eabi/10.3.1/../../../../arm-none-eabi/lib/thumb/v7e-m+fp/hard\libcr_c.a(initio.o)
                0x00006f30                . = ALIGN (0x8)
 *fill*         0x00006f2c        0x4 ff
                0x00006f30                _etext = .

.glue_7         0x00006f30        0x0
 .glue_7        0x00006f30        0x0 linker stubs

.glue_7t        0x00006f30        0x0
 .glue_7t       0x00006f30        0x0 linker stubs

.vfp11_veneer   0x00006f30        0x0
 .vfp11_veneer  0x00006f30        0x0 linker stubs

.v4_bx          0x00006f30        0x0
 .v4_bx         0x00006f30        0x0 linker stubs

.iplt           0x00006f30        0x0
 .iplt          0x00006f30        0x0 ./utilities/fsl_assert.o

.rel.dyn        0x00006f30        0x0
 .rel.iplt      0x00006f30        0x0 ./utilities/fsl_assert.o

.m_usb_data
 *(SORT_BY_ALIGNMENT(m_usb_bdt))

.data_RAM2      0x1fff0000        0x0 load address 0x00006f30
 FILL mask 0xff
                [!provide]                PROVIDE (__start_data_RAM2 = .)
                [!provide]                PROVIDE (__start_data_SRAM_LOWER = .)
 *(SORT_BY_ALIGNMENT(.ramfunc.$RAM2))
 *(SORT_BY_ALIGNMENT(.ramfunc.$SRAM_LOWER))
 *(SORT_BY_ALIGNMENT(.data.$RAM2))
 *(SORT_BY_ALIGNMENT(.data.$SRAM_LOWER))
 *(SORT_BY_ALIGNMENT(.data.$RAM2.*))
 *(SORT_BY_ALIGNMENT(.data.$SRAM_LOWER.*))
                0x1fff0000                . = ALIGN (0x8)
                [!provide]                PROVIDE (__end_data_RAM2 = .)
                [!provide]                PROVIDE (__end_data_SRAM_LOWER = .)

.data_RAM3      0x14000000        0x0 load address 0x00006f30
 FILL mask 0xff
                [!provide]                PROVIDE (__start_data_RAM3 = .)
                [!provide]                PROVIDE (__start_data_FLEX_RAM = .)
 *(SORT_BY_ALIGNMENT(.ramfunc.$RAM3))
 *(SORT_BY_ALIGNMENT(.ramfunc.$FLEX_RAM))
 *(SORT_BY_ALIGNMENT(.data.$RAM3))
 *(SORT_BY_ALIGNMENT(.data.$FLEX_RAM))
 *(SORT_BY_ALIGNMENT(.data.$RAM3.*))
 *(SORT_BY_ALIGNMENT(.data.$FLEX_RAM.*))
                0x14000000                . = ALIGN (0x8)
                [!provide]                PROVIDE (__end_data_RAM3 = .)
                [!provide]                PROVIDE (__end_data_FLEX_RAM = .)

.uninit_RESERVED
                0x20000000        0x0
                0x20000000                _start_uninit_RESERVED = .
 *(SORT_BY_ALIGNMENT(.bss.$RESERVED*))
                0x20000000                . = ALIGN (0x8)
                0x20000000                _end_uninit_RESERVED = .

.data           0x20000000       0x18 load address 0x00006f30
 FILL mask 0xff
                0x20000000                _data = .
                [!provide]                PROVIDE (__start_data_RAM = .)
                [!provide]                PROVIDE (__start_data_SRAM_UPPER = .)
 *(SORT_BY_ALIGNMENT(vtable))
 *(SORT_BY_ALIGNMENT(.ramfunc*))
 *(SORT_BY_ALIGNMENT(CodeQuickAccess))
 *(SORT_BY_ALIGNMENT(DataQuickAccess))
 *(SORT_BY_ALIGNMENT(RamFunction))
 *(SORT_BY_ALIGNMENT(.data*))
 .data.flag     0x20000000        0x4 ./source/flexcan_loopback_host.o
                0x20000000                flag
 .data.uxCriticalNesting
                0x20000004        0x4 ./freertos/freertos_kernel/portable/GCC/ARM_CM4F/port.o
 .data.uxTopUsedPriority
                0x20000008        0x4 ./freertos/freertos_kernel/tasks.o
                0x20000008                uxTopUsedPriority
 .data.s_slowIrcFreq
                0x2000000c        0x4 ./drivers/fsl_clock.o
 .data.s_fastIrcFreq
                0x20000010        0x4 ./drivers/fsl_clock.o
 .data.SystemCoreClock
                0x20000014        0x4 ./device/system_MK64F12.o
                0x20000014                SystemCoreClock
                0x20000018                . = ALIGN (0x8)
                0x20000018                _edata = .
                [!provide]                PROVIDE (__end_data_RAM = .)
                [!provide]                PROVIDE (__end_data_SRAM_UPPER = .)

.igot.plt       0x20000018        0x0 load address 0x00006f48
 .igot.plt      0x20000018        0x0 ./utilities/fsl_assert.o

.bss_RAM2       0x1fff0000        0x0
                [!provide]                PROVIDE (__start_bss_RAM2 = .)
                [!provide]                PROVIDE (__start_bss_SRAM_LOWER = .)
 *(SORT_BY_ALIGNMENT(.bss.$RAM2))
 *(SORT_BY_ALIGNMENT(.bss.$SRAM_LOWER))
 *(SORT_BY_ALIGNMENT(.bss.$RAM2.*))
 *(SORT_BY_ALIGNMENT(.bss.$SRAM_LOWER.*))
                0x1fff0000                . = ALIGN ((. != 0x0)?0x8:0x1)
                [!provide]                PROVIDE (__end_bss_RAM2 = .)
                [!provide]                PROVIDE (__end_bss_SRAM_LOWER = .)

.bss_RAM3       0x14000000        0x0
                [!provide]                PROVIDE (__start_bss_RAM3 = .)
                [!provide]                PROVIDE (__start_bss_FLEX_RAM = .)
 *(SORT_BY_ALIGNMENT(.bss.$RAM3))
 *(SORT_BY_ALIGNMENT(.bss.$FLEX_RAM))
 *(SORT_BY_ALIGNMENT(.bss.$RAM3.*))
 *(SORT_BY_ALIGNMENT(.bss.$FLEX_RAM.*))
                0x14000000                . = ALIGN ((. != 0x0)?0x8:0x1)
                [!provide]                PROVIDE (__end_bss_RAM3 = .)
                [!provide]                PROVIDE (__end_bss_FLEX_RAM = .)

.bss            0x20000018     0x2af8
                0x20000018                _bss = .
                [!provide]                PROVIDE (__start_bss_RAM = .)
                [!provide]                PROVIDE (__start_bss_SRAM_UPPER = .)
 *(SORT_BY_ALIGNMENT(.bss*))
 .bss.s_debugConsole
                0x20000018       0x14 ./utilities/fsl_debug_console.o
 .bss.txFrame   0x2000002c       0x10 ./source/flexcan_loopback_host.o
                0x2000002c                txFrame
 .bss.rxFrame   0x2000003c       0x10 ./source/flexcan_loopback_host.o
                0x2000003c                rxFrame
 .bss.flexcanConfig
                0x2000004c       0x14 ./source/flexcan_loopback_host.o
                0x2000004c                flexcanConfig
 .bss.mbConfig  0x20000060        0x8 ./source/flexcan_loopback_host.o
                0x20000060                mbConfig
 .bss.xSoftwareTimer
                0x20000068        0x4 ./source/flexcan_loopback_host.o
                0x20000068                xSoftwareTimer
 .bss.xHardwareInitTask
                0x2000006c        0x4 ./source/flexcan_loopback_host.o
                0x2000006c                xHardwareInitTask
 .bss.ucHeap    0x20000070     0x2800 ./freertos/freertos_kernel/portable/MemMang/heap_4.o
 .bss.xStart    0x20002870        0x8 ./freertos/freertos_kernel/portable/MemMang/heap_4.o
 .bss.pxEnd     0x20002878        0x4 ./freertos/freertos_kernel/portable/MemMang/heap_4.o
 .bss.xFreeBytesRemaining
                0x2000287c        0x4 ./freertos/freertos_kernel/portable/MemMang/heap_4.o
 .bss.xMinimumEverFreeBytesRemaining
                0x20002880        0x4 ./freertos/freertos_kernel/portable/MemMang/heap_4.o
 .bss.xNumberOfSuccessfulAllocations
                0x20002884        0x4 ./freertos/freertos_kernel/portable/MemMang/heap_4.o
 .bss.xNumberOfSuccessfulFrees
                0x20002888        0x4 ./freertos/freertos_kernel/portable/MemMang/heap_4.o
 .bss.xBlockAllocatedBit
                0x2000288c        0x4 ./freertos/freertos_kernel/portable/MemMang/heap_4.o
 .bss.ulMaxPRIGROUPValue
                0x20002890        0x4 ./freertos/freertos_kernel/portable/GCC/ARM_CM4F/port.o
 .bss.xQueueRegistry
                0x20002894       0x40 ./freertos/freertos_kernel/queue.o
                0x20002894                xQueueRegistry
 .bss.pxCurrentTCB
                0x200028d4        0x4 ./freertos/freertos_kernel/tasks.o
                0x200028d4                pxCurrentTCB
 .bss.pxReadyTasksLists
                0x200028d8       0x64 ./freertos/freertos_kernel/tasks.o
 .bss.xDelayedTaskList1
                0x2000293c       0x14 ./freertos/freertos_kernel/tasks.o
 .bss.xDelayedTaskList2
                0x20002950       0x14 ./freertos/freertos_kernel/tasks.o
 .bss.pxDelayedTaskList
                0x20002964        0x4 ./freertos/freertos_kernel/tasks.o
 .bss.pxOverflowDelayedTaskList
                0x20002968        0x4 ./freertos/freertos_kernel/tasks.o
 .bss.xPendingReadyList
                0x2000296c       0x14 ./freertos/freertos_kernel/tasks.o
 .bss.xTasksWaitingTermination
                0x20002980       0x14 ./freertos/freertos_kernel/tasks.o
 .bss.uxDeletedTasksWaitingCleanUp
                0x20002994        0x4 ./freertos/freertos_kernel/tasks.o
 .bss.xSuspendedTaskList
                0x20002998       0x14 ./freertos/freertos_kernel/tasks.o
 .bss.uxCurrentNumberOfTasks
                0x200029ac        0x4 ./freertos/freertos_kernel/tasks.o
 .bss.xTickCount
                0x200029b0        0x4 ./freertos/freertos_kernel/tasks.o
 .bss.uxTopReadyPriority
                0x200029b4        0x4 ./freertos/freertos_kernel/tasks.o
 .bss.xSchedulerRunning
                0x200029b8        0x4 ./freertos/freertos_kernel/tasks.o
 .bss.xPendedTicks
                0x200029bc        0x4 ./freertos/freertos_kernel/tasks.o
 .bss.xYieldPending
                0x200029c0        0x4 ./freertos/freertos_kernel/tasks.o
 .bss.xNumOfOverflows
                0x200029c4        0x4 ./freertos/freertos_kernel/tasks.o
 .bss.uxTaskNumber
                0x200029c8        0x4 ./freertos/freertos_kernel/tasks.o
 .bss.xNextTaskUnblockTime
                0x200029cc        0x4 ./freertos/freertos_kernel/tasks.o
 .bss.xIdleTaskHandle
                0x200029d0        0x4 ./freertos/freertos_kernel/tasks.o
 .bss.uxSchedulerSuspended
                0x200029d4        0x4 ./freertos/freertos_kernel/tasks.o
 .bss.xActiveTimerList1
                0x200029d8       0x14 ./freertos/freertos_kernel/timers.o
 .bss.xActiveTimerList2
                0x200029ec       0x14 ./freertos/freertos_kernel/timers.o
 .bss.pxCurrentTimerList
                0x20002a00        0x4 ./freertos/freertos_kernel/timers.o
 .bss.pxOverflowTimerList
                0x20002a04        0x4 ./freertos/freertos_kernel/timers.o
 .bss.xTimerQueue
                0x20002a08        0x4 ./freertos/freertos_kernel/timers.o
 .bss.xTimerTaskHandle
                0x20002a0c        0x4 ./freertos/freertos_kernel/timers.o
 .bss.xLastTime.0
                0x20002a10        0x4 ./freertos/freertos_kernel/timers.o
 .bss.g_xtal0Freq
                0x20002a14        0x4 ./drivers/fsl_clock.o
                0x20002a14                g_xtal0Freq
 .bss.g_xtal32Freq
                0x20002a18        0x4 ./drivers/fsl_clock.o
                0x20002a18                g_xtal32Freq
 .bss.s_flexcanHandle
                0x20002a1c        0x4 ./drivers/fsl_flexcan.o
 .bss.s_flexcanIsr
                0x20002a20        0x4 ./drivers/fsl_flexcan.o
 .bss.s_i2cHandle
                0x20002a24        0xc ./drivers/fsl_i2c.o
 .bss.s_i2cMasterIsr
                0x20002a30        0x4 ./drivers/fsl_i2c.o
 .bss.s_i2cSlaveIsr
                0x20002a34        0x4 ./drivers/fsl_i2c.o
 .bss.s_uartHandle
                0x20002a38       0x18 ./drivers/fsl_uart.o
                0x20002a38                s_uartHandle
 .bss.s_uartIsr
                0x20002a50        0x4 ./drivers/fsl_uart.o
                0x20002a50                s_uartIsr
 .bss.errno     0x20002a54        0x4 d:/nxp/mcuxpressoide_11.6.0_8187/ide/plugins/com.nxp.mcuxpresso.tools.win32_11.6.0.202112161359/tools/bin/../lib/gcc/arm-none-eabi/10.3.1/../../../../arm-none-eabi/lib/thumb/v7e-m+fp/hard\libcr_c.a(errno.o)
                0x20002a54                errno
 .bss.__Ciob    0x20002a58       0xb4 d:/nxp/mcuxpressoide_11.6.0_8187/ide/plugins/com.nxp.mcuxpresso.tools.win32_11.6.0.202112161359/tools/bin/../lib/gcc/arm-none-eabi/10.3.1/../../../../arm-none-eabi/lib/thumb/v7e-m+fp/hard\libcr_nohost_nf.a(__ciob.o)
                0x20002a58                __Ciob
 .bss.rxComplete
                0x20002b0c        0x1 ./source/flexcan_loopback_host.o
                0x20002b0c                rxComplete
 .bss.ucMaxSysCallPriority
                0x20002b0d        0x1 ./freertos/freertos_kernel/portable/GCC/ARM_CM4F/port.o
 *(SORT_BY_ALIGNMENT(COMMON))
                0x20002b10                . = ALIGN (0x8)
 *fill*         0x20002b0e        0x2 
                0x20002b10                _ebss = .
                [!provide]                PROVIDE (__end_bss_RAM = .)
                [!provide]                PROVIDE (__end_bss_SRAM_UPPER = .)
                [!provide]                PROVIDE (end = .)

.noinit_RAM2    0x1fff0000        0x0
                [!provide]                PROVIDE (__start_noinit_RAM2 = .)
                [!provide]                PROVIDE (__start_noinit_SRAM_LOWER = .)
 *(SORT_BY_ALIGNMENT(.noinit.$RAM2))
 *(SORT_BY_ALIGNMENT(.noinit.$SRAM_LOWER))
 *(SORT_BY_ALIGNMENT(.noinit.$RAM2.*))
 *(SORT_BY_ALIGNMENT(.noinit.$SRAM_LOWER.*))
                0x1fff0000                . = ALIGN (0x8)
                [!provide]                PROVIDE (__end_noinit_RAM2 = .)
                [!provide]                PROVIDE (__end_noinit_SRAM_LOWER = .)

.noinit_RAM3    0x14000000        0x0
                [!provide]                PROVIDE (__start_noinit_RAM3 = .)
                [!provide]                PROVIDE (__start_noinit_FLEX_RAM = .)
 *(SORT_BY_ALIGNMENT(.noinit.$RAM3))
 *(SORT_BY_ALIGNMENT(.noinit.$FLEX_RAM))
 *(SORT_BY_ALIGNMENT(.noinit.$RAM3.*))
 *(SORT_BY_ALIGNMENT(.noinit.$FLEX_RAM.*))
                0x14000000                . = ALIGN (0x8)
                [!provide]                PROVIDE (__end_noinit_RAM3 = .)
                [!provide]                PROVIDE (__end_noinit_FLEX_RAM = .)

.noinit         0x20002b10        0x0
                0x20002b10                _noinit = .
                [!provide]                PROVIDE (__start_noinit_RAM = .)
                [!provide]                PROVIDE (__start_noinit_SRAM_UPPER = .)
 *(SORT_BY_ALIGNMENT(.noinit*))
                0x20002b10                . = ALIGN (0x8)
                0x20002b10                _end_noinit = .
                [!provide]                PROVIDE (__end_noinit_RAM = .)
                [!provide]                PROVIDE (__end_noinit_SRAM_UPPER = .)

.ARM.extab
 *(SORT_BY_ALIGNMENT(.ARM.extab*) SORT_BY_ALIGNMENT(.gnu.linkonce.armextab.*))

.ARM.exidx      0x00006f48        0x0
                0x00006f48                __exidx_start = .
 *(SORT_BY_ALIGNMENT(.ARM.exidx*) SORT_BY_ALIGNMENT(.gnu.linkonce.armexidx.*))
                0x00006f48                __exidx_end = .
                0x00001000                _HeapSize = 0x1000

.heap           0x20002b10     0x1000
                0x20002b10                _pvHeapStart = .
                0x20003b10                . = (. + _HeapSize)
 *fill*         0x20002b10     0x1000 
                0x20003b10                . = ALIGN (0x8)
                0x20003b10                _pvHeapLimit = .
                0x00001000                _StackSize = 0x1000

.heap2stackfill
                0x20003b10     0x1000
                0x20004b10                . = (. + _StackSize)
 *fill*         0x20003b10     0x1000 

.stack          0x2002f000        0x0
                0x2002f000                _vStackBase = .
                0x2002f000                . = ALIGN (0x8)
                0x20030000                _vStackTop = (. + _StackSize)
                0x00000000                _image_start = LOADADDR (.text)
                0x00006f48                _image_end = (LOADADDR (.data) + SIZEOF (.data))
                0x00006f48                _image_size = (_image_end - _image_start)
OUTPUT(frdmk64f_flexcan_loopback_HOST.axf elf32-littlearm)
LOAD linker stubs

.debug_info     0x00000000    0x1235b
 .debug_info    0x00000000       0xa3 ./utilities/fsl_assert.o
 .debug_info    0x000000a3      0xcaa ./utilities/fsl_debug_console.o
 .debug_info    0x00000d4d      0x93a ./startup/startup_mk64f12.o
 .debug_info    0x00001687     0x10d8 ./source/flexcan_loopback_host.o
 .debug_info    0x0000275f       0x3c ./source/semihost_hardfault.o
 .debug_info    0x0000279b      0x4c1 ./freertos/freertos_kernel/portable/MemMang/heap_4.o
 .debug_info    0x00002c5c      0x4d9 ./freertos/freertos_kernel/portable/GCC/ARM_CM4F/port.o
 .debug_info    0x00003135      0x2be ./freertos/freertos_kernel/list.o
 .debug_info    0x000033f3     0x1725 ./freertos/freertos_kernel/queue.o
 .debug_info    0x00004b18     0x21a8 ./freertos/freertos_kernel/tasks.o
 .debug_info    0x00006cc0      0xe72 ./freertos/freertos_kernel/timers.o
 .debug_info    0x00007b32     0x21c3 ./drivers/fsl_clock.o
 .debug_info    0x00009cf5     0x24ba ./drivers/fsl_flexcan.o
 .debug_info    0x0000c1af     0x1e92 ./drivers/fsl_i2c.o
 .debug_info    0x0000e041     0x1f90 ./drivers/fsl_uart.o
 .debug_info    0x0000ffd1      0x649 ./device/system_MK64F12.o
 .debug_info    0x0001061a      0xa85 ./component/uart/fsl_adapter_uart.o
 .debug_info    0x0001109f       0xbd ./board/board.o
 .debug_info    0x0001115c      0xbd9 ./board/clock_config.o
 .debug_info    0x00011d35      0x626 ./board/pin_mux.o

.debug_abbrev   0x00000000     0x28ff
 .debug_abbrev  0x00000000       0x66 ./utilities/fsl_assert.o
 .debug_abbrev  0x00000066      0x24b ./utilities/fsl_debug_console.o
 .debug_abbrev  0x000002b1      0x185 ./startup/startup_mk64f12.o
 .debug_abbrev  0x00000436      0x2f6 ./source/flexcan_loopback_host.o
 .debug_abbrev  0x0000072c       0x31 ./source/semihost_hardfault.o
 .debug_abbrev  0x0000075d      0x1d7 ./freertos/freertos_kernel/portable/MemMang/heap_4.o
 .debug_abbrev  0x00000934      0x231 ./freertos/freertos_kernel/portable/GCC/ARM_CM4F/port.o
 .debug_abbrev  0x00000b65       0xf2 ./freertos/freertos_kernel/list.o
 .debug_abbrev  0x00000c57      0x278 ./freertos/freertos_kernel/queue.o
 .debug_abbrev  0x00000ecf      0x2d7 ./freertos/freertos_kernel/tasks.o
 .debug_abbrev  0x000011a6      0x24b ./freertos/freertos_kernel/timers.o
 .debug_abbrev  0x000013f1      0x359 ./drivers/fsl_clock.o
 .debug_abbrev  0x0000174a      0x2f1 ./drivers/fsl_flexcan.o
 .debug_abbrev  0x00001a3b      0x363 ./drivers/fsl_i2c.o
 .debug_abbrev  0x00001d9e      0x42e ./drivers/fsl_uart.o
 .debug_abbrev  0x000021cc      0x148 ./device/system_MK64F12.o
 .debug_abbrev  0x00002314      0x1c9 ./component/uart/fsl_adapter_uart.o
 .debug_abbrev  0x000024dd       0x85 ./board/board.o
 .debug_abbrev  0x00002562      0x214 ./board/clock_config.o
 .debug_abbrev  0x00002776      0x189 ./board/pin_mux.o

.debug_aranges  0x00000000     0x1190
 .debug_aranges
                0x00000000       0x20 ./utilities/fsl_assert.o
 .debug_aranges
                0x00000020       0x78 ./utilities/fsl_debug_console.o
 .debug_aranges
                0x00000098      0x330 ./startup/startup_mk64f12.o
 .debug_aranges
                0x000003c8       0x68 ./source/flexcan_loopback_host.o
 .debug_aranges
                0x00000430       0x20 ./source/semihost_hardfault.o
 .debug_aranges
                0x00000450       0x58 ./freertos/freertos_kernel/portable/MemMang/heap_4.o
 .debug_aranges
                0x000004a8       0x80 ./freertos/freertos_kernel/portable/GCC/ARM_CM4F/port.o
 .debug_aranges
                0x00000528       0x40 ./freertos/freertos_kernel/list.o
 .debug_aranges
                0x00000568      0x130 ./freertos/freertos_kernel/queue.o
 .debug_aranges
                0x00000698      0x208 ./freertos/freertos_kernel/tasks.o
 .debug_aranges
                0x000008a0       0xe8 ./freertos/freertos_kernel/timers.o
 .debug_aranges
                0x00000988      0x1f8 ./drivers/fsl_clock.o
 .debug_aranges
                0x00000b80      0x1a8 ./drivers/fsl_flexcan.o
 .debug_aranges
                0x00000d28      0x180 ./drivers/fsl_i2c.o
 .debug_aranges
                0x00000ea8      0x1b8 ./drivers/fsl_uart.o
 .debug_aranges
                0x00001060       0x30 ./device/system_MK64F12.o
 .debug_aranges
                0x00001090       0x50 ./component/uart/fsl_adapter_uart.o
 .debug_aranges
                0x000010e0       0x20 ./board/board.o
 .debug_aranges
                0x00001100       0x58 ./board/clock_config.o
 .debug_aranges
                0x00001158       0x38 ./board/pin_mux.o

.debug_ranges   0x00000000     0x1068
 .debug_ranges  0x00000000       0x10 ./utilities/fsl_assert.o
 .debug_ranges  0x00000010       0x68 ./utilities/fsl_debug_console.o
 .debug_ranges  0x00000078      0x320 ./startup/startup_mk64f12.o
 .debug_ranges  0x00000398       0x58 ./source/flexcan_loopback_host.o
 .debug_ranges  0x000003f0       0x10 ./source/semihost_hardfault.o
 .debug_ranges  0x00000400       0x48 ./freertos/freertos_kernel/portable/MemMang/heap_4.o
 .debug_ranges  0x00000448       0x70 ./freertos/freertos_kernel/portable/GCC/ARM_CM4F/port.o
 .debug_ranges  0x000004b8       0x30 ./freertos/freertos_kernel/list.o
 .debug_ranges  0x000004e8      0x120 ./freertos/freertos_kernel/queue.o
 .debug_ranges  0x00000608      0x1f8 ./freertos/freertos_kernel/tasks.o
 .debug_ranges  0x00000800       0xd8 ./freertos/freertos_kernel/timers.o
 .debug_ranges  0x000008d8      0x1e8 ./drivers/fsl_clock.o
 .debug_ranges  0x00000ac0      0x1b0 ./drivers/fsl_flexcan.o
 .debug_ranges  0x00000c70      0x170 ./drivers/fsl_i2c.o
 .debug_ranges  0x00000de0      0x1a8 ./drivers/fsl_uart.o
 .debug_ranges  0x00000f88       0x20 ./device/system_MK64F12.o
 .debug_ranges  0x00000fa8       0x40 ./component/uart/fsl_adapter_uart.o
 .debug_ranges  0x00000fe8       0x10 ./board/board.o
 .debug_ranges  0x00000ff8       0x48 ./board/clock_config.o
 .debug_ranges  0x00001040       0x28 ./board/pin_mux.o

.debug_macro    0x00000000    0x150e3
 .debug_macro   0x00000000      0x123 ./utilities/fsl_assert.o
 .debug_macro   0x00000123      0xac0 ./utilities/fsl_assert.o
 .debug_macro   0x00000be3       0x10 ./utilities/fsl_assert.o
 .debug_macro   0x00000bf3       0x1c ./utilities/fsl_assert.o
 .debug_macro   0x00000c0f       0x22 ./utilities/fsl_assert.o
 .debug_macro   0x00000c31      0x12e ./utilities/fsl_assert.o
 .debug_macro   0x00000d5f      0x5b3 ./utilities/fsl_assert.o
 .debug_macro   0x00001312       0x22 ./utilities/fsl_assert.o
 .debug_macro   0x00001334       0x10 ./utilities/fsl_assert.o
 .debug_macro   0x00001344       0x58 ./utilities/fsl_assert.o
 .debug_macro   0x0000139c       0x1c ./utilities/fsl_assert.o
 .debug_macro   0x000013b8       0x22 ./utilities/fsl_assert.o
 .debug_macro   0x000013da       0xfb ./utilities/fsl_assert.o
 .debug_macro   0x000014d5      0xeeb ./utilities/fsl_assert.o
 .debug_macro   0x000023c0       0x40 ./utilities/fsl_assert.o
 .debug_macro   0x00002400     0xec5f ./utilities/fsl_assert.o
 .debug_macro   0x0001105f     0x12e8 ./utilities/fsl_assert.o
 .debug_macro   0x00012347       0x7a ./utilities/fsl_assert.o
 .debug_macro   0x000123c1       0xa8 ./utilities/fsl_assert.o
 .debug_macro   0x00012469      0x174 ./utilities/fsl_assert.o
 .debug_macro   0x000125dd       0x1c ./utilities/fsl_assert.o
 .debug_macro   0x000125f9       0x1c ./utilities/fsl_assert.o
 .debug_macro   0x00012615       0x2e ./utilities/fsl_assert.o
 .debug_macro   0x00012643      0x19b ./utilities/fsl_debug_console.o
 .debug_macro   0x000127de       0x16 ./utilities/fsl_debug_console.o
 .debug_macro   0x000127f4       0x10 ./utilities/fsl_debug_console.o
 .debug_macro   0x00012804       0x28 ./utilities/fsl_debug_console.o
 .debug_macro   0x0001282c       0xc4 ./utilities/fsl_debug_console.o
 .debug_macro   0x000128f0       0x16 ./utilities/fsl_debug_console.o
 .debug_macro   0x00012906       0x16 ./utilities/fsl_debug_console.o
 .debug_macro   0x0001291c      0x1a6 ./utilities/fsl_debug_console.o
 .debug_macro   0x00012ac2      0x15a ./utilities/fsl_debug_console.o
 .debug_macro   0x00012c1c       0xea ./utilities/fsl_debug_console.o
 .debug_macro   0x00012d06       0x1c ./utilities/fsl_debug_console.o
 .debug_macro   0x00012d22       0x26 ./utilities/fsl_debug_console.o
 .debug_macro   0x00012d48      0x45d ./utilities/fsl_debug_console.o
 .debug_macro   0x000131a5       0x40 ./utilities/fsl_debug_console.o
 .debug_macro   0x000131e5       0x29 ./startup/startup_mk64f12.o
 .debug_macro   0x0001320e      0x22b ./source/flexcan_loopback_host.o
 .debug_macro   0x00013439       0xee ./source/flexcan_loopback_host.o
 .debug_macro   0x00013527       0x10 ./source/flexcan_loopback_host.o
 .debug_macro   0x00013537       0x1c ./source/flexcan_loopback_host.o
 .debug_macro   0x00013553       0x16 ./source/flexcan_loopback_host.o
 .debug_macro   0x00013569       0x16 ./source/flexcan_loopback_host.o
 .debug_macro   0x0001357f      0x1ab ./source/flexcan_loopback_host.o
 .debug_macro   0x0001372a       0x10 ./source/flexcan_loopback_host.o
 .debug_macro   0x0001373a       0xb5 ./source/flexcan_loopback_host.o
 .debug_macro   0x000137ef      0x120 ./source/flexcan_loopback_host.o
 .debug_macro   0x0001390f       0x91 ./source/flexcan_loopback_host.o
 .debug_macro   0x000139a0       0x11 ./source/semihost_hardfault.o
 .debug_macro   0x000139b1       0xdf ./freertos/freertos_kernel/portable/MemMang/heap_4.o
 .debug_macro   0x00013a90      0x1a6 ./freertos/freertos_kernel/portable/MemMang/heap_4.o
 .debug_macro   0x00013c36      0x179 ./freertos/freertos_kernel/portable/GCC/ARM_CM4F/port.o
 .debug_macro   0x00013daf       0x16 ./freertos/freertos_kernel/portable/GCC/ARM_CM4F/port.o
 .debug_macro   0x00013dc5       0xc4 ./freertos/freertos_kernel/list.o
 .debug_macro   0x00013e89      0x12b ./freertos/freertos_kernel/queue.o
 .debug_macro   0x00013fb4       0x80 ./freertos/freertos_kernel/queue.o
 .debug_macro   0x00014034      0x188 ./freertos/freertos_kernel/tasks.o
 .debug_macro   0x000141bc       0x10 ./freertos/freertos_kernel/tasks.o
 .debug_macro   0x000141cc      0x10d ./freertos/freertos_kernel/timers.o
 .debug_macro   0x000142d9       0x97 ./freertos/freertos_kernel/timers.o
 .debug_macro   0x00014370      0x1d8 ./drivers/fsl_clock.o
 .debug_macro   0x00014548      0x247 ./drivers/fsl_flexcan.o
 .debug_macro   0x0001478f       0xe8 ./drivers/fsl_flexcan.o
 .debug_macro   0x00014877      0x121 ./drivers/fsl_i2c.o
 .debug_macro   0x00014998       0x1c ./drivers/fsl_i2c.o
 .debug_macro   0x000149b4      0x127 ./drivers/fsl_uart.o
 .debug_macro   0x00014adb       0x10 ./drivers/fsl_uart.o
 .debug_macro   0x00014aeb       0x98 ./device/system_MK64F12.o
 .debug_macro   0x00014b83      0x170 ./component/uart/fsl_adapter_uart.o
 .debug_macro   0x00014cf3       0x16 ./component/uart/fsl_adapter_uart.o
 .debug_macro   0x00014d09      0x153 ./board/board.o
 .debug_macro   0x00014e5c       0x16 ./board/board.o
 .debug_macro   0x00014e72      0x153 ./board/clock_config.o
 .debug_macro   0x00014fc5      0x11e ./board/pin_mux.o

.debug_line     0x00000000     0xdf26
 .debug_line    0x00000000      0x41b ./utilities/fsl_assert.o
 .debug_line    0x0000041b      0xf1c ./utilities/fsl_debug_console.o
 .debug_line    0x00001337      0x911 ./startup/startup_mk64f12.o
 .debug_line    0x00001c48      0x9a2 ./source/flexcan_loopback_host.o
 .debug_line    0x000025ea       0x59 ./source/semihost_hardfault.o
 .debug_line    0x00002643      0x726 ./freertos/freertos_kernel/portable/MemMang/heap_4.o
 .debug_line    0x00002d69      0x704 ./freertos/freertos_kernel/portable/GCC/ARM_CM4F/port.o
 .debug_line    0x0000346d      0x4db ./freertos/freertos_kernel/list.o
 .debug_line    0x00003948     0x1361 ./freertos/freertos_kernel/queue.o
 .debug_line    0x00004ca9     0x1a93 ./freertos/freertos_kernel/tasks.o
 .debug_line    0x0000673c      0xac5 ./freertos/freertos_kernel/timers.o
 .debug_line    0x00007201     0x1538 ./drivers/fsl_clock.o
 .debug_line    0x00008739     0x1480 ./drivers/fsl_flexcan.o
 .debug_line    0x00009bb9     0x1425 ./drivers/fsl_i2c.o
 .debug_line    0x0000afde     0x1512 ./drivers/fsl_uart.o
 .debug_line    0x0000c4f0      0x417 ./device/system_MK64F12.o
 .debug_line    0x0000c907      0x7df ./component/uart/fsl_adapter_uart.o
 .debug_line    0x0000d0e6      0x4c7 ./board/board.o
 .debug_line    0x0000d5ad      0x4f9 ./board/clock_config.o
 .debug_line    0x0000daa6      0x480 ./board/pin_mux.o

.debug_str      0x00000000    0x8c620
 .debug_str     0x00000000    0x79e84 ./utilities/fsl_assert.o
                              0x79f0f (size before relaxing)
 .debug_str     0x00079e84     0x47fc ./utilities/fsl_debug_console.o
                              0x7e79d (size before relaxing)
 .debug_str     0x0007e680      0x791 ./startup/startup_mk64f12.o
                               0x3691 (size before relaxing)
 .debug_str     0x0007ee11     0x4aef ./source/flexcan_loopback_host.o
                              0x8269a (size before relaxing)
 .debug_str     0x00083900       0x1f ./source/semihost_hardfault.o
                               0x2e36 (size before relaxing)
 .debug_str     0x0008391f      0x3ba ./freertos/freertos_kernel/portable/MemMang/heap_4.o
                               0x9555 (size before relaxing)
 .debug_str     0x00083cd9      0x840 ./freertos/freertos_kernel/portable/GCC/ARM_CM4F/port.o
                               0x99ef (size before relaxing)
 .debug_str     0x00084519      0x122 ./freertos/freertos_kernel/list.o
                               0x80d4 (size before relaxing)
 .debug_str     0x0008463b      0xfac ./freertos/freertos_kernel/queue.o
                               0xa336 (size before relaxing)
 .debug_str     0x000855e7     0x146d ./freertos/freertos_kernel/tasks.o
                               0xb0d0 (size before relaxing)
 .debug_str     0x00086a54      0x5c3 ./freertos/freertos_kernel/timers.o
                               0xa83d (size before relaxing)
 .debug_str     0x00087017     0x1c91 ./drivers/fsl_clock.o
                              0x7c58d (size before relaxing)
 .debug_str     0x00088ca8     0x175a ./drivers/fsl_flexcan.o
                              0x7da75 (size before relaxing)
 .debug_str     0x0008a402      0xc98 ./drivers/fsl_i2c.o
                              0x7bc7c (size before relaxing)
 .debug_str     0x0008b09a      0xe29 ./drivers/fsl_uart.o
                              0x7bec7 (size before relaxing)
 .debug_str     0x0008bec3      0x10f ./device/system_MK64F12.o
                              0x78476 (size before relaxing)
 .debug_str     0x0008bfd2       0xe9 ./component/uart/fsl_adapter_uart.o
                              0x7e03b (size before relaxing)
 .debug_str     0x0008c0bb       0x37 ./board/board.o
                              0x7ac05 (size before relaxing)
 .debug_str     0x0008c0f2      0x3b7 ./board/clock_config.o
                              0x7aee5 (size before relaxing)
 .debug_str     0x0008c4a9      0x177 ./board/pin_mux.o
                              0x7a2ca (size before relaxing)

.comment        0x00000000       0x49
 .comment       0x00000000       0x49 ./utilities/fsl_assert.o
                                 0x4a (size before relaxing)
 .comment       0x00000049       0x4a ./utilities/fsl_debug_console.o
 .comment       0x00000049       0x4a ./startup/startup_mk64f12.o
 .comment       0x00000049       0x4a ./source/flexcan_loopback_host.o
 .comment       0x00000049       0x4a ./source/semihost_hardfault.o
 .comment       0x00000049       0x4a ./freertos/freertos_kernel/portable/MemMang/heap_4.o
 .comment       0x00000049       0x4a ./freertos/freertos_kernel/portable/GCC/ARM_CM4F/port.o
 .comment       0x00000049       0x4a ./freertos/freertos_kernel/list.o
 .comment       0x00000049       0x4a ./freertos/freertos_kernel/queue.o
 .comment       0x00000049       0x4a ./freertos/freertos_kernel/tasks.o
 .comment       0x00000049       0x4a ./freertos/freertos_kernel/timers.o
 .comment       0x00000049       0x4a ./drivers/fsl_clock.o
 .comment       0x00000049       0x4a ./drivers/fsl_flexcan.o
 .comment       0x00000049       0x4a ./drivers/fsl_i2c.o
 .comment       0x00000049       0x4a ./drivers/fsl_uart.o
 .comment       0x00000049       0x4a ./device/system_MK64F12.o
 .comment       0x00000049       0x4a ./component/uart/fsl_adapter_uart.o
 .comment       0x00000049       0x4a ./board/board.o